Component: ARM Compiler 5.06 update 6 (build 750) Tool: armlink [4d35ed]

==============================================================================

Section Cross References

    main.o(i.main) refers to hal_gpio_nrf.o(i.hal_gpio_iniciar) for hal_gpio_iniciar
    main.o(i.main) refers to drv_leds.o(i.drv_leds_iniciar) for drv_leds_iniciar
    main.o(i.main) refers to drv_tiempo.o(i.drv_tiempo_iniciar) for drv_tiempo_iniciar
    main.o(i.main) refers to rt_fifo.o(i.rt_FIFO_inicializar) for rt_FIFO_inicializar
    main.o(i.main) refers to rt_ge.o(i.rt_GE_iniciar) for rt_GE_iniciar
    main.o(i.main) refers to svc_alarma.o(i.svc_alarma_iniciar) for svc_alarma_iniciar
    main.o(i.main) refers to drv_botones.o(i.drv_botones_iniciar) for drv_botones_iniciar
    main.o(i.main) refers to random.o(i.random_init) for random_init
    main.o(i.main) refers to random.o(i.random_generate) for random_generate
    main.o(i.main) refers to rt_ge.o(i.svc_GE_suscribir) for svc_GE_suscribir
    main.o(i.main) refers to main.o(i.simon) for simon
    main.o(i.main) refers to rt_ge.o(i.rt_GE_lanzador) for rt_GE_lanzador
    main.o(i.main) refers to main.o(.data) for .data
    main.o(i.main) refers to rt_fifo.o(i.rt_FIFO_encolar_USR) for rt_FIFO_encolar_USR
    main.o(i.main) refers to rt_fifo.o(i.rt_FIFO_encolar) for rt_FIFO_encolar
    main.o(i.main) refers to main.o(.bss) for .bss
    main.o(i.simon) refers to drv_leds.o(i.drv_led_encender) for drv_led_encender
    main.o(i.simon) refers to drv_tiempo.o(i.drv_tiempo_esperar_ms) for drv_tiempo_esperar_ms
    main.o(i.simon) refers to drv_leds.o(i.drv_led_apagar) for drv_led_apagar
    main.o(i.simon) refers to svc_alarma.o(i.svc_alarma_activar) for svc_alarma_activar
    main.o(i.simon) refers to main.o(.data) for .data
    main.o(i.simon) refers to main.o(.bss) for .bss
    drv_leds.o(i.drv_led_apagar) refers to hal_gpio_nrf.o(i.hal_gpio_escribir) for hal_gpio_escribir
    drv_leds.o(i.drv_led_apagar) refers to drv_leds.o(.constdata) for .constdata
    drv_leds.o(i.drv_led_conmutar) refers to hal_gpio_nrf.o(i.hal_gpio_leer) for hal_gpio_leer
    drv_leds.o(i.drv_led_conmutar) refers to hal_gpio_nrf.o(i.hal_gpio_escribir) for hal_gpio_escribir
    drv_leds.o(i.drv_led_conmutar) refers to drv_leds.o(.constdata) for .constdata
    drv_leds.o(i.drv_led_encender) refers to hal_gpio_nrf.o(i.hal_gpio_escribir) for hal_gpio_escribir
    drv_leds.o(i.drv_led_encender) refers to drv_leds.o(.constdata) for .constdata
    drv_leds.o(i.drv_leds_iniciar) refers to hal_gpio_nrf.o(i.hal_gpio_sentido) for hal_gpio_sentido
    drv_leds.o(i.drv_leds_iniciar) refers to hal_gpio_nrf.o(i.hal_gpio_escribir) for hal_gpio_escribir
    drv_leds.o(i.drv_leds_iniciar) refers to drv_leds.o(.constdata) for .constdata
    drv_tiempo.o(i.drv_tiempo_actual_ms) refers to hal_tiempo_nrf.o(i.hal_tiempo_actual_tick) for hal_tiempo_actual_tick
    drv_tiempo.o(i.drv_tiempo_actual_ms) refers to uldiv.o(.text) for __aeabi_uldivmod
    drv_tiempo.o(i.drv_tiempo_actual_ms) refers to drv_tiempo.o(.data) for .data
    drv_tiempo.o(i.drv_tiempo_actual_us) refers to hal_tiempo_nrf.o(i.hal_tiempo_actual_tick) for hal_tiempo_actual_tick
    drv_tiempo.o(i.drv_tiempo_actual_us) refers to uldiv.o(.text) for __aeabi_uldivmod
    drv_tiempo.o(i.drv_tiempo_actual_us) refers to drv_tiempo.o(.data) for .data
    drv_tiempo.o(i.drv_tiempo_esperar_hasta_ms) refers to hal_tiempo_nrf.o(i.hal_tiempo_actual_tick) for hal_tiempo_actual_tick
    drv_tiempo.o(i.drv_tiempo_esperar_hasta_ms) refers to uldiv.o(.text) for __aeabi_uldivmod
    drv_tiempo.o(i.drv_tiempo_esperar_hasta_ms) refers to drv_tiempo.o(.data) for .data
    drv_tiempo.o(i.drv_tiempo_esperar_ms) refers to uldiv.o(.text) for __aeabi_uldivmod
    drv_tiempo.o(i.drv_tiempo_esperar_ms) refers to hal_tiempo_nrf.o(i.hal_tiempo_actual_tick) for hal_tiempo_actual_tick
    drv_tiempo.o(i.drv_tiempo_esperar_ms) refers to drv_tiempo.o(.data) for .data
    drv_tiempo.o(i.drv_tiempo_iniciar) refers to hal_tiempo_nrf.o(i.hal_tiempo_iniciar_tick) for hal_tiempo_iniciar_tick
    drv_tiempo.o(i.drv_tiempo_iniciar) refers to drv_tiempo.o(.data) for .data
    drv_tiempo.o(i.drv_tiempo_periodico_ms) refers to hal_tiempo_nrf.o(i.hal_tiempo_reloj_periodico_tick) for hal_tiempo_reloj_periodico_tick
    drv_tiempo.o(i.drv_tiempo_periodico_ms) refers to drv_tiempo.o(.data) for .data
    drv_tiempo.o(i.drv_tiempo_periodico_ms) refers to drv_tiempo.o(i.interna_callback) for interna_callback
    drv_tiempo.o(i.interna_callback) refers to hal_tiempo_nrf.o(i.hal_tiempo_actual_tick) for hal_tiempo_actual_tick
    drv_tiempo.o(i.interna_callback) refers to uldiv.o(.text) for __aeabi_uldivmod
    drv_tiempo.o(i.interna_callback) refers to drv_tiempo.o(.data) for .data
    drv_consumo.o(i.drv_consumo_dormir) refers to hal_consumo_nrf.o(i.hal_consumo_dormir) for hal_consumo_dormir
    drv_consumo.o(i.drv_consumo_esperar) refers to drv_monitor.o(i.drv_monitor_desmarcar) for drv_monitor_desmarcar
    drv_consumo.o(i.drv_consumo_esperar) refers to hal_consumo_nrf.o(i.hal_consumo_esperar) for hal_consumo_esperar
    drv_consumo.o(i.drv_consumo_esperar) refers to drv_monitor.o(i.drv_monitor_marcar) for drv_monitor_marcar
    drv_consumo.o(i.drv_consumo_iniciar) refers to hal_consumo_nrf.o(i.hal_consumo_iniciar) for hal_consumo_iniciar
    drv_consumo.o(i.drv_consumo_iniciar) refers to drv_monitor.o(i.drv_monitor_iniciar) for drv_monitor_iniciar
    drv_monitor.o(i.drv_monitor_desmarcar) refers to hal_gpio_nrf.o(i.hal_gpio_escribir) for hal_gpio_escribir
    drv_monitor.o(i.drv_monitor_desmarcar) refers to drv_monitor.o(.constdata) for .constdata
    drv_monitor.o(i.drv_monitor_iniciar) refers to hal_gpio_nrf.o(i.hal_gpio_sentido) for hal_gpio_sentido
    drv_monitor.o(i.drv_monitor_iniciar) refers to hal_gpio_nrf.o(i.hal_gpio_escribir) for hal_gpio_escribir
    drv_monitor.o(i.drv_monitor_iniciar) refers to drv_monitor.o(.constdata) for .constdata
    drv_monitor.o(i.drv_monitor_marcar) refers to hal_gpio_nrf.o(i.hal_gpio_escribir) for hal_gpio_escribir
    drv_monitor.o(i.drv_monitor_marcar) refers to drv_monitor.o(.constdata) for .constdata
    rt_fifo.o(i.rt_FIFO_encolar) refers to drv_monitor.o(i.drv_monitor_marcar) for drv_monitor_marcar
    rt_fifo.o(i.rt_FIFO_encolar) refers to drv_tiempo.o(i.drv_tiempo_actual_ms) for drv_tiempo_actual_ms
    rt_fifo.o(i.rt_FIFO_encolar) refers to rt_fifo.o(.bss) for .bss
    rt_fifo.o(i.rt_FIFO_encolar_USR) refers to concurrencia.o(i.SC_entrar_disable_irq) for SC_entrar_disable_irq
    rt_fifo.o(i.rt_FIFO_encolar_USR) refers to drv_monitor.o(i.drv_monitor_marcar) for drv_monitor_marcar
    rt_fifo.o(i.rt_FIFO_encolar_USR) refers to drv_tiempo.o(i.drv_tiempo_actual_ms) for drv_tiempo_actual_ms
    rt_fifo.o(i.rt_FIFO_encolar_USR) refers to concurrencia.o(i.SC_salir_enable_irq) for SC_salir_enable_irq
    rt_fifo.o(i.rt_FIFO_encolar_USR) refers to rt_fifo.o(.bss) for .bss
    rt_fifo.o(i.rt_FIFO_estadisticas) refers to rt_fifo.o(.bss) for .bss
    rt_fifo.o(i.rt_FIFO_extraer) refers to rt_fifo.o(.bss) for .bss
    rt_fifo.o(i.rt_FIFO_inicializar) refers to rt_fifo.o(.bss) for .bss
    svc_alarma.o(i.svc_alarma_activar) refers to drv_monitor.o(i.drv_monitor_marcar) for drv_monitor_marcar
    svc_alarma.o(i.svc_alarma_activar) refers to svc_alarma.o(.bss) for .bss
    svc_alarma.o(i.svc_alarma_activar) refers to svc_alarma.o(.data) for .data
    svc_alarma.o(i.svc_alarma_iniciar) refers to rt_ge.o(i.svc_GE_suscribir) for svc_GE_suscribir
    svc_alarma.o(i.svc_alarma_iniciar) refers to drv_tiempo.o(i.drv_tiempo_periodico_ms) for drv_tiempo_periodico_ms
    svc_alarma.o(i.svc_alarma_iniciar) refers to svc_alarma.o(.data) for .data
    svc_alarma.o(i.svc_alarma_iniciar) refers to svc_alarma.o(i.svc_alarma_tratar) for svc_alarma_tratar
    svc_alarma.o(i.svc_alarma_iniciar) refers to svc_alarma.o(.bss) for .bss
    svc_alarma.o(i.svc_alarma_tratar) refers to svc_alarma.o(.data) for .data
    svc_alarma.o(i.svc_alarma_tratar) refers to svc_alarma.o(.bss) for .bss
    rt_ge.o(i.rt_GE_iniciar) refers to drv_monitor.o(i.drv_monitor_marcar) for drv_monitor_marcar
    rt_ge.o(i.rt_GE_iniciar) refers to rt_ge.o(.bss) for .bss
    rt_ge.o(i.rt_GE_iniciar) refers to rt_ge.o(i.rt_GE_tratar) for rt_GE_tratar
    rt_ge.o(i.rt_GE_iniciar) refers to rt_ge.o(.data) for .data
    rt_ge.o(i.rt_GE_lanzador) refers to svc_alarma.o(i.svc_alarma_activar) for svc_alarma_activar
    rt_ge.o(i.rt_GE_lanzador) refers to rt_fifo.o(i.rt_FIFO_extraer) for rt_FIFO_extraer
    rt_ge.o(i.rt_GE_lanzador) refers to drv_consumo.o(i.drv_consumo_esperar) for drv_consumo_esperar
    rt_ge.o(i.rt_GE_lanzador) refers to rt_ge.o(.bss) for .bss
    rt_ge.o(i.rt_GE_tratar) refers to drv_consumo.o(i.drv_consumo_dormir) for drv_consumo_dormir
    rt_ge.o(i.svc_GE_cancelar) refers to rt_ge.o(.bss) for .bss
    rt_ge.o(i.svc_GE_suscribir) refers to drv_monitor.o(i.drv_monitor_marcar) for drv_monitor_marcar
    rt_ge.o(i.svc_GE_suscribir) refers to rt_ge.o(.bss) for .bss
    rt_ge.o(i.svc_GE_suscribir) refers to rt_ge.o(.data) for .data
    drv_botones.o(i.drv_botones_iniciar) refers to hal_gpio_nrf.o(i.hal_gpio_sentido) for hal_gpio_sentido
    drv_botones.o(i.drv_botones_iniciar) refers to hal_ext_int_nrf.o(i.hal_ext_int_iniciar) for hal_ext_int_iniciar
    drv_botones.o(i.drv_botones_iniciar) refers to hal_ext_int_nrf.o(i.hal_ext_int_habilitar_despertar) for hal_ext_int_habilitar_despertar
    drv_botones.o(i.drv_botones_iniciar) refers to rt_ge.o(i.svc_GE_suscribir) for svc_GE_suscribir
    drv_botones.o(i.drv_botones_iniciar) refers to drv_botones.o(.data) for .data
    drv_botones.o(i.drv_botones_iniciar) refers to drv_botones.o(.constdata) for .constdata
    drv_botones.o(i.drv_botones_iniciar) refers to drv_botones.o(.bss) for .bss
    drv_botones.o(i.drv_botones_iniciar) refers to drv_botones.o(i.drv_cb_desde_hal) for drv_cb_desde_hal
    drv_botones.o(i.drv_botones_iniciar) refers to drv_botones.o(i.drv_botones_tratar) for drv_botones_tratar
    drv_botones.o(i.drv_botones_tratar) refers to hal_ext_int_nrf.o(i.hal_ext_int_habilitar_int) for hal_ext_int_habilitar_int
    drv_botones.o(i.drv_botones_tratar) refers to svc_alarma.o(i.svc_alarma_activar) for svc_alarma_activar
    drv_botones.o(i.drv_botones_tratar) refers to hal_gpio_nrf.o(i.hal_gpio_leer) for hal_gpio_leer
    drv_botones.o(i.drv_botones_tratar) refers to drv_botones.o(.constdata) for .constdata
    drv_botones.o(i.drv_botones_tratar) refers to drv_botones.o(.bss) for .bss
    drv_botones.o(i.drv_botones_tratar) refers to drv_botones.o(.data) for .data
    drv_botones.o(i.drv_cb_desde_hal) refers to drv_botones.o(.data) for .data
    random.o(i.random_generate) refers to random.o(.data) for .data
    random.o(i.random_init) refers to random.o(.data) for .data
    hal_tiempo_nrf.o(i.TIMER0_IRQHandler) refers to hal_tiempo_nrf.o(.data) for .data
    hal_tiempo_nrf.o(i.TIMER1_IRQHandler) refers to hal_tiempo_nrf.o(.data) for .data
    hal_tiempo_nrf.o(i.hal_tiempo_actual_tick) refers to hal_tiempo_nrf.o(.data) for .data
    hal_tiempo_nrf.o(i.hal_tiempo_iniciar_tick) refers to hal_tiempo_nrf.o(.data) for .data
    hal_tiempo_nrf.o(i.hal_tiempo_reloj_periodico_tick) refers to hal_tiempo_nrf.o(.data) for .data
    hal_ext_int_nrf.o(i.GPIOTE_IRQHandler) refers to hal_ext_int_nrf.o(.bss) for .bss
    hal_ext_int_nrf.o(i.hal_ext_int_habilitar_int) refers to hal_ext_int_nrf.o(.bss) for .bss
    hal_ext_int_nrf.o(i.hal_ext_int_iniciar) refers to hal_ext_int_nrf.o(.data) for .data
    hal_ext_int_nrf.o(i.hal_ext_int_iniciar) refers to hal_ext_int_nrf.o(.bss) for .bss
    concurrencia.o(i.SC_entrar_disable_irq) refers to concurrencia.o(.data) for .data
    concurrencia.o(i.SC_salir_enable_irq) refers to concurrencia.o(.data) for .data
    arm_startup_nrf52840.o(RESET) refers to arm_startup_nrf52840.o(STACK) for __initial_sp
    arm_startup_nrf52840.o(RESET) refers to arm_startup_nrf52840.o(.text) for Reset_Handler
    arm_startup_nrf52840.o(RESET) refers to hal_ext_int_nrf.o(i.GPIOTE_IRQHandler) for GPIOTE_IRQHandler
    arm_startup_nrf52840.o(RESET) refers to hal_tiempo_nrf.o(i.TIMER0_IRQHandler) for TIMER0_IRQHandler
    arm_startup_nrf52840.o(RESET) refers to hal_tiempo_nrf.o(i.TIMER1_IRQHandler) for TIMER1_IRQHandler
    arm_startup_nrf52840.o(.text) refers to system_nrf52.o(i.SystemInit) for SystemInit
    arm_startup_nrf52840.o(.text) refers to entry.o(.ARM.Collect$$$$00000000) for __main
    system_nrf52.o(i.SystemCoreClockUpdate) refers to system_nrf52.o(.data) for .data
    system_nrf52.o(i.SystemInit) refers to system_nrf52.o(.data) for .data
    entry.o(.ARM.Collect$$$$00000000) refers (Special) to entry10a.o(.ARM.Collect$$$$0000000D) for __rt_final_cpp
    entry.o(.ARM.Collect$$$$00000000) refers (Special) to entry11a.o(.ARM.Collect$$$$0000000F) for __rt_final_exit
    entry.o(.ARM.Collect$$$$00000000) refers (Special) to entry7b.o(.ARM.Collect$$$$00000008) for _main_clock
    entry.o(.ARM.Collect$$$$00000000) refers (Special) to entry8b.o(.ARM.Collect$$$$0000000A) for _main_cpp_init
    entry.o(.ARM.Collect$$$$00000000) refers (Special) to entry9a.o(.ARM.Collect$$$$0000000B) for _main_init
    entry.o(.ARM.Collect$$$$00000000) refers (Special) to entry5.o(.ARM.Collect$$$$00000004) for _main_scatterload
    entry.o(.ARM.Collect$$$$00000000) refers (Special) to entry2.o(.ARM.Collect$$$$00000001) for _main_stk
    uldiv.o(.text) refers to llushr.o(.text) for __aeabi_llsr
    uldiv.o(.text) refers to llshl.o(.text) for __aeabi_llsl
    entry2.o(.ARM.Collect$$$$00000001) refers to entry2.o(.ARM.Collect$$$$00002712) for __lit__00000000
    entry2.o(.ARM.Collect$$$$00002712) refers to arm_startup_nrf52840.o(STACK) for __initial_sp
    entry2.o(__vectab_stack_and_reset_area) refers to arm_startup_nrf52840.o(STACK) for __initial_sp
    entry2.o(__vectab_stack_and_reset_area) refers to entry.o(.ARM.Collect$$$$00000000) for __main
    entry5.o(.ARM.Collect$$$$00000004) refers to init.o(.text) for __scatterload
    entry9a.o(.ARM.Collect$$$$0000000B) refers to main.o(i.main) for main
    entry9b.o(.ARM.Collect$$$$0000000C) refers to main.o(i.main) for main
    init.o(.text) refers to entry5.o(.ARM.Collect$$$$00000004) for __main_after_scatterload


==============================================================================

Removing Unused input sections from the image.

    Removing drv_leds.o(i.drv_led_conmutar), (40 bytes).
    Removing drv_tiempo.o(i.drv_tiempo_actual_us), (24 bytes).
    Removing drv_tiempo.o(i.drv_tiempo_esperar_hasta_ms), (68 bytes).
    Removing drv_consumo.o(i.drv_consumo_iniciar), (14 bytes).
    Removing drv_monitor.o(i.drv_monitor_iniciar), (48 bytes).
    Removing rt_fifo.o(i.rt_FIFO_estadisticas), (16 bytes).
    Removing rt_ge.o(i.svc_GE_cancelar), (96 bytes).
    Removing drv_botones.o(i.drv_botones_pulsado), (2 bytes).
    Removing hal_gpio_nrf.o(.rev16_text), (4 bytes).
    Removing hal_gpio_nrf.o(.revsh_text), (4 bytes).
    Removing hal_gpio_nrf.o(.rrx_text), (6 bytes).
    Removing hal_gpio_nrf.o(i.hal_gpio_escribir_n), (52 bytes).
    Removing hal_gpio_nrf.o(i.hal_gpio_leer_n), (56 bytes).
    Removing hal_gpio_nrf.o(i.hal_gpio_sentido_n), (154 bytes).
    Removing hal_tiempo_nrf.o(.rev16_text), (4 bytes).
    Removing hal_tiempo_nrf.o(.revsh_text), (4 bytes).
    Removing hal_tiempo_nrf.o(.rrx_text), (6 bytes).
    Removing hal_consumo_nrf.o(.rev16_text), (4 bytes).
    Removing hal_consumo_nrf.o(.revsh_text), (4 bytes).
    Removing hal_consumo_nrf.o(.rrx_text), (6 bytes).
    Removing hal_consumo_nrf.o(i.hal_consumo_iniciar), (2 bytes).
    Removing hal_ext_int_nrf.o(.rev16_text), (4 bytes).
    Removing hal_ext_int_nrf.o(.revsh_text), (4 bytes).
    Removing hal_ext_int_nrf.o(.rrx_text), (6 bytes).
    Removing hal_ext_int_nrf.o(i.hal_ext_int_deshabilitar_int), (36 bytes).
    Removing hal_ext_int_nrf.o(i.hal_ext_int_despertar), (12 bytes).
    Removing hal_ext_int_nrf.o(i.hal_ext_int_preparar_dormir), (12 bytes).
    Removing hal_ext_int_nrf.o(.bss), (16 bytes).
    Removing hal_wdt_nrf.o(.rev16_text), (4 bytes).
    Removing hal_wdt_nrf.o(.revsh_text), (4 bytes).
    Removing hal_wdt_nrf.o(.rrx_text), (6 bytes).
    Removing hal_wdt_nrf.o(i.hal_WDT_feed), (20 bytes).
    Removing hal_wdt_nrf.o(i.hal_WDT_iniciar), (60 bytes).
    Removing arm_startup_nrf52840.o(HEAP), (16384 bytes).
    Removing system_nrf52.o(.rev16_text), (4 bytes).
    Removing system_nrf52.o(.revsh_text), (4 bytes).
    Removing system_nrf52.o(.rrx_text), (6 bytes).
    Removing system_nrf52.o(i.SystemCoreClockUpdate), (16 bytes).
    Removing system_nrf52.o(i.nvmc_config), (24 bytes).
    Removing system_nrf52.o(i.nvmc_wait), (16 bytes).

40 unused section(s) (total 17252 bytes) removed from the image.

==============================================================================

Image Symbol Table

    Local Symbols

    Symbol Name                              Value     Ov Type        Size  Object(Section)

    RESET                                    0x00000000   Section      512  arm_startup_nrf52840.o(RESET)
    ../clib/microlib/division.c              0x00000000   Number         0  uldiv.o ABSOLUTE
    ../clib/microlib/init/entry.s            0x00000000   Number         0  entry.o ABSOLUTE
    ../clib/microlib/init/entry.s            0x00000000   Number         0  entry2.o ABSOLUTE
    ../clib/microlib/init/entry.s            0x00000000   Number         0  entry5.o ABSOLUTE
    ../clib/microlib/init/entry.s            0x00000000   Number         0  entry7a.o ABSOLUTE
    ../clib/microlib/init/entry.s            0x00000000   Number         0  entry7b.o ABSOLUTE
    ../clib/microlib/init/entry.s            0x00000000   Number         0  entry8a.o ABSOLUTE
    ../clib/microlib/init/entry.s            0x00000000   Number         0  entry9a.o ABSOLUTE
    ../clib/microlib/init/entry.s            0x00000000   Number         0  entry11b.o ABSOLUTE
    ../clib/microlib/init/entry.s            0x00000000   Number         0  entry11a.o ABSOLUTE
    ../clib/microlib/init/entry.s            0x00000000   Number         0  entry10b.o ABSOLUTE
    ../clib/microlib/init/entry.s            0x00000000   Number         0  entry9b.o ABSOLUTE
    ../clib/microlib/init/entry.s            0x00000000   Number         0  entry10a.o ABSOLUTE
    ../clib/microlib/init/entry.s            0x00000000   Number         0  entry8b.o ABSOLUTE
    ../clib/microlib/longlong.c              0x00000000   Number         0  llushr.o ABSOLUTE
    ../clib/microlib/longlong.c              0x00000000   Number         0  llshl.o ABSOLUTE
    ..\..\src\concurrencia.c                 0x00000000   Number         0  concurrencia.o ABSOLUTE
    ..\..\src\drv_botones.c                  0x00000000   Number         0  drv_botones.o ABSOLUTE
    ..\..\src\drv_consumo.c                  0x00000000   Number         0  drv_consumo.o ABSOLUTE
    ..\..\src\drv_leds.c                     0x00000000   Number         0  drv_leds.o ABSOLUTE
    ..\..\src\drv_monitor.c                  0x00000000   Number         0  drv_monitor.o ABSOLUTE
    ..\..\src\drv_tiempo.c                   0x00000000   Number         0  drv_tiempo.o ABSOLUTE
    ..\..\src\main.c                         0x00000000   Number         0  main.o ABSOLUTE
    ..\..\src\random.c                       0x00000000   Number         0  random.o ABSOLUTE
    ..\..\src\rt_GE.c                        0x00000000   Number         0  rt_ge.o ABSOLUTE
    ..\..\src\rt_fifo.c                      0x00000000   Number         0  rt_fifo.o ABSOLUTE
    ..\..\src\svc_alarma.c                   0x00000000   Number         0  svc_alarma.o ABSOLUTE
    ..\\src_nrf\\hal_WDT_nrf.c               0x00000000   Number         0  hal_wdt_nrf.o ABSOLUTE
    ..\\src_nrf\\hal_consumo_nrf.c           0x00000000   Number         0  hal_consumo_nrf.o ABSOLUTE
    ..\\src_nrf\\hal_ext_int_nrf.c           0x00000000   Number         0  hal_ext_int_nrf.o ABSOLUTE
    ..\\src_nrf\\hal_gpio_nrf.c              0x00000000   Number         0  hal_gpio_nrf.o ABSOLUTE
    ..\\src_nrf\\hal_tiempo_nrf.c            0x00000000   Number         0  hal_tiempo_nrf.o ABSOLUTE
    ..\src_nrf\hal_WDT_nrf.c                 0x00000000   Number         0  hal_wdt_nrf.o ABSOLUTE
    ..\src_nrf\hal_consumo_nrf.c             0x00000000   Number         0  hal_consumo_nrf.o ABSOLUTE
    ..\src_nrf\hal_ext_int_nrf.c             0x00000000   Number         0  hal_ext_int_nrf.o ABSOLUTE
    ..\src_nrf\hal_gpio_nrf.c                0x00000000   Number         0  hal_gpio_nrf.o ABSOLUTE
    ..\src_nrf\hal_tiempo_nrf.c              0x00000000   Number         0  hal_tiempo_nrf.o ABSOLUTE
    RTE\Device\nRF52840_xxAA\arm_startup_nrf52840.s 0x00000000   Number         0  arm_startup_nrf52840.o ABSOLUTE
    RTE\Device\nRF52840_xxAA\system_nrf52.c  0x00000000   Number         0  system_nrf52.o ABSOLUTE
    RTE\\Device\\nRF52840_xxAA\\system_nrf52.c 0x00000000   Number         0  system_nrf52.o ABSOLUTE
    dc.s                                     0x00000000   Number         0  dc.o ABSOLUTE
    handlers.s                               0x00000000   Number         0  handlers.o ABSOLUTE
    init.s                                   0x00000000   Number         0  init.o ABSOLUTE
    .ARM.Collect$$$$00000000                 0x00000200   Section        0  entry.o(.ARM.Collect$$$$00000000)
    .ARM.Collect$$$$00000001                 0x00000200   Section        4  entry2.o(.ARM.Collect$$$$00000001)
    .ARM.Collect$$$$00000004                 0x00000204   Section        4  entry5.o(.ARM.Collect$$$$00000004)
    .ARM.Collect$$$$00000008                 0x00000208   Section        0  entry7b.o(.ARM.Collect$$$$00000008)
    .ARM.Collect$$$$0000000A                 0x00000208   Section        0  entry8b.o(.ARM.Collect$$$$0000000A)
    .ARM.Collect$$$$0000000B                 0x00000208   Section        8  entry9a.o(.ARM.Collect$$$$0000000B)
    .ARM.Collect$$$$0000000D                 0x00000210   Section        0  entry10a.o(.ARM.Collect$$$$0000000D)
    .ARM.Collect$$$$0000000F                 0x00000210   Section        0  entry11a.o(.ARM.Collect$$$$0000000F)
    .ARM.Collect$$$$00002712                 0x00000210   Section        4  entry2.o(.ARM.Collect$$$$00002712)
    __lit__00000000                          0x00000210   Data           4  entry2.o(.ARM.Collect$$$$00002712)
    .text                                    0x00000214   Section       36  arm_startup_nrf52840.o(.text)
    $v0                                      0x00000214   Number         0  arm_startup_nrf52840.o(.text)
    .text                                    0x00000238   Section        0  uldiv.o(.text)
    .text                                    0x0000029a   Section        0  llshl.o(.text)
    .text                                    0x000002b8   Section        0  llushr.o(.text)
    .text                                    0x000002d8   Section       36  init.o(.text)
    i.GPIOTE_IRQHandler                      0x000002fc   Section        0  hal_ext_int_nrf.o(i.GPIOTE_IRQHandler)
    i.SC_entrar_disable_irq                  0x00000368   Section        0  concurrencia.o(i.SC_entrar_disable_irq)
    i.SC_salir_enable_irq                    0x0000037c   Section        0  concurrencia.o(i.SC_salir_enable_irq)
    i.SystemInit                             0x00000398   Section        0  system_nrf52.o(i.SystemInit)
    i.TIMER0_IRQHandler                      0x00000618   Section        0  hal_tiempo_nrf.o(i.TIMER0_IRQHandler)
    i.TIMER1_IRQHandler                      0x00000650   Section        0  hal_tiempo_nrf.o(i.TIMER1_IRQHandler)
    i.__scatterload_copy                     0x0000067c   Section       14  handlers.o(i.__scatterload_copy)
    i.__scatterload_null                     0x0000068a   Section        2  handlers.o(i.__scatterload_null)
    i.__scatterload_zeroinit                 0x0000068c   Section       14  handlers.o(i.__scatterload_zeroinit)
    i.drv_botones_iniciar                    0x0000069c   Section        0  drv_botones.o(i.drv_botones_iniciar)
    i.drv_botones_tratar                     0x0000070c   Section        0  drv_botones.o(i.drv_botones_tratar)
    i.drv_cb_desde_hal                       0x000007c4   Section        0  drv_botones.o(i.drv_cb_desde_hal)
    drv_cb_desde_hal                         0x000007c5   Thumb Code    38  drv_botones.o(i.drv_cb_desde_hal)
    i.drv_consumo_dormir                     0x000007f0   Section        0  drv_consumo.o(i.drv_consumo_dormir)
    i.drv_consumo_esperar                    0x000007f4   Section        0  drv_consumo.o(i.drv_consumo_esperar)
    i.drv_led_apagar                         0x0000080c   Section        0  drv_leds.o(i.drv_led_apagar)
    i.drv_led_encender                       0x00000828   Section        0  drv_leds.o(i.drv_led_encender)
    i.drv_leds_iniciar                       0x00000844   Section        0  drv_leds.o(i.drv_leds_iniciar)
    i.drv_monitor_desmarcar                  0x00000874   Section        0  drv_monitor.o(i.drv_monitor_desmarcar)
    i.drv_monitor_marcar                     0x00000890   Section        0  drv_monitor.o(i.drv_monitor_marcar)
    i.drv_tiempo_actual_ms                   0x000008ac   Section        0  drv_tiempo.o(i.drv_tiempo_actual_ms)
    i.drv_tiempo_esperar_ms                  0x000008cc   Section        0  drv_tiempo.o(i.drv_tiempo_esperar_ms)
    i.drv_tiempo_iniciar                     0x0000090c   Section        0  drv_tiempo.o(i.drv_tiempo_iniciar)
    i.drv_tiempo_periodico_ms                0x0000091c   Section        0  drv_tiempo.o(i.drv_tiempo_periodico_ms)
    i.hal_consumo_dormir                     0x00000944   Section        0  hal_consumo_nrf.o(i.hal_consumo_dormir)
    i.hal_consumo_esperar                    0x00000954   Section        0  hal_consumo_nrf.o(i.hal_consumo_esperar)
    i.hal_ext_int_habilitar_despertar        0x00000958   Section        0  hal_ext_int_nrf.o(i.hal_ext_int_habilitar_despertar)
    i.hal_ext_int_habilitar_int              0x0000096c   Section        0  hal_ext_int_nrf.o(i.hal_ext_int_habilitar_int)
    i.hal_ext_int_iniciar                    0x000009dc   Section        0  hal_ext_int_nrf.o(i.hal_ext_int_iniciar)
    i.hal_gpio_escribir                      0x00000a9c   Section        0  hal_gpio_nrf.o(i.hal_gpio_escribir)
    i.hal_gpio_iniciar                       0x00000abc   Section        0  hal_gpio_nrf.o(i.hal_gpio_iniciar)
    i.hal_gpio_leer                          0x00000ac8   Section        0  hal_gpio_nrf.o(i.hal_gpio_leer)
    i.hal_gpio_sentido                       0x00000adc   Section        0  hal_gpio_nrf.o(i.hal_gpio_sentido)
    i.hal_tiempo_actual_tick                 0x00000af0   Section        0  hal_tiempo_nrf.o(i.hal_tiempo_actual_tick)
    i.hal_tiempo_iniciar_tick                0x00000b1c   Section        0  hal_tiempo_nrf.o(i.hal_tiempo_iniciar_tick)
    i.hal_tiempo_reloj_periodico_tick        0x00000b7c   Section        0  hal_tiempo_nrf.o(i.hal_tiempo_reloj_periodico_tick)
    i.interna_callback                       0x00000be8   Section        0  drv_tiempo.o(i.interna_callback)
    interna_callback                         0x00000be9   Thumb Code    38  drv_tiempo.o(i.interna_callback)
    i.main                                   0x00000c14   Section        0  main.o(i.main)
    i.random_generate                        0x00000cac   Section        0  random.o(i.random_generate)
    i.random_init                            0x00000cdc   Section        0  random.o(i.random_init)
    i.rt_FIFO_encolar                        0x00000cf0   Section        0  rt_fifo.o(i.rt_FIFO_encolar)
    i.rt_FIFO_encolar_USR                    0x00000d64   Section        0  rt_fifo.o(i.rt_FIFO_encolar_USR)
    i.rt_FIFO_extraer                        0x00000de0   Section        0  rt_fifo.o(i.rt_FIFO_extraer)
    i.rt_FIFO_inicializar                    0x00000e28   Section        0  rt_fifo.o(i.rt_FIFO_inicializar)
    i.rt_GE_iniciar                          0x00000e50   Section        0  rt_ge.o(i.rt_GE_iniciar)
    i.rt_GE_lanzador                         0x00000ef0   Section        0  rt_ge.o(i.rt_GE_lanzador)
    i.rt_GE_tratar                           0x00000f54   Section        0  rt_ge.o(i.rt_GE_tratar)
    i.simon                                  0x00000f64   Section        0  main.o(i.simon)
    i.svc_GE_suscribir                       0x000010dc   Section        0  rt_ge.o(i.svc_GE_suscribir)
    i.svc_alarma_activar                     0x00001120   Section        0  svc_alarma.o(i.svc_alarma_activar)
    i.svc_alarma_iniciar                     0x00001254   Section        0  svc_alarma.o(i.svc_alarma_iniciar)
    i.svc_alarma_tratar                      0x000012c8   Section        0  svc_alarma.o(i.svc_alarma_tratar)
    .constdata                               0x00001320   Section        4  drv_leds.o(.constdata)
    led_list                                 0x00001320   Data           4  drv_leds.o(.constdata)
    .constdata                               0x00001324   Section        4  drv_monitor.o(.constdata)
    monitor_list                             0x00001324   Data           4  drv_monitor.o(.constdata)
    .constdata                               0x00001328   Section        4  drv_botones.o(.constdata)
    boton_list                               0x00001328   Data           4  drv_botones.o(.constdata)
    .data                                    0x20000000   Section       28  main.o(.data)
    Estado_Simon                             0x20000000   Data           1  main.o(.data)
    indice                                   0x20000004   Data           4  main.o(.data)
    indice_pulsado                           0x20000008   Data           4  main.o(.data)
    indice_led                               0x2000000c   Data           4  main.o(.data)
    iter                                     0x20000010   Data           4  main.o(.data)
    Num_leds                                 0x20000014   Data           4  main.o(.data)
    Num_botones                              0x20000018   Data           4  main.o(.data)
    .data                                    0x2000001c   Section       12  drv_tiempo.o(.data)
    hal_ticks2us                             0x2000001c   Data           4  drv_tiempo.o(.data)
    callback_id                              0x20000020   Data           4  drv_tiempo.o(.data)
    f_callback                               0x20000024   Data           4  drv_tiempo.o(.data)
    .data                                    0x20000028   Section       12  svc_alarma.o(.data)
    num_alarmas_activas                      0x20000028   Data           4  svc_alarma.o(.data)
    fun_callback                             0x2000002c   Data           4  svc_alarma.o(.data)
    mon_overflow                             0x20000030   Data           4  svc_alarma.o(.data)
    .data                                    0x20000034   Section        4  rt_ge.o(.data)
    mon_overflow                             0x20000034   Data           4  rt_ge.o(.data)
    .data                                    0x20000038   Section       12  drv_botones.o(.data)
    tiempo_ret                               0x20000038   Data           4  drv_botones.o(.data)
    num_pulsados                             0x2000003c   Data           4  drv_botones.o(.data)
    callback_encolar                         0x20000040   Data           4  drv_botones.o(.data)
    .data                                    0x20000044   Section        4  random.o(.data)
    seed                                     0x20000044   Data           4  random.o(.data)
    .data                                    0x20000048   Section        8  hal_tiempo_nrf.o(.data)
    timer0_int_count                         0x20000048   Data           4  hal_tiempo_nrf.o(.data)
    f_callback                               0x2000004c   Data           4  hal_tiempo_nrf.o(.data)
    .data                                    0x20000050   Section        4  hal_ext_int_nrf.o(.data)
    channel                                  0x20000050   Data           4  hal_ext_int_nrf.o(.data)
    .data                                    0x20000054   Section        4  concurrencia.o(.data)
    m_in_critical_region                     0x20000054   Data           4  concurrencia.o(.data)
    .data                                    0x20000058   Section        4  system_nrf52.o(.data)
    __tagsym$$used                           0x20000058   Number         0  system_nrf52.o(.data)
    .bss                                     0x2000005c   Section       32  main.o(.bss)
    vector_leds                              0x2000005c   Data          32  main.o(.bss)
    .bss                                     0x20000080   Section     1056  rt_fifo.o(.bss)
    fifo                                     0x20000080   Data        1056  rt_fifo.o(.bss)
    .bss                                     0x200004a0   Section       80  svc_alarma.o(.bss)
    alarmas                                  0x200004a0   Data          80  svc_alarma.o(.bss)
    .bss                                     0x200004f0   Section      252  rt_ge.o(.bss)
    gestor_eventos                           0x200004f0   Data         252  rt_ge.o(.bss)
    .bss                                     0x200005ec   Section       48  drv_botones.o(.bss)
    botones                                  0x200005ec   Data          48  drv_botones.o(.bss)
    .bss                                     0x2000061c   Section       48  hal_ext_int_nrf.o(.bss)
    STACK                                    0x20000650   Section    16384  arm_startup_nrf52840.o(STACK)

    Global Symbols

    Symbol Name                              Value     Ov Type        Size  Object(Section)

    BuildAttributes$$THM_ISAv4$E$P$D$K$B$S$7EM$VFPi3$EXTD16$VFPS$VFMA$PE$A:L22UL41UL21$X:L11$S22US41US21$IEEE1$IW$USESV6$~STKCKD$USESV7$~SHL$OTIME$EBA8$MICROLIB$REQ8$PRES8$EABIv2 0x00000000   Number         0  anon$$obj.o ABSOLUTE
    __ARM_use_no_argv                        0x00000000   Number         0  main.o ABSOLUTE
    __Vectors                                0x00000000   Data           4  arm_startup_nrf52840.o(RESET)
    __cpp_initialize__aeabi_                  - Undefined Weak Reference
    __cxa_finalize                            - Undefined Weak Reference
    __decompress                              - Undefined Weak Reference
    _clock_init                               - Undefined Weak Reference
    _microlib_exit                            - Undefined Weak Reference
    __Vectors_End                            0x00000200   Data           0  arm_startup_nrf52840.o(RESET)
    __Vectors_Size                           0x00000200   Number         0  arm_startup_nrf52840.o ABSOLUTE
    __main                                   0x00000201   Thumb Code     0  entry.o(.ARM.Collect$$$$00000000)
    _main_stk                                0x00000201   Thumb Code     0  entry2.o(.ARM.Collect$$$$00000001)
    _main_scatterload                        0x00000205   Thumb Code     0  entry5.o(.ARM.Collect$$$$00000004)
    __main_after_scatterload                 0x00000209   Thumb Code     0  entry5.o(.ARM.Collect$$$$00000004)
    _main_clock                              0x00000209   Thumb Code     0  entry7b.o(.ARM.Collect$$$$00000008)
    _main_cpp_init                           0x00000209   Thumb Code     0  entry8b.o(.ARM.Collect$$$$0000000A)
    _main_init                               0x00000209   Thumb Code     0  entry9a.o(.ARM.Collect$$$$0000000B)
    __rt_final_cpp                           0x00000211   Thumb Code     0  entry10a.o(.ARM.Collect$$$$0000000D)
    __rt_final_exit                          0x00000211   Thumb Code     0  entry11a.o(.ARM.Collect$$$$0000000F)
    Reset_Handler                            0x00000215   Thumb Code     8  arm_startup_nrf52840.o(.text)
    NMI_Handler                              0x0000021d   Thumb Code     2  arm_startup_nrf52840.o(.text)
    HardFault_Handler                        0x0000021f   Thumb Code     2  arm_startup_nrf52840.o(.text)
    MemoryManagement_Handler                 0x00000221   Thumb Code     2  arm_startup_nrf52840.o(.text)
    BusFault_Handler                         0x00000223   Thumb Code     2  arm_startup_nrf52840.o(.text)
    UsageFault_Handler                       0x00000225   Thumb Code     2  arm_startup_nrf52840.o(.text)
    SVC_Handler                              0x00000227   Thumb Code     2  arm_startup_nrf52840.o(.text)
    DebugMon_Handler                         0x00000229   Thumb Code     2  arm_startup_nrf52840.o(.text)
    PendSV_Handler                           0x0000022b   Thumb Code     2  arm_startup_nrf52840.o(.text)
    SysTick_Handler                          0x0000022d   Thumb Code     2  arm_startup_nrf52840.o(.text)
    CCM_AAR_IRQHandler                       0x0000022f   Thumb Code     0  arm_startup_nrf52840.o(.text)
    COMP_LPCOMP_IRQHandler                   0x0000022f   Thumb Code     0  arm_startup_nrf52840.o(.text)
    CRYPTOCELL_IRQHandler                    0x0000022f   Thumb Code     0  arm_startup_nrf52840.o(.text)
    ECB_IRQHandler                           0x0000022f   Thumb Code     0  arm_startup_nrf52840.o(.text)
    FPU_IRQHandler                           0x0000022f   Thumb Code     0  arm_startup_nrf52840.o(.text)
    I2S_IRQHandler                           0x0000022f   Thumb Code     0  arm_startup_nrf52840.o(.text)
    MWU_IRQHandler                           0x0000022f   Thumb Code     0  arm_startup_nrf52840.o(.text)
    NFCT_IRQHandler                          0x0000022f   Thumb Code     0  arm_startup_nrf52840.o(.text)
    PDM_IRQHandler                           0x0000022f   Thumb Code     0  arm_startup_nrf52840.o(.text)
    POWER_CLOCK_IRQHandler                   0x0000022f   Thumb Code     0  arm_startup_nrf52840.o(.text)
    PWM0_IRQHandler                          0x0000022f   Thumb Code     0  arm_startup_nrf52840.o(.text)
    PWM1_IRQHandler                          0x0000022f   Thumb Code     0  arm_startup_nrf52840.o(.text)
    PWM2_IRQHandler                          0x0000022f   Thumb Code     0  arm_startup_nrf52840.o(.text)
    PWM3_IRQHandler                          0x0000022f   Thumb Code     0  arm_startup_nrf52840.o(.text)
    QDEC_IRQHandler                          0x0000022f   Thumb Code     0  arm_startup_nrf52840.o(.text)
    QSPI_IRQHandler                          0x0000022f   Thumb Code     0  arm_startup_nrf52840.o(.text)
    RADIO_IRQHandler                         0x0000022f   Thumb Code     0  arm_startup_nrf52840.o(.text)
    RNG_IRQHandler                           0x0000022f   Thumb Code     0  arm_startup_nrf52840.o(.text)
    RTC0_IRQHandler                          0x0000022f   Thumb Code     0  arm_startup_nrf52840.o(.text)
    RTC1_IRQHandler                          0x0000022f   Thumb Code     0  arm_startup_nrf52840.o(.text)
    RTC2_IRQHandler                          0x0000022f   Thumb Code     0  arm_startup_nrf52840.o(.text)
    SAADC_IRQHandler                         0x0000022f   Thumb Code     0  arm_startup_nrf52840.o(.text)
    SPIM0_SPIS0_TWIM0_TWIS0_SPI0_TWI0_IRQHandler 0x0000022f   Thumb Code     0  arm_startup_nrf52840.o(.text)
    SPIM1_SPIS1_TWIM1_TWIS1_SPI1_TWI1_IRQHandler 0x0000022f   Thumb Code     0  arm_startup_nrf52840.o(.text)
    SPIM2_SPIS2_SPI2_IRQHandler              0x0000022f   Thumb Code     0  arm_startup_nrf52840.o(.text)
    SPIM3_IRQHandler                         0x0000022f   Thumb Code     0  arm_startup_nrf52840.o(.text)
    SWI0_EGU0_IRQHandler                     0x0000022f   Thumb Code     0  arm_startup_nrf52840.o(.text)
    SWI1_EGU1_IRQHandler                     0x0000022f   Thumb Code     0  arm_startup_nrf52840.o(.text)
    SWI2_EGU2_IRQHandler                     0x0000022f   Thumb Code     0  arm_startup_nrf52840.o(.text)
    SWI3_EGU3_IRQHandler                     0x0000022f   Thumb Code     0  arm_startup_nrf52840.o(.text)
    SWI4_EGU4_IRQHandler                     0x0000022f   Thumb Code     0  arm_startup_nrf52840.o(.text)
    SWI5_EGU5_IRQHandler                     0x0000022f   Thumb Code     0  arm_startup_nrf52840.o(.text)
    TEMP_IRQHandler                          0x0000022f   Thumb Code     0  arm_startup_nrf52840.o(.text)
    TIMER2_IRQHandler                        0x0000022f   Thumb Code     0  arm_startup_nrf52840.o(.text)
    TIMER3_IRQHandler                        0x0000022f   Thumb Code     0  arm_startup_nrf52840.o(.text)
    TIMER4_IRQHandler                        0x0000022f   Thumb Code     0  arm_startup_nrf52840.o(.text)
    UARTE0_UART0_IRQHandler                  0x0000022f   Thumb Code     0  arm_startup_nrf52840.o(.text)
    UARTE1_IRQHandler                        0x0000022f   Thumb Code     0  arm_startup_nrf52840.o(.text)
    USBD_IRQHandler                          0x0000022f   Thumb Code     0  arm_startup_nrf52840.o(.text)
    WDT_IRQHandler                           0x0000022f   Thumb Code     0  arm_startup_nrf52840.o(.text)
    __aeabi_uldivmod                         0x00000239   Thumb Code    98  uldiv.o(.text)
    __aeabi_llsl                             0x0000029b   Thumb Code    30  llshl.o(.text)
    _ll_shift_l                              0x0000029b   Thumb Code     0  llshl.o(.text)
    __aeabi_llsr                             0x000002b9   Thumb Code    32  llushr.o(.text)
    _ll_ushift_r                             0x000002b9   Thumb Code     0  llushr.o(.text)
    __scatterload                            0x000002d9   Thumb Code    28  init.o(.text)
    __scatterload_rt2                        0x000002d9   Thumb Code     0  init.o(.text)
    GPIOTE_IRQHandler                        0x000002fd   Thumb Code    98  hal_ext_int_nrf.o(i.GPIOTE_IRQHandler)
    SC_entrar_disable_irq                    0x00000369   Thumb Code    14  concurrencia.o(i.SC_entrar_disable_irq)
    SC_salir_enable_irq                      0x0000037d   Thumb Code    22  concurrencia.o(i.SC_salir_enable_irq)
    SystemInit                               0x00000399   Thumb Code   500  system_nrf52.o(i.SystemInit)
    TIMER0_IRQHandler                        0x00000619   Thumb Code    48  hal_tiempo_nrf.o(i.TIMER0_IRQHandler)
    TIMER1_IRQHandler                        0x00000651   Thumb Code    36  hal_tiempo_nrf.o(i.TIMER1_IRQHandler)
    __scatterload_copy                       0x0000067d   Thumb Code    14  handlers.o(i.__scatterload_copy)
    __scatterload_null                       0x0000068b   Thumb Code     2  handlers.o(i.__scatterload_null)
    __scatterload_zeroinit                   0x0000068d   Thumb Code    14  handlers.o(i.__scatterload_zeroinit)
    drv_botones_iniciar                      0x0000069d   Thumb Code    90  drv_botones.o(i.drv_botones_iniciar)
    drv_botones_tratar                       0x0000070d   Thumb Code   170  drv_botones.o(i.drv_botones_tratar)
    drv_consumo_dormir                       0x000007f1   Thumb Code     4  drv_consumo.o(i.drv_consumo_dormir)
    drv_consumo_esperar                      0x000007f5   Thumb Code    22  drv_consumo.o(i.drv_consumo_esperar)
    drv_led_apagar                           0x0000080d   Thumb Code    24  drv_leds.o(i.drv_led_apagar)
    drv_led_encender                         0x00000829   Thumb Code    22  drv_leds.o(i.drv_led_encender)
    drv_leds_iniciar                         0x00000845   Thumb Code    44  drv_leds.o(i.drv_leds_iniciar)
    drv_monitor_desmarcar                    0x00000875   Thumb Code    24  drv_monitor.o(i.drv_monitor_desmarcar)
    drv_monitor_marcar                       0x00000891   Thumb Code    22  drv_monitor.o(i.drv_monitor_marcar)
    drv_tiempo_actual_ms                     0x000008ad   Thumb Code    28  drv_tiempo.o(i.drv_tiempo_actual_ms)
    drv_tiempo_esperar_ms                    0x000008cd   Thumb Code    58  drv_tiempo.o(i.drv_tiempo_esperar_ms)
    drv_tiempo_iniciar                       0x0000090d   Thumb Code    12  drv_tiempo.o(i.drv_tiempo_iniciar)
    drv_tiempo_periodico_ms                  0x0000091d   Thumb Code    32  drv_tiempo.o(i.drv_tiempo_periodico_ms)
    hal_consumo_dormir                       0x00000945   Thumb Code    10  hal_consumo_nrf.o(i.hal_consumo_dormir)
    hal_consumo_esperar                      0x00000955   Thumb Code     4  hal_consumo_nrf.o(i.hal_consumo_esperar)
    hal_ext_int_habilitar_despertar          0x00000959   Thumb Code    14  hal_ext_int_nrf.o(i.hal_ext_int_habilitar_despertar)
    hal_ext_int_habilitar_int                0x0000096d   Thumb Code   102  hal_ext_int_nrf.o(i.hal_ext_int_habilitar_int)
    hal_ext_int_iniciar                      0x000009dd   Thumb Code   174  hal_ext_int_nrf.o(i.hal_ext_int_iniciar)
    hal_gpio_escribir                        0x00000a9d   Thumb Code    22  hal_gpio_nrf.o(i.hal_gpio_escribir)
    hal_gpio_iniciar                         0x00000abd   Thumb Code     8  hal_gpio_nrf.o(i.hal_gpio_iniciar)
    hal_gpio_leer                            0x00000ac9   Thumb Code    14  hal_gpio_nrf.o(i.hal_gpio_leer)
    hal_gpio_sentido                         0x00000add   Thumb Code    18  hal_gpio_nrf.o(i.hal_gpio_sentido)
    hal_tiempo_actual_tick                   0x00000af1   Thumb Code    30  hal_tiempo_nrf.o(i.hal_tiempo_actual_tick)
    hal_tiempo_iniciar_tick                  0x00000b1d   Thumb Code    72  hal_tiempo_nrf.o(i.hal_tiempo_iniciar_tick)
    hal_tiempo_reloj_periodico_tick          0x00000b7d   Thumb Code    84  hal_tiempo_nrf.o(i.hal_tiempo_reloj_periodico_tick)
    main                                     0x00000c15   Thumb Code   126  main.o(i.main)
    random_generate                          0x00000cad   Thumb Code    40  random.o(i.random_generate)
    random_init                              0x00000cdd   Thumb Code    12  random.o(i.random_init)
    rt_FIFO_encolar                          0x00000cf1   Thumb Code   112  rt_fifo.o(i.rt_FIFO_encolar)
    rt_FIFO_encolar_USR                      0x00000d65   Thumb Code   120  rt_fifo.o(i.rt_FIFO_encolar_USR)
    rt_FIFO_extraer                          0x00000de1   Thumb Code    68  rt_fifo.o(i.rt_FIFO_extraer)
    rt_FIFO_inicializar                      0x00000e29   Thumb Code    34  rt_fifo.o(i.rt_FIFO_inicializar)
    rt_GE_iniciar                            0x00000e51   Thumb Code   142  rt_ge.o(i.rt_GE_iniciar)
    rt_GE_lanzador                           0x00000ef1   Thumb Code    94  rt_ge.o(i.rt_GE_lanzador)
    rt_GE_tratar                             0x00000f55   Thumb Code    16  rt_ge.o(i.rt_GE_tratar)
    simon                                    0x00000f65   Thumb Code   366  main.o(i.simon)
    svc_GE_suscribir                         0x000010dd   Thumb Code    58  rt_ge.o(i.svc_GE_suscribir)
    svc_alarma_activar                       0x00001121   Thumb Code   300  svc_alarma.o(i.svc_alarma_activar)
    svc_alarma_iniciar                       0x00001255   Thumb Code   102  svc_alarma.o(i.svc_alarma_iniciar)
    svc_alarma_tratar                        0x000012c9   Thumb Code    80  svc_alarma.o(i.svc_alarma_tratar)
    Region$$Table$$Base                      0x0000132c   Number         0  anon$$obj.o(Region$$Table)
    Region$$Table$$Limit                     0x0000134c   Number         0  anon$$obj.o(Region$$Table)
    SystemCoreClock                          0x20000058   Data           4  system_nrf52.o(.data)
    boton_callbacks                          0x2000061c   Data          48  hal_ext_int_nrf.o(.bss)
    __initial_sp                             0x20004650   Data           0  arm_startup_nrf52840.o(STACK)



==============================================================================

Memory Map of the image

  Image Entry point : 0x00000215

  Load Region LR_1 (Base: 0x00000000, Size: 0x000013a8, Max: 0xffffffff, ABSOLUTE)

    Execution Region ER_RO (Exec base: 0x00000000, Load base: 0x00000000, Size: 0x0000134c, Max: 0xffffffff, ABSOLUTE)

    Exec Addr    Load Addr    Size         Type   Attr      Idx    E Section Name        Object

    0x00000000   0x00000000   0x00000200   Data   RO          707    RESET               arm_startup_nrf52840.o
    0x00000200   0x00000200   0x00000000   Code   RO          777  * .ARM.Collect$$$$00000000  mc_w.l(entry.o)
    0x00000200   0x00000200   0x00000004   Code   RO          782    .ARM.Collect$$$$00000001  mc_w.l(entry2.o)
    0x00000204   0x00000204   0x00000004   Code   RO          785    .ARM.Collect$$$$00000004  mc_w.l(entry5.o)
    0x00000208   0x00000208   0x00000000   Code   RO          787    .ARM.Collect$$$$00000008  mc_w.l(entry7b.o)
    0x00000208   0x00000208   0x00000000   Code   RO          789    .ARM.Collect$$$$0000000A  mc_w.l(entry8b.o)
    0x00000208   0x00000208   0x00000008   Code   RO          790    .ARM.Collect$$$$0000000B  mc_w.l(entry9a.o)
    0x00000210   0x00000210   0x00000000   Code   RO          792    .ARM.Collect$$$$0000000D  mc_w.l(entry10a.o)
    0x00000210   0x00000210   0x00000000   Code   RO          794    .ARM.Collect$$$$0000000F  mc_w.l(entry11a.o)
    0x00000210   0x00000210   0x00000004   Code   RO          783    .ARM.Collect$$$$00002712  mc_w.l(entry2.o)
    0x00000214   0x00000214   0x00000024   Code   RO          708  * .text               arm_startup_nrf52840.o
    0x00000238   0x00000238   0x00000062   Code   RO          780    .text               mc_w.l(uldiv.o)
    0x0000029a   0x0000029a   0x0000001e   Code   RO          796    .text               mc_w.l(llshl.o)
    0x000002b8   0x000002b8   0x00000020   Code   RO          798    .text               mc_w.l(llushr.o)
    0x000002d8   0x000002d8   0x00000024   Code   RO          800    .text               mc_w.l(init.o)
    0x000002fc   0x000002fc   0x0000006c   Code   RO          578    i.GPIOTE_IRQHandler  hal_ext_int_nrf.o
    0x00000368   0x00000368   0x00000014   Code   RO          685    i.SC_entrar_disable_irq  concurrencia.o
    0x0000037c   0x0000037c   0x0000001c   Code   RO          686    i.SC_salir_enable_irq  concurrencia.o
    0x00000398   0x00000398   0x00000280   Code   RO          716    i.SystemInit        system_nrf52.o
    0x00000618   0x00000618   0x00000038   Code   RO          485    i.TIMER0_IRQHandler  hal_tiempo_nrf.o
    0x00000650   0x00000650   0x0000002c   Code   RO          486    i.TIMER1_IRQHandler  hal_tiempo_nrf.o
    0x0000067c   0x0000067c   0x0000000e   Code   RO          804    i.__scatterload_copy  mc_w.l(handlers.o)
    0x0000068a   0x0000068a   0x00000002   Code   RO          805    i.__scatterload_null  mc_w.l(handlers.o)
    0x0000068c   0x0000068c   0x0000000e   Code   RO          806    i.__scatterload_zeroinit  mc_w.l(handlers.o)
    0x0000069a   0x0000069a   0x00000002   PAD
    0x0000069c   0x0000069c   0x00000070   Code   RO          321    i.drv_botones_iniciar  drv_botones.o
    0x0000070c   0x0000070c   0x000000b8   Code   RO          323    i.drv_botones_tratar  drv_botones.o
    0x000007c4   0x000007c4   0x0000002c   Code   RO          324    i.drv_cb_desde_hal  drv_botones.o
    0x000007f0   0x000007f0   0x00000004   Code   RO          158    i.drv_consumo_dormir  drv_consumo.o
    0x000007f4   0x000007f4   0x00000016   Code   RO          159    i.drv_consumo_esperar  drv_consumo.o
    0x0000080a   0x0000080a   0x00000002   PAD
    0x0000080c   0x0000080c   0x0000001c   Code   RO           69    i.drv_led_apagar    drv_leds.o
    0x00000828   0x00000828   0x0000001c   Code   RO           71    i.drv_led_encender  drv_leds.o
    0x00000844   0x00000844   0x00000030   Code   RO           72    i.drv_leds_iniciar  drv_leds.o
    0x00000874   0x00000874   0x0000001c   Code   RO          185    i.drv_monitor_desmarcar  drv_monitor.o
    0x00000890   0x00000890   0x0000001c   Code   RO          187    i.drv_monitor_marcar  drv_monitor.o
    0x000008ac   0x000008ac   0x00000020   Code   RO          107    i.drv_tiempo_actual_ms  drv_tiempo.o
    0x000008cc   0x000008cc   0x00000040   Code   RO          110    i.drv_tiempo_esperar_ms  drv_tiempo.o
    0x0000090c   0x0000090c   0x00000010   Code   RO          111    i.drv_tiempo_iniciar  drv_tiempo.o
    0x0000091c   0x0000091c   0x00000028   Code   RO          112    i.drv_tiempo_periodico_ms  drv_tiempo.o
    0x00000944   0x00000944   0x00000010   Code   RO          539    i.hal_consumo_dormir  hal_consumo_nrf.o
    0x00000954   0x00000954   0x00000004   Code   RO          540    i.hal_consumo_esperar  hal_consumo_nrf.o
    0x00000958   0x00000958   0x00000014   Code   RO          581    i.hal_ext_int_habilitar_despertar  hal_ext_int_nrf.o
    0x0000096c   0x0000096c   0x00000070   Code   RO          582    i.hal_ext_int_habilitar_int  hal_ext_int_nrf.o
    0x000009dc   0x000009dc   0x000000c0   Code   RO          583    i.hal_ext_int_iniciar  hal_ext_int_nrf.o
    0x00000a9c   0x00000a9c   0x00000020   Code   RO          380    i.hal_gpio_escribir  hal_gpio_nrf.o
    0x00000abc   0x00000abc   0x0000000c   Code   RO          382    i.hal_gpio_iniciar  hal_gpio_nrf.o
    0x00000ac8   0x00000ac8   0x00000014   Code   RO          383    i.hal_gpio_leer     hal_gpio_nrf.o
    0x00000adc   0x00000adc   0x00000012   Code   RO          385    i.hal_gpio_sentido  hal_gpio_nrf.o
    0x00000aee   0x00000aee   0x00000002   PAD
    0x00000af0   0x00000af0   0x0000002c   Code   RO          487    i.hal_tiempo_actual_tick  hal_tiempo_nrf.o
    0x00000b1c   0x00000b1c   0x00000060   Code   RO          488    i.hal_tiempo_iniciar_tick  hal_tiempo_nrf.o
    0x00000b7c   0x00000b7c   0x0000006c   Code   RO          489    i.hal_tiempo_reloj_periodico_tick  hal_tiempo_nrf.o
    0x00000be8   0x00000be8   0x0000002c   Code   RO          113    i.interna_callback  drv_tiempo.o
    0x00000c14   0x00000c14   0x00000098   Code   RO            1    i.main              main.o
    0x00000cac   0x00000cac   0x00000030   Code   RO          357    i.random_generate   random.o
    0x00000cdc   0x00000cdc   0x00000014   Code   RO          358    i.random_init       random.o
    0x00000cf0   0x00000cf0   0x00000074   Code   RO          211    i.rt_FIFO_encolar   rt_fifo.o
    0x00000d64   0x00000d64   0x0000007c   Code   RO          212    i.rt_FIFO_encolar_USR  rt_fifo.o
    0x00000de0   0x00000de0   0x00000048   Code   RO          214    i.rt_FIFO_extraer   rt_fifo.o
    0x00000e28   0x00000e28   0x00000028   Code   RO          215    i.rt_FIFO_inicializar  rt_fifo.o
    0x00000e50   0x00000e50   0x000000a0   Code   RO          282    i.rt_GE_iniciar     rt_ge.o
    0x00000ef0   0x00000ef0   0x00000064   Code   RO          283    i.rt_GE_lanzador    rt_ge.o
    0x00000f54   0x00000f54   0x00000010   Code   RO          284    i.rt_GE_tratar      rt_ge.o
    0x00000f64   0x00000f64   0x00000178   Code   RO            2    i.simon             main.o
    0x000010dc   0x000010dc   0x00000044   Code   RO          286    i.svc_GE_suscribir  rt_ge.o
    0x00001120   0x00001120   0x00000134   Code   RO          252    i.svc_alarma_activar  svc_alarma.o
    0x00001254   0x00001254   0x00000074   Code   RO          253    i.svc_alarma_iniciar  svc_alarma.o
    0x000012c8   0x000012c8   0x00000058   Code   RO          254    i.svc_alarma_tratar  svc_alarma.o
    0x00001320   0x00001320   0x00000004   Data   RO           73    .constdata          drv_leds.o
    0x00001324   0x00001324   0x00000004   Data   RO          188    .constdata          drv_monitor.o
    0x00001328   0x00001328   0x00000004   Data   RO          326    .constdata          drv_botones.o
    0x0000132c   0x0000132c   0x00000020   Data   RO          802    Region$$Table       anon$$obj.o


    Execution Region ER_RW (Exec base: 0x20000000, Load base: 0x0000134c, Size: 0x0000005c, Max: 0xffffffff, ABSOLUTE)

    Exec Addr    Load Addr    Size         Type   Attr      Idx    E Section Name        Object

    0x20000000   0x0000134c   0x0000001c   Data   RW            4    .data               main.o
    0x2000001c   0x00001368   0x0000000c   Data   RW          114    .data               drv_tiempo.o
    0x20000028   0x00001374   0x0000000c   Data   RW          256    .data               svc_alarma.o
    0x20000034   0x00001380   0x00000004   Data   RW          288    .data               rt_ge.o
    0x20000038   0x00001384   0x0000000c   Data   RW          327    .data               drv_botones.o
    0x20000044   0x00001390   0x00000004   Data   RW          359    .data               random.o
    0x20000048   0x00001394   0x00000008   Data   RW          490    .data               hal_tiempo_nrf.o
    0x20000050   0x0000139c   0x00000004   Data   RW          587    .data               hal_ext_int_nrf.o
    0x20000054   0x000013a0   0x00000004   Data   RW          687    .data               concurrencia.o
    0x20000058   0x000013a4   0x00000004   Data   RW          719    .data               system_nrf52.o


    Execution Region ER_ZI (Exec base: 0x2000005c, Load base: 0x000013a8, Size: 0x000045f4, Max: 0xffffffff, ABSOLUTE)

    Exec Addr    Load Addr    Size         Type   Attr      Idx    E Section Name        Object

    0x2000005c        -       0x00000020   Zero   RW            3    .bss                main.o
    0x2000007c   0x000013a8   0x00000004   PAD
    0x20000080        -       0x00000420   Zero   RW          216    .bss                rt_fifo.o
    0x200004a0        -       0x00000050   Zero   RW          255    .bss                svc_alarma.o
    0x200004f0        -       0x000000fc   Zero   RW          287    .bss                rt_ge.o
    0x200005ec        -       0x00000030   Zero   RW          325    .bss                drv_botones.o
    0x2000061c        -       0x00000030   Zero   RW          586    .bss                hal_ext_int_nrf.o
    0x2000064c   0x000013a8   0x00000004   PAD
    0x20000650        -       0x00004000   Zero   RW          705    STACK               arm_startup_nrf52840.o


==============================================================================

Image component sizes


      Code (inc. data)   RO Data    RW Data    ZI Data      Debug   Object Name

        36          8        512          0      16384        896   arm_startup_nrf52840.o
        48         12          0          4          0       1302   concurrencia.o
       340         42          4         12         48       3449   drv_botones.o
        26          0          0          0          0       1051   drv_consumo.o
       104         14          4          0          0       2435   drv_leds.o
        56         10          4          0          0       1813   drv_monitor.o
       196         28          0         12          0       4091   drv_tiempo.o
        20          6          0          0          0       1027   hal_consumo_nrf.o
       432         44          0          4         48      34656   hal_ext_int_nrf.o
        82         20          0          0          0      37818   hal_gpio_nrf.o
       348         78          0          8          0      34640   hal_tiempo_nrf.o
       528         42          0         28         32      10983   main.o
        68         16          0          4          0       1340   random.o
       352         18          0          0       1056       3608   rt_fifo.o
       344         34          0          4        252       3663   rt_ge.o
       512         30          0         12         80       4262   svc_alarma.o
       640        140          0          4          0      61912   system_nrf52.o

    ----------------------------------------------------------------------
      4136        542        556         92      17908     208946   Object Totals
         0          0         32          0          0          0   (incl. Generated)
         4          0          0          0          8          0   (incl. Padding)

    ----------------------------------------------------------------------

      Code (inc. data)   RO Data    RW Data    ZI Data      Debug   Library Member Name

         0          0          0          0          0          0   entry.o
         0          0          0          0          0          0   entry10a.o
         0          0          0          0          0          0   entry11a.o
         8          4          0          0          0          0   entry2.o
         4          0          0          0          0          0   entry5.o
         0          0          0          0          0          0   entry7b.o
         0          0          0          0          0          0   entry8b.o
         8          4          0          0          0          0   entry9a.o
        30          0          0          0          0          0   handlers.o
        36          8          0          0          0         68   init.o
        30          0          0          0          0         68   llshl.o
        32          0          0          0          0         68   llushr.o
        98          0          0          0          0         92   uldiv.o

    ----------------------------------------------------------------------
       248         16          0          0          0        296   Library Totals
         2          0          0          0          0          0   (incl. Padding)

    ----------------------------------------------------------------------

      Code (inc. data)   RO Data    RW Data    ZI Data      Debug   Library Name

       246         16          0          0          0        296   mc_w.l

    ----------------------------------------------------------------------
       248         16          0          0          0        296   Library Totals

    ----------------------------------------------------------------------

==============================================================================


      Code (inc. data)   RO Data    RW Data    ZI Data      Debug   

      4384        558        556         92      17908     205194   Grand Totals
      4384        558        556         92      17908     205194   ELF Image Totals
      4384        558        556         92          0          0   ROM Totals

==============================================================================

    Total RO  Size (Code + RO Data)                 4940 (   4.82kB)
    Total RW  Size (RW Data + ZI Data)             18000 (  17.58kB)
    Total ROM Size (Code + RO Data + RW Data)       5032 (   4.91kB)

==============================================================================

