Component: ARM Compiler 5.06 update 6 (build 750) Tool: armlink [4d35ed]

==============================================================================

Section Cross References

    main.o(i.main) refers to hal_gpio_lpc.o(i.hal_gpio_iniciar) for hal_gpio_iniciar
    main.o(i.main) refers to drv_leds.o(i.drv_leds_iniciar) for drv_leds_iniciar
    main.o(i.main) refers to drv_tiempo.o(i.drv_tiempo_iniciar) for drv_tiempo_iniciar
    main.o(i.main) refers to rt_fifo.o(i.rt_FIFO_inicializar) for rt_FIFO_inicializar
    main.o(i.main) refers to rt_ge.o(i.rt_GE_iniciar) for rt_GE_iniciar
    main.o(i.main) refers to svc_alarma.o(i.svc_alarma_iniciar) for svc_alarma_iniciar
    main.o(i.main) refers to hal_wdt_lpc.o(i.hal_WDT_iniciar) for hal_WDT_iniciar
    main.o(i.main) refers to drv_botones.o(i.drv_botones_iniciar) for drv_botones_iniciar
    main.o(i.main) refers to simon.o(i.simon_iniciar) for simon_iniciar
    main.o(i.main) refers to main.o(.data) for .data
    main.o(i.main) refers to rt_fifo.o(i.rt_FIFO_encolar) for rt_FIFO_encolar
    main.o(i.main) refers to rt_fifo.o(i.rt_FIFO_encolar_USR) for rt_FIFO_encolar_USR
    drv_leds.o(i.drv_led_apagar) refers to hal_gpio_lpc.o(i.hal_gpio_escribir) for hal_gpio_escribir
    drv_leds.o(i.drv_led_apagar) refers to drv_leds.o(.constdata) for .constdata
    drv_leds.o(i.drv_led_conmutar) refers to hal_gpio_lpc.o(i.hal_gpio_leer) for hal_gpio_leer
    drv_leds.o(i.drv_led_conmutar) refers to hal_gpio_lpc.o(i.hal_gpio_escribir) for hal_gpio_escribir
    drv_leds.o(i.drv_led_conmutar) refers to drv_leds.o(.constdata) for .constdata
    drv_leds.o(i.drv_led_encender) refers to hal_gpio_lpc.o(i.hal_gpio_escribir) for hal_gpio_escribir
    drv_leds.o(i.drv_led_encender) refers to drv_leds.o(.constdata) for .constdata
    drv_leds.o(i.drv_leds_iniciar) refers to hal_gpio_lpc.o(i.hal_gpio_sentido) for hal_gpio_sentido
    drv_leds.o(i.drv_leds_iniciar) refers to hal_gpio_lpc.o(i.hal_gpio_escribir) for hal_gpio_escribir
    drv_leds.o(i.drv_leds_iniciar) refers to drv_leds.o(.constdata) for .constdata
    drv_tiempo.o(i.drv_tiempo_actual_ms) refers to hal_tiempo_lpc.o(i.hal_tiempo_actual_tick) for hal_tiempo_actual_tick
    drv_tiempo.o(i.drv_tiempo_actual_ms) refers to lludiv.o(.text) for __aeabi_uldivmod
    drv_tiempo.o(i.drv_tiempo_actual_ms) refers to drv_tiempo.o(.data) for .data
    drv_tiempo.o(i.drv_tiempo_actual_us) refers to hal_tiempo_lpc.o(i.hal_tiempo_actual_tick) for hal_tiempo_actual_tick
    drv_tiempo.o(i.drv_tiempo_actual_us) refers to lludiv.o(.text) for __aeabi_uldivmod
    drv_tiempo.o(i.drv_tiempo_actual_us) refers to drv_tiempo.o(.data) for .data
    drv_tiempo.o(i.drv_tiempo_esperar_hasta_ms) refers to drv_tiempo.o(i.drv_tiempo_actual_ms) for drv_tiempo_actual_ms
    drv_tiempo.o(i.drv_tiempo_esperar_hasta_ms) refers to hal_tiempo_lpc.o(i.hal_tiempo_actual_tick) for hal_tiempo_actual_tick
    drv_tiempo.o(i.drv_tiempo_esperar_hasta_ms) refers to lludiv.o(.text) for __aeabi_uldivmod
    drv_tiempo.o(i.drv_tiempo_esperar_hasta_ms) refers to drv_tiempo.o(.data) for .data
    drv_tiempo.o(i.drv_tiempo_esperar_ms) refers to drv_tiempo.o(i.drv_tiempo_actual_ms) for drv_tiempo_actual_ms
    drv_tiempo.o(i.drv_tiempo_esperar_ms) refers to hal_tiempo_lpc.o(i.hal_tiempo_actual_tick) for hal_tiempo_actual_tick
    drv_tiempo.o(i.drv_tiempo_esperar_ms) refers to lludiv.o(.text) for __aeabi_uldivmod
    drv_tiempo.o(i.drv_tiempo_esperar_ms) refers to drv_tiempo.o(.data) for .data
    drv_tiempo.o(i.drv_tiempo_iniciar) refers to hal_tiempo_lpc.o(i.hal_tiempo_iniciar_tick) for hal_tiempo_iniciar_tick
    drv_tiempo.o(i.drv_tiempo_iniciar) refers to drv_tiempo.o(.data) for .data
    drv_tiempo.o(i.drv_tiempo_periodico_ms) refers to hal_tiempo_lpc.o(i.hal_tiempo_reloj_periodico_tick) for hal_tiempo_reloj_periodico_tick
    drv_tiempo.o(i.drv_tiempo_periodico_ms) refers to drv_tiempo.o(.data) for .data
    drv_tiempo.o(i.drv_tiempo_periodico_ms) refers to drv_tiempo.o(i.interna_callback) for interna_callback
    drv_tiempo.o(i.interna_callback) refers to drv_tiempo.o(i.drv_tiempo_actual_ms) for drv_tiempo_actual_ms
    drv_tiempo.o(i.interna_callback) refers to drv_tiempo.o(.data) for .data
    drv_consumo.o(i.drv_consumo_dormir) refers to hal_consumo_lpc.o(i.hal_consumo_dormir) for hal_consumo_dormir
    drv_consumo.o(i.drv_consumo_esperar) refers to drv_monitor.o(i.drv_monitor_desmarcar) for drv_monitor_desmarcar
    drv_consumo.o(i.drv_consumo_esperar) refers to hal_consumo_lpc.o(i.hal_consumo_esperar) for hal_consumo_esperar
    drv_consumo.o(i.drv_consumo_esperar) refers to drv_monitor.o(i.drv_monitor_marcar) for drv_monitor_marcar
    drv_consumo.o(i.drv_consumo_iniciar) refers to hal_consumo_lpc.o(i.hal_consumo_iniciar) for hal_consumo_iniciar
    drv_consumo.o(i.drv_consumo_iniciar) refers to drv_monitor.o(i.drv_monitor_iniciar) for drv_monitor_iniciar
    drv_monitor.o(i.drv_monitor_desmarcar) refers to hal_gpio_lpc.o(i.hal_gpio_escribir) for hal_gpio_escribir
    drv_monitor.o(i.drv_monitor_desmarcar) refers to drv_monitor.o(.constdata) for .constdata
    drv_monitor.o(i.drv_monitor_iniciar) refers to hal_gpio_lpc.o(i.hal_gpio_sentido) for hal_gpio_sentido
    drv_monitor.o(i.drv_monitor_iniciar) refers to hal_gpio_lpc.o(i.hal_gpio_escribir) for hal_gpio_escribir
    drv_monitor.o(i.drv_monitor_iniciar) refers to drv_monitor.o(.constdata) for .constdata
    drv_monitor.o(i.drv_monitor_marcar) refers to hal_gpio_lpc.o(i.hal_gpio_escribir) for hal_gpio_escribir
    drv_monitor.o(i.drv_monitor_marcar) refers to drv_monitor.o(.constdata) for .constdata
    rt_fifo.o(i.rt_FIFO_encolar) refers to drv_monitor.o(i.drv_monitor_marcar) for drv_monitor_marcar
    rt_fifo.o(i.rt_FIFO_encolar) refers to drv_tiempo.o(i.drv_tiempo_actual_ms) for drv_tiempo_actual_ms
    rt_fifo.o(i.rt_FIFO_encolar) refers to rt_fifo.o(.bss) for .bss
    rt_fifo.o(i.rt_FIFO_encolar_USR) refers to hal_concurrencia_lpc.o(i.SC_entrar_disable_irq) for SC_entrar_disable_irq
    rt_fifo.o(i.rt_FIFO_encolar_USR) refers to drv_monitor.o(i.drv_monitor_marcar) for drv_monitor_marcar
    rt_fifo.o(i.rt_FIFO_encolar_USR) refers to drv_tiempo.o(i.drv_tiempo_actual_ms) for drv_tiempo_actual_ms
    rt_fifo.o(i.rt_FIFO_encolar_USR) refers to hal_concurrencia_lpc.o(i.SC_salir_enable_irq) for SC_salir_enable_irq
    rt_fifo.o(i.rt_FIFO_encolar_USR) refers to rt_fifo.o(.bss) for .bss
    rt_fifo.o(i.rt_FIFO_extraer) refers to hal_concurrencia_lpc.o(i.SC_entrar_disable_irq) for SC_entrar_disable_irq
    rt_fifo.o(i.rt_FIFO_extraer) refers to hal_concurrencia_lpc.o(i.SC_salir_enable_irq) for SC_salir_enable_irq
    rt_fifo.o(i.rt_FIFO_extraer) refers to rt_fifo.o(.bss) for .bss
    rt_fifo.o(i.rt_FIFO_inicializar) refers to rt_fifo.o(.bss) for .bss
    rt_ge.o(i.rt_GE_iniciar) refers to drv_monitor.o(i.drv_monitor_marcar) for drv_monitor_marcar
    rt_ge.o(i.rt_GE_iniciar) refers to rt_ge.o(.bss) for .bss
    rt_ge.o(i.rt_GE_iniciar) refers to rt_ge.o(i.rt_GE_tratar) for rt_GE_tratar
    rt_ge.o(i.rt_GE_iniciar) refers to rt_ge.o(.data) for .data
    rt_ge.o(i.rt_GE_lanzador) refers to svc_alarma.o(i.svc_alarma_activar) for svc_alarma_activar
    rt_ge.o(i.rt_GE_lanzador) refers to hal_wdt_lpc.o(i.hal_WDT_feed) for hal_WDT_feed
    rt_ge.o(i.rt_GE_lanzador) refers to rt_fifo.o(i.rt_FIFO_extraer) for rt_FIFO_extraer
    rt_ge.o(i.rt_GE_lanzador) refers to drv_consumo.o(i.drv_consumo_esperar) for drv_consumo_esperar
    rt_ge.o(i.rt_GE_lanzador) refers to rt_ge.o(.bss) for .bss
    rt_ge.o(i.rt_GE_tratar) refers to drv_consumo.o(i.drv_consumo_dormir) for drv_consumo_dormir
    rt_ge.o(i.rt_GE_tratar) refers to svc_alarma.o(i.svc_alarma_activar) for svc_alarma_activar
    rt_ge.o(i.svc_GE_cancelar) refers to drv_monitor.o(i.drv_monitor_marcar) for drv_monitor_marcar
    rt_ge.o(i.svc_GE_cancelar) refers to rt_ge.o(.bss) for .bss
    rt_ge.o(i.svc_GE_cancelar) refers to rt_ge.o(.data) for .data
    rt_ge.o(i.svc_GE_suscribir) refers to drv_monitor.o(i.drv_monitor_marcar) for drv_monitor_marcar
    rt_ge.o(i.svc_GE_suscribir) refers to rt_ge.o(.bss) for .bss
    rt_ge.o(i.svc_GE_suscribir) refers to rt_ge.o(.data) for .data
    svc_alarma.o(i.svc_alarma_activar) refers to drv_monitor.o(i.drv_monitor_marcar) for drv_monitor_marcar
    svc_alarma.o(i.svc_alarma_activar) refers to svc_alarma.o(.bss) for .bss
    svc_alarma.o(i.svc_alarma_activar) refers to svc_alarma.o(.data) for .data
    svc_alarma.o(i.svc_alarma_iniciar) refers to rt_ge.o(i.svc_GE_suscribir) for svc_GE_suscribir
    svc_alarma.o(i.svc_alarma_iniciar) refers to drv_tiempo.o(i.drv_tiempo_periodico_ms) for drv_tiempo_periodico_ms
    svc_alarma.o(i.svc_alarma_iniciar) refers to svc_alarma.o(.data) for .data
    svc_alarma.o(i.svc_alarma_iniciar) refers to svc_alarma.o(i.svc_alarma_tratar) for svc_alarma_tratar
    svc_alarma.o(i.svc_alarma_iniciar) refers to svc_alarma.o(.bss) for .bss
    svc_alarma.o(i.svc_alarma_tratar) refers to svc_alarma.o(.data) for .data
    svc_alarma.o(i.svc_alarma_tratar) refers to svc_alarma.o(.bss) for .bss
    drv_botones.o(i.drv_botones_iniciar) refers to hal_gpio_lpc.o(i.hal_gpio_sentido) for hal_gpio_sentido
    drv_botones.o(i.drv_botones_iniciar) refers to hal_ext_int_lpc.o(i.hal_ext_int_iniciar) for hal_ext_int_iniciar
    drv_botones.o(i.drv_botones_iniciar) refers to hal_ext_int_lpc.o(i.hal_ext_int_habilitar_despertar) for hal_ext_int_habilitar_despertar
    drv_botones.o(i.drv_botones_iniciar) refers to rt_ge.o(i.svc_GE_suscribir) for svc_GE_suscribir
    drv_botones.o(i.drv_botones_iniciar) refers to drv_botones.o(.data) for .data
    drv_botones.o(i.drv_botones_iniciar) refers to drv_botones.o(.constdata) for .constdata
    drv_botones.o(i.drv_botones_iniciar) refers to drv_botones.o(.bss) for .bss
    drv_botones.o(i.drv_botones_iniciar) refers to drv_botones.o(i.drv_cb_desde_hal) for drv_cb_desde_hal
    drv_botones.o(i.drv_botones_iniciar) refers to drv_botones.o(i.drv_botones_tratar) for drv_botones_tratar
    drv_botones.o(i.drv_botones_tratar) refers to hal_ext_int_lpc.o(i.hal_ext_int_habilitar_int) for hal_ext_int_habilitar_int
    drv_botones.o(i.drv_botones_tratar) refers to svc_alarma.o(i.svc_alarma_activar) for svc_alarma_activar
    drv_botones.o(i.drv_botones_tratar) refers to hal_ext_int_lpc.o(i.hal_ext_int_leerINT) for hal_ext_int_leerINT
    drv_botones.o(i.drv_botones_tratar) refers to drv_botones.o(.constdata) for .constdata
    drv_botones.o(i.drv_botones_tratar) refers to drv_botones.o(.bss) for .bss
    drv_botones.o(i.drv_botones_tratar) refers to drv_botones.o(.data) for .data
    drv_botones.o(i.drv_cb_desde_hal) refers to drv_botones.o(.data) for .data
    random.o(i.random_generate) refers to aeabi_sdivfast.o(.text_udiv) for __aeabi_uidivmod
    random.o(i.random_generate) refers to random.o(.data) for .data
    random.o(i.random_init) refers to random.o(.data) for .data
    simon.o(i.simon) refers to drv_leds.o(i.drv_led_apagar) for drv_led_apagar
    simon.o(i.simon) refers to svc_alarma.o(i.svc_alarma_activar) for svc_alarma_activar
    simon.o(i.simon) refers to drv_leds.o(i.drv_led_encender) for drv_led_encender
    simon.o(i.simon) refers to simon.o(.data) for .data
    simon.o(i.simon) refers to simon.o(.bss) for .bss
    simon.o(i.simon_iniciar) refers to random.o(i.random_init) for random_init
    simon.o(i.simon_iniciar) refers to random.o(i.random_generate) for random_generate
    simon.o(i.simon_iniciar) refers to rt_ge.o(i.svc_GE_suscribir) for svc_GE_suscribir
    simon.o(i.simon_iniciar) refers to svc_alarma.o(i.svc_alarma_activar) for svc_alarma_activar
    simon.o(i.simon_iniciar) refers to rt_ge.o(i.rt_GE_lanzador) for rt_GE_lanzador
    simon.o(i.simon_iniciar) refers to simon.o(.data) for .data
    simon.o(i.simon_iniciar) refers to simon.o(.bss) for .bss
    simon.o(i.simon_iniciar) refers to simon.o(i.simon) for simon
    hal_tiempo_lpc.o(i.hal_tiempo_actual_tick) refers to hal_tiempo_lpc.o(.data) for .data
    hal_tiempo_lpc.o(i.hal_tiempo_iniciar_tick) refers to hal_tiempo_lpc.o(.data) for .data
    hal_tiempo_lpc.o(i.hal_tiempo_iniciar_tick) refers to hal_tiempo_lpc.o(i.timer0_ISR) for timer0_ISR
    hal_tiempo_lpc.o(i.hal_tiempo_reloj_periodico_tick) refers to hal_tiempo_lpc.o(.data) for .data
    hal_tiempo_lpc.o(i.hal_tiempo_reloj_periodico_tick) refers to hal_tiempo_lpc.o(i.timer1_ISR) for timer1_ISR
    hal_tiempo_lpc.o(i.timer0_ISR) refers to hal_tiempo_lpc.o(.data) for .data
    hal_tiempo_lpc.o(i.timer1_ISR) refers to hal_tiempo_lpc.o(.data) for .data
    hal_consumo_lpc.o(i.hal_consumo_dormir) refers to startup.o(.text) for switch_to_PLL
    hal_ext_int_lpc.o(i.eint0_ISR) refers to hal_ext_int_lpc.o(.data) for .data
    hal_ext_int_lpc.o(i.eint1_ISR) refers to hal_ext_int_lpc.o(.data) for .data
    hal_ext_int_lpc.o(i.eint2_ISR) refers to hal_ext_int_lpc.o(.data) for .data
    hal_ext_int_lpc.o(i.hal_ext_int_iniciar) refers to hal_ext_int_lpc.o(.data) for .data
    hal_ext_int_lpc.o(i.hal_ext_int_iniciar) refers to hal_ext_int_lpc.o(i.eint0_ISR) for eint0_ISR
    hal_ext_int_lpc.o(i.hal_ext_int_iniciar) refers to hal_ext_int_lpc.o(i.eint1_ISR) for eint1_ISR
    hal_ext_int_lpc.o(i.hal_ext_int_iniciar) refers to hal_ext_int_lpc.o(i.eint2_ISR) for eint2_ISR
    hal_wdt_lpc.o(i.hal_WDT_feed) refers to hal_concurrencia_lpc.o(i.SC_entrar_disable_irq) for SC_entrar_disable_irq
    hal_wdt_lpc.o(i.hal_WDT_feed) refers to hal_concurrencia_lpc.o(i.SC_salir_enable_irq) for SC_salir_enable_irq
    hal_wdt_lpc.o(i.hal_WDT_iniciar) refers to hal_concurrencia_lpc.o(i.SC_entrar_disable_irq) for SC_entrar_disable_irq
    hal_wdt_lpc.o(i.hal_WDT_iniciar) refers to hal_concurrencia_lpc.o(i.SC_salir_enable_irq) for SC_salir_enable_irq
    hal_concurrencia_lpc.o(i.SC_entrar_disable_irq) refers to hal_concurrencia_lpc.o(.data) for .data
    hal_concurrencia_lpc.o(i.SC_salir_enable_irq) refers to hal_concurrencia_lpc.o(.data) for .data
    startup.o(STACK) refers (Special) to heapauxi.o(.text) for __use_two_region_memory
    startup.o(HEAP) refers (Special) to heapauxi.o(.text) for __use_two_region_memory
    startup.o(RESET) refers (Special) to heapauxi.o(.text) for __use_two_region_memory
    startup.o(RESET) refers to startup.o(STACK) for Stack_Top
    startup.o(RESET) refers to __main.o(!!!main) for __main
    startup.o(.text) refers (Special) to heapauxi.o(.text) for __use_two_region_memory
    startup.o(.text) refers to startup.o(HEAP) for Heap_Mem
    startup.o(.text) refers to startup.o(STACK) for Stack_Mem
    aeabi_sdivfast.o(.text_udiv) refers to aeabi_sdivfast.o(.text) for __arm_div2
    aeabi_sdivfast_div0.o(.text_udiv) refers to aeabi_sdivfast_div0.o(.text) for __arm_div2
    __main.o(!!!main) refers to __rtentry.o(.ARM.Collect$$rtentry$$00000000) for __rt_entry
    __rtentry.o(.ARM.Collect$$rtentry$$00000000) refers (Special) to __rtentry2.o(.ARM.Collect$$rtentry$$0000000A) for __rt_entry_li
    __rtentry.o(.ARM.Collect$$rtentry$$00000000) refers (Special) to __rtentry2.o(.ARM.Collect$$rtentry$$0000000D) for __rt_entry_main
    __rtentry.o(.ARM.Collect$$rtentry$$00000000) refers (Special) to __rtentry2.o(.ARM.Collect$$rtentry$$0000000C) for __rt_entry_postli_1
    __rtentry.o(.ARM.Collect$$rtentry$$00000000) refers (Special) to __rtentry2.o(.ARM.Collect$$rtentry$$00000009) for __rt_entry_postsh_1
    __rtentry.o(.ARM.Collect$$rtentry$$00000000) refers (Special) to __rtentry2.o(.ARM.Collect$$rtentry$$00000002) for __rt_entry_presh_1
    __rtentry.o(.ARM.Collect$$rtentry$$00000000) refers (Special) to __rtentry4.o(.ARM.Collect$$rtentry$$00000004) for __rt_entry_sh
    aeabi_idiv0_sigfpe.o(.text) refers to rt_div0.o(.text) for __rt_div0
    aeabi_ldiv0_sigfpe.o(.text) refers to rt_div0.o(.text) for __rt_div0
    __rtentry2.o(.ARM.Collect$$rtentry$$00000008) refers to boardinit2.o(.text) for _platform_post_stackheap_init
    __rtentry2.o(.ARM.Collect$$rtentry$$0000000A) refers to libinit.o(.ARM.Collect$$libinit$$00000000) for __rt_lib_init
    __rtentry2.o(.ARM.Collect$$rtentry$$0000000B) refers to boardinit3.o(.text) for _platform_post_lib_init
    __rtentry2.o(.ARM.Collect$$rtentry$$0000000D) refers to exit.o(.text) for exit
    __rtentry2.o(.ARM.Collect$$rtentry$$0000000D) refers to main.o(i.main) for main
    __rtentry2.o(.ARM.exidx) refers to __rtentry2.o(.ARM.Collect$$rtentry$$00000001) for .ARM.Collect$$rtentry$$00000001
    __rtentry2.o(.ARM.exidx) refers to __rtentry2.o(.ARM.Collect$$rtentry$$00000008) for .ARM.Collect$$rtentry$$00000008
    __rtentry2.o(.ARM.exidx) refers to __rtentry2.o(.ARM.Collect$$rtentry$$0000000A) for .ARM.Collect$$rtentry$$0000000A
    __rtentry2.o(.ARM.exidx) refers to __rtentry2.o(.ARM.Collect$$rtentry$$0000000B) for .ARM.Collect$$rtentry$$0000000B
    __rtentry2.o(.ARM.exidx) refers to __rtentry2.o(.ARM.Collect$$rtentry$$0000000D) for .ARM.Collect$$rtentry$$0000000D
    __rtentry4.o(.ARM.Collect$$rtentry$$00000004) refers to sys_stackheap_outer.o(.text) for __user_setup_stackheap
    __rtentry4.o(.ARM.exidx) refers to __rtentry4.o(.ARM.Collect$$rtentry$$00000004) for .ARM.Collect$$rtentry$$00000004
    rt_div0.o(.text) refers to defsig_fpe_outer.o(.text) for __rt_SIGFPE
    sys_stackheap_outer.o(.text) refers to libspace.o(.text) for __user_perproc_libspace
    sys_stackheap_outer.o(.text) refers to startup.o(.text) for __user_initial_stackheap
    exit.o(.text) refers to rtexit.o(.ARM.Collect$$rtexit$$00000000) for __rt_exit
    defsig_fpe_outer.o(.text) refers to defsig_fpe_inner.o(.text) for __rt_SIGFPE_inner
    defsig_fpe_outer.o(.text) refers to defsig_exit.o(.text) for __sig_exit
    defsig_fpe_formal.o(.text) refers to rt_raise.o(.text) for __rt_raise
    libinit.o(.ARM.Collect$$libinit$$00000000) refers (Special) to libinit2.o(.ARM.Collect$$libinit$$0000002E) for __rt_lib_init_alloca_1
    libinit.o(.ARM.Collect$$libinit$$00000000) refers (Special) to libinit2.o(.ARM.Collect$$libinit$$0000002C) for __rt_lib_init_argv_1
    libinit.o(.ARM.Collect$$libinit$$00000000) refers (Special) to libinit2.o(.ARM.Collect$$libinit$$0000001B) for __rt_lib_init_atexit_1
    libinit.o(.ARM.Collect$$libinit$$00000000) refers (Special) to libinit2.o(.ARM.Collect$$libinit$$00000021) for __rt_lib_init_clock_1
    libinit.o(.ARM.Collect$$libinit$$00000000) refers (Special) to libinit2.o(.ARM.Collect$$libinit$$00000032) for __rt_lib_init_cpp_1
    libinit.o(.ARM.Collect$$libinit$$00000000) refers (Special) to libinit2.o(.ARM.Collect$$libinit$$00000030) for __rt_lib_init_exceptions_1
    libinit.o(.ARM.Collect$$libinit$$00000000) refers (Special) to libinit2.o(.ARM.Collect$$libinit$$00000002) for __rt_lib_init_fp_1
    libinit.o(.ARM.Collect$$libinit$$00000000) refers (Special) to libinit2.o(.ARM.Collect$$libinit$$0000001F) for __rt_lib_init_fp_trap_1
    libinit.o(.ARM.Collect$$libinit$$00000000) refers (Special) to libinit2.o(.ARM.Collect$$libinit$$00000023) for __rt_lib_init_getenv_1
    libinit.o(.ARM.Collect$$libinit$$00000000) refers (Special) to libinit2.o(.ARM.Collect$$libinit$$0000000A) for __rt_lib_init_heap_1
    libinit.o(.ARM.Collect$$libinit$$00000000) refers (Special) to libinit2.o(.ARM.Collect$$libinit$$00000011) for __rt_lib_init_lc_collate_1
    libinit.o(.ARM.Collect$$libinit$$00000000) refers (Special) to libinit2.o(.ARM.Collect$$libinit$$00000013) for __rt_lib_init_lc_ctype_1
    libinit.o(.ARM.Collect$$libinit$$00000000) refers (Special) to libinit2.o(.ARM.Collect$$libinit$$00000015) for __rt_lib_init_lc_monetary_1
    libinit.o(.ARM.Collect$$libinit$$00000000) refers (Special) to libinit2.o(.ARM.Collect$$libinit$$00000017) for __rt_lib_init_lc_numeric_1
    libinit.o(.ARM.Collect$$libinit$$00000000) refers (Special) to libinit2.o(.ARM.Collect$$libinit$$00000019) for __rt_lib_init_lc_time_1
    libinit.o(.ARM.Collect$$libinit$$00000000) refers (Special) to libinit2.o(.ARM.Collect$$libinit$$00000004) for __rt_lib_init_preinit_1
    libinit.o(.ARM.Collect$$libinit$$00000000) refers (Special) to libinit2.o(.ARM.Collect$$libinit$$0000000E) for __rt_lib_init_rand_1
    libinit.o(.ARM.Collect$$libinit$$00000000) refers (Special) to libinit2.o(.ARM.Collect$$libinit$$00000033) for __rt_lib_init_return
    libinit.o(.ARM.Collect$$libinit$$00000000) refers (Special) to libinit2.o(.ARM.Collect$$libinit$$0000001D) for __rt_lib_init_signal_1
    libinit.o(.ARM.Collect$$libinit$$00000000) refers (Special) to libinit2.o(.ARM.Collect$$libinit$$00000025) for __rt_lib_init_stdio_1
    libinit.o(.ARM.Collect$$libinit$$00000000) refers (Special) to libinit2.o(.ARM.Collect$$libinit$$0000000C) for __rt_lib_init_user_alloc_1
    libspace.o(.text) refers to libspace.o(.bss) for __libspace_start
    rtexit.o(.ARM.Collect$$rtexit$$00000000) refers (Special) to rtexit2.o(.ARM.Collect$$rtexit$$00000004) for __rt_exit_exit
    rtexit.o(.ARM.Collect$$rtexit$$00000000) refers (Special) to rtexit2.o(.ARM.Collect$$rtexit$$00000003) for __rt_exit_ls
    rtexit.o(.ARM.Collect$$rtexit$$00000000) refers (Special) to rtexit2.o(.ARM.Collect$$rtexit$$00000002) for __rt_exit_prels_1
    rtexit.o(.ARM.exidx) refers (Special) to rtexit2.o(.ARM.Collect$$rtexit$$00000004) for __rt_exit_exit
    rtexit.o(.ARM.exidx) refers (Special) to rtexit2.o(.ARM.Collect$$rtexit$$00000003) for __rt_exit_ls
    rtexit.o(.ARM.exidx) refers (Special) to rtexit2.o(.ARM.Collect$$rtexit$$00000002) for __rt_exit_prels_1
    rtexit.o(.ARM.exidx) refers to rtexit.o(.ARM.Collect$$rtexit$$00000000) for .ARM.Collect$$rtexit$$00000000
    rt_raise.o(.text) refers to __raise.o(.text) for __raise
    rt_raise.o(.text) refers to sys_exit.o(.text) for _sys_exit
    defsig_exit.o(.text) refers to sys_exit.o(.text) for _sys_exit
    defsig_fpe_inner.o(.text) refers to defsig_general.o(.text) for __default_signal_display
    libinit2.o(.ARM.Collect$$libinit$$00000001) refers to fpinit.o(x$fpl$fpinit) for _fp_init
    libinit2.o(.ARM.Collect$$libinit$$00000010) refers to libinit2.o(.ARM.Collect$$libinit$$0000000F) for .ARM.Collect$$libinit$$0000000F
    libinit2.o(.ARM.Collect$$libinit$$00000012) refers to libinit2.o(.ARM.Collect$$libinit$$0000000F) for .ARM.Collect$$libinit$$0000000F
    libinit2.o(.ARM.Collect$$libinit$$00000014) refers to libinit2.o(.ARM.Collect$$libinit$$0000000F) for .ARM.Collect$$libinit$$0000000F
    libinit2.o(.ARM.Collect$$libinit$$00000016) refers to libinit2.o(.ARM.Collect$$libinit$$0000000F) for .ARM.Collect$$libinit$$0000000F
    libinit2.o(.ARM.Collect$$libinit$$00000018) refers to libinit2.o(.ARM.Collect$$libinit$$0000000F) for .ARM.Collect$$libinit$$0000000F
    libinit2.o(.ARM.Collect$$libinit$$00000026) refers to argv_veneer.o(.emb_text) for __ARM_argv_veneer
    libinit2.o(.ARM.Collect$$libinit$$00000027) refers to argv_veneer.o(.emb_text) for __ARM_argv_veneer
    sys_exit.o(.text) refers (Special) to use_no_semi.o(.text) for __I$use$semihosting
    sys_exit.o(.text) refers (Special) to indicate_semi.o(.text) for __semihosting_library_function
    rtexit2.o(.ARM.Collect$$rtexit$$00000003) refers to libshutdown.o(.ARM.Collect$$libshutdown$$00000000) for __rt_lib_shutdown
    rtexit2.o(.ARM.Collect$$rtexit$$00000004) refers to sys_exit.o(.text) for _sys_exit
    rtexit2.o(.ARM.exidx) refers to rtexit2.o(.ARM.Collect$$rtexit$$00000001) for .ARM.Collect$$rtexit$$00000001
    rtexit2.o(.ARM.exidx) refers to rtexit2.o(.ARM.Collect$$rtexit$$00000003) for .ARM.Collect$$rtexit$$00000003
    rtexit2.o(.ARM.exidx) refers to rtexit2.o(.ARM.Collect$$rtexit$$00000004) for .ARM.Collect$$rtexit$$00000004
    __raise.o(.text) refers to __raise.o(i.__ARM_common_call_via_r2) for __ARM_common_call_via_r2
    __raise.o(.text) refers to defsig.o(CL$$defsig) for __default_signal_handler
    defsig_general.o(.text) refers to sys_wrch.o(.text) for _ttywrch
    argv_veneer.o(.emb_text) refers to no_argv.o(.text) for __ARM_get_argv
    sys_wrch.o(.text) refers (Special) to use_no_semi.o(.text) for __I$use$semihosting
    sys_wrch.o(.text) refers (Special) to indicate_semi.o(.text) for __semihosting_library_function
    defsig.o(CL$$defsig) refers to defsig_fpe_inner.o(.text) for __rt_SIGFPE_inner
    defsig.o(CL$$defsig) refers to defsig_rtmem_inner.o(.text) for __rt_SIGRTMEM_inner
    _get_argv_nomalloc.o(.text) refers (Special) to hrguard.o(.text) for __heap_region$guard
    _get_argv_nomalloc.o(.text) refers to defsig_rtmem_outer.o(.text) for __rt_SIGRTMEM
    _get_argv_nomalloc.o(.text) refers to sys_command.o(.text) for _sys_command_string
    libshutdown.o(.ARM.Collect$$libshutdown$$00000000) refers (Special) to libshutdown2.o(.ARM.Collect$$libshutdown$$00000002) for __rt_lib_shutdown_cpp_1
    libshutdown.o(.ARM.Collect$$libshutdown$$00000000) refers (Special) to libshutdown2.o(.ARM.Collect$$libshutdown$$00000007) for __rt_lib_shutdown_fp_trap_1
    libshutdown.o(.ARM.Collect$$libshutdown$$00000000) refers (Special) to libshutdown2.o(.ARM.Collect$$libshutdown$$0000000F) for __rt_lib_shutdown_heap_1
    libshutdown.o(.ARM.Collect$$libshutdown$$00000000) refers (Special) to libshutdown2.o(.ARM.Collect$$libshutdown$$00000010) for __rt_lib_shutdown_return
    libshutdown.o(.ARM.Collect$$libshutdown$$00000000) refers (Special) to libshutdown2.o(.ARM.Collect$$libshutdown$$0000000A) for __rt_lib_shutdown_signal_1
    libshutdown.o(.ARM.Collect$$libshutdown$$00000000) refers (Special) to libshutdown2.o(.ARM.Collect$$libshutdown$$00000004) for __rt_lib_shutdown_stdio_1
    libshutdown.o(.ARM.Collect$$libshutdown$$00000000) refers (Special) to libshutdown2.o(.ARM.Collect$$libshutdown$$0000000C) for __rt_lib_shutdown_user_alloc_1
    sys_command.o(.text) refers (Special) to use_no_semi.o(.text) for __I$use$semihosting
    sys_command.o(.text) refers (Special) to indicate_semi.o(.text) for __semihosting_library_function
    defsig_abrt_inner.o(.text) refers to defsig_general.o(.text) for __default_signal_display
    defsig_rtred_inner.o(.text) refers to defsig_general.o(.text) for __default_signal_display
    defsig_rtmem_inner.o(.text) refers to defsig_general.o(.text) for __default_signal_display
    defsig_rtmem_outer.o(.text) refers to defsig_rtmem_inner.o(.text) for __rt_SIGRTMEM_inner
    defsig_rtmem_outer.o(.text) refers to defsig_exit.o(.text) for __sig_exit
    defsig_rtmem_formal.o(.text) refers to rt_raise.o(.text) for __rt_raise
    defsig_stak_inner.o(.text) refers to defsig_general.o(.text) for __default_signal_display
    defsig_pvfn_inner.o(.text) refers to defsig_general.o(.text) for __default_signal_display
    defsig_cppl_inner.o(.text) refers to defsig_general.o(.text) for __default_signal_display
    defsig_segv_inner.o(.text) refers to defsig_general.o(.text) for __default_signal_display
    defsig_other.o(.text) refers to defsig_general.o(.text) for __default_signal_display


==============================================================================

Removing Unused input sections from the image.

    Removing drv_leds.o(i.drv_led_conmutar), (52 bytes).
    Removing drv_tiempo.o(i.drv_tiempo_actual_us), (36 bytes).
    Removing drv_tiempo.o(i.drv_tiempo_esperar_hasta_ms), (76 bytes).
    Removing drv_tiempo.o(i.drv_tiempo_esperar_ms), (72 bytes).
    Removing drv_consumo.o(i.drv_consumo_iniciar), (16 bytes).
    Removing drv_monitor.o(i.drv_monitor_iniciar), (80 bytes).
    Removing rt_ge.o(i.svc_GE_cancelar), (148 bytes).
    Removing hal_gpio_lpc.o(i.hal_gpio_escribir_n), (52 bytes).
    Removing hal_gpio_lpc.o(i.hal_gpio_leer), (32 bytes).
    Removing hal_gpio_lpc.o(i.hal_gpio_leer_n), (36 bytes).
    Removing hal_gpio_lpc.o(i.hal_gpio_sentido_n), (64 bytes).
    Removing hal_consumo_lpc.o(i.hal_consumo_iniciar), (4 bytes).
    Removing hal_ext_int_lpc.o(i.hal_ext_int_deshabilitar_despertar), (28 bytes).
    Removing hal_ext_int_lpc.o(i.hal_ext_int_deshabilitar_int), (20 bytes).
    Removing hal_ext_int_lpc.o(i.hal_ext_int_limpiarINT), (20 bytes).

15 unused section(s) (total 736 bytes) removed from the image.

==============================================================================

Adding Veneers to the image

    Adding AT veneer (8 bytes, Inline) for call to '__rt_lib_init' from __rtentry2.o(.ARM.Collect$$rtentry$$0000000A).
    Adding AT veneer (8 bytes, Inline) for call to '__rt_lib_shutdown' from rtexit2.o(.ARM.Collect$$rtexit$$00000003).
    Adding TA veneer (4 bytes, Inline) for call to '__rt_exit' from exit.o(.text).
    Adding AT veneer (8 bytes, Inline) for call to '_sys_exit' from rtexit2.o(.ARM.Collect$$rtexit$$00000004).

4 Veneer(s) (total 28 bytes) added to the image.

==============================================================================

Image Symbol Table

    Local Symbols

    Symbol Name                              Value     Ov Type        Size  Object(Section)

    RESET                                    0x00000000   Section      272  startup.o(RESET)
    ../clib/angel/boardlib.s                 0x00000000   Number         0  boardinit3.o ABSOLUTE
    ../clib/angel/boardlib.s                 0x00000000   Number         0  boardshut.o ABSOLUTE
    ../clib/angel/boardlib.s                 0x00000000   Number         0  boardinit1.o ABSOLUTE
    ../clib/angel/boardlib.s                 0x00000000   Number         0  boardinit2.o ABSOLUTE
    ../clib/angel/handlers.s                 0x00000000   Number         0  __scatter_zi.o ABSOLUTE
    ../clib/angel/handlers.s                 0x00000000   Number         0  __scatter_copy.o ABSOLUTE
    ../clib/angel/kernel.s                   0x00000000   Number         0  rtexit2.o ABSOLUTE
    ../clib/angel/kernel.s                   0x00000000   Number         0  rtexit.o ABSOLUTE
    ../clib/angel/kernel.s                   0x00000000   Number         0  __rtentry.o ABSOLUTE
    ../clib/angel/kernel.s                   0x00000000   Number         0  __rtentry2.o ABSOLUTE
    ../clib/angel/kernel.s                   0x00000000   Number         0  __rtentry4.o ABSOLUTE
    ../clib/angel/rt.s                       0x00000000   Number         0  rt_div0.o ABSOLUTE
    ../clib/angel/rt.s                       0x00000000   Number         0  aeabi_idiv0_sigfpe.o ABSOLUTE
    ../clib/angel/rt.s                       0x00000000   Number         0  aeabi_ldiv0_sigfpe.o ABSOLUTE
    ../clib/angel/rt.s                       0x00000000   Number         0  aeabi_idiv0.o ABSOLUTE
    ../clib/angel/rt.s                       0x00000000   Number         0  rt_raise.o ABSOLUTE
    ../clib/angel/rt.s                       0x00000000   Number         0  aeabi_ldiv0.o ABSOLUTE
    ../clib/angel/scatter.s                  0x00000000   Number         0  __scatter.o ABSOLUTE
    ../clib/angel/startup.s                  0x00000000   Number         0  __main.o ABSOLUTE
    ../clib/angel/sys.s                      0x00000000   Number         0  use_no_semi.o ABSOLUTE
    ../clib/angel/sys.s                      0x00000000   Number         0  indicate_semi.o ABSOLUTE
    ../clib/angel/sys.s                      0x00000000   Number         0  sys_stackheap_outer.o ABSOLUTE
    ../clib/angel/sys.s                      0x00000000   Number         0  libspace.o ABSOLUTE
    ../clib/angel/sysapp.c                   0x00000000   Number         0  sys_command.o ABSOLUTE
    ../clib/angel/sysapp.c                   0x00000000   Number         0  sys_wrch.o ABSOLUTE
    ../clib/angel/sysapp.c                   0x00000000   Number         0  sys_exit.o ABSOLUTE
    ../clib/armsys.c                         0x00000000   Number         0  no_argv.o ABSOLUTE
    ../clib/armsys.c                         0x00000000   Number         0  _get_argv_nomalloc.o ABSOLUTE
    ../clib/armsys.c                         0x00000000   Number         0  argv_veneer.o ABSOLUTE
    ../clib/armsys.c                         0x00000000   Number         0  argv_veneer.o ABSOLUTE
    ../clib/division.s                       0x00000000   Number         0  aeabi_sdivfast_div0.o ABSOLUTE
    ../clib/division.s                       0x00000000   Number         0  aeabi_sdivfast.o ABSOLUTE
    ../clib/divrt.s                          0x00000000   Number         0  divrt_7tdmi_div0.o ABSOLUTE
    ../clib/divrt.s                          0x00000000   Number         0  divrt_7tdmi.o ABSOLUTE
    ../clib/heapalloc.c                      0x00000000   Number         0  hrguard.o ABSOLUTE
    ../clib/heapaux.c                        0x00000000   Number         0  heapauxi.o ABSOLUTE
    ../clib/libinit.s                        0x00000000   Number         0  libinit2.o ABSOLUTE
    ../clib/libinit.s                        0x00000000   Number         0  libshutdown.o ABSOLUTE
    ../clib/libinit.s                        0x00000000   Number         0  libinit.o ABSOLUTE
    ../clib/libinit.s                        0x00000000   Number         0  libshutdown2.o ABSOLUTE
    ../clib/longlong.s                       0x00000000   Number         0  lludiv.o ABSOLUTE
    ../clib/signal.c                         0x00000000   Number         0  defsig_other.o ABSOLUTE
    ../clib/signal.c                         0x00000000   Number         0  __raise.o ABSOLUTE
    ../clib/signal.c                         0x00000000   Number         0  defsig_general.o ABSOLUTE
    ../clib/signal.c                         0x00000000   Number         0  defsig_exit.o ABSOLUTE
    ../clib/signal.c                         0x00000000   Number         0  defsig_fpe_outer.o ABSOLUTE
    ../clib/signal.c                         0x00000000   Number         0  defsig_segv_inner.o ABSOLUTE
    ../clib/signal.c                         0x00000000   Number         0  defsig_cppl_inner.o ABSOLUTE
    ../clib/signal.c                         0x00000000   Number         0  defsig_pvfn_inner.o ABSOLUTE
    ../clib/signal.c                         0x00000000   Number         0  defsig_fpe_formal.o ABSOLUTE
    ../clib/signal.c                         0x00000000   Number         0  defsig_rtmem_formal.o ABSOLUTE
    ../clib/signal.c                         0x00000000   Number         0  defsig_rtmem_outer.o ABSOLUTE
    ../clib/signal.c                         0x00000000   Number         0  defsig_fpe_inner.o ABSOLUTE
    ../clib/signal.c                         0x00000000   Number         0  defsig_rtmem_inner.o ABSOLUTE
    ../clib/signal.c                         0x00000000   Number         0  defsig_abrt_inner.o ABSOLUTE
    ../clib/signal.c                         0x00000000   Number         0  defsig_rtred_inner.o ABSOLUTE
    ../clib/signal.c                         0x00000000   Number         0  defsig_stak_inner.o ABSOLUTE
    ../clib/signal.s                         0x00000000   Number         0  defsig.o ABSOLUTE
    ../clib/stdlib.c                         0x00000000   Number         0  exit.o ABSOLUTE
    ../fplib/fpinit.s                        0x00000000   Number         0  fpinit.o ABSOLUTE
    ..\..\src\drv_botones.c                  0x00000000   Number         0  drv_botones.o ABSOLUTE
    ..\..\src\drv_consumo.c                  0x00000000   Number         0  drv_consumo.o ABSOLUTE
    ..\..\src\drv_leds.c                     0x00000000   Number         0  drv_leds.o ABSOLUTE
    ..\..\src\drv_monitor.c                  0x00000000   Number         0  drv_monitor.o ABSOLUTE
    ..\..\src\drv_tiempo.c                   0x00000000   Number         0  drv_tiempo.o ABSOLUTE
    ..\..\src\main.c                         0x00000000   Number         0  main.o ABSOLUTE
    ..\..\src\random.c                       0x00000000   Number         0  random.o ABSOLUTE
    ..\..\src\rt_GE.c                        0x00000000   Number         0  rt_ge.o ABSOLUTE
    ..\..\src\rt_fifo.c                      0x00000000   Number         0  rt_fifo.o ABSOLUTE
    ..\..\src\simon.c                        0x00000000   Number         0  simon.o ABSOLUTE
    ..\..\src\svc_alarma.c                   0x00000000   Number         0  svc_alarma.o ABSOLUTE
    ..\src_lpc\Startup.s                     0x00000000   Number         0  startup.o ABSOLUTE
    ..\src_lpc\hal_WDT_lpc.c                 0x00000000   Number         0  hal_wdt_lpc.o ABSOLUTE
    ..\src_lpc\hal_concurrencia_lpc.c        0x00000000   Number         0  hal_concurrencia_lpc.o ABSOLUTE
    ..\src_lpc\hal_consumo_lpc.c             0x00000000   Number         0  hal_consumo_lpc.o ABSOLUTE
    ..\src_lpc\hal_ext_int_lpc.c             0x00000000   Number         0  hal_ext_int_lpc.o ABSOLUTE
    ..\src_lpc\hal_gpio_lpc.c                0x00000000   Number         0  hal_gpio_lpc.o ABSOLUTE
    ..\src_lpc\hal_tiempo_lpc.c              0x00000000   Number         0  hal_tiempo_lpc.o ABSOLUTE
    dc.s                                     0x00000000   Number         0  dc.o ABSOLUTE
    Undef_Handler                            0x00000040   ARM Code       4  startup.o(RESET)
    SWI_Handler                              0x00000044   ARM Code       4  startup.o(RESET)
    PAbt_Handler                             0x00000048   ARM Code       4  startup.o(RESET)
    DAbt_Handler                             0x0000004c   ARM Code       4  startup.o(RESET)
    IRQ_Handler                              0x00000050   ARM Code       4  startup.o(RESET)
    FIQ_Handler                              0x00000054   ARM Code       4  startup.o(RESET)
    !!!main                                  0x00000110   Section        8  __main.o(!!!main)
    !!!scatter                               0x00000118   Section       60  __scatter.o(!!!scatter)
    !!handler_copy                           0x00000154   Section       40  __scatter_copy.o(!!handler_copy)
    !!handler_zi                             0x0000017c   Section       44  __scatter_zi.o(!!handler_zi)
    .ARM.Collect$$libinit$$00000000          0x000001b0   Section        2  libinit.o(.ARM.Collect$$libinit$$00000000)
    .ARM.Collect$$libinit$$00000002          0x000001b2   Section        0  libinit2.o(.ARM.Collect$$libinit$$00000002)
    .ARM.Collect$$libinit$$00000004          0x000001b2   Section        0  libinit2.o(.ARM.Collect$$libinit$$00000004)
    .ARM.Collect$$libinit$$0000000A          0x000001b2   Section        0  libinit2.o(.ARM.Collect$$libinit$$0000000A)
    .ARM.Collect$$libinit$$0000000C          0x000001b2   Section        0  libinit2.o(.ARM.Collect$$libinit$$0000000C)
    .ARM.Collect$$libinit$$0000000E          0x000001b2   Section        0  libinit2.o(.ARM.Collect$$libinit$$0000000E)
    .ARM.Collect$$libinit$$00000011          0x000001b2   Section        0  libinit2.o(.ARM.Collect$$libinit$$00000011)
    .ARM.Collect$$libinit$$00000013          0x000001b2   Section        0  libinit2.o(.ARM.Collect$$libinit$$00000013)
    .ARM.Collect$$libinit$$00000015          0x000001b2   Section        0  libinit2.o(.ARM.Collect$$libinit$$00000015)
    .ARM.Collect$$libinit$$00000017          0x000001b2   Section        0  libinit2.o(.ARM.Collect$$libinit$$00000017)
    .ARM.Collect$$libinit$$00000019          0x000001b2   Section        0  libinit2.o(.ARM.Collect$$libinit$$00000019)
    .ARM.Collect$$libinit$$0000001B          0x000001b2   Section        0  libinit2.o(.ARM.Collect$$libinit$$0000001B)
    .ARM.Collect$$libinit$$0000001D          0x000001b2   Section        0  libinit2.o(.ARM.Collect$$libinit$$0000001D)
    .ARM.Collect$$libinit$$0000001F          0x000001b2   Section        0  libinit2.o(.ARM.Collect$$libinit$$0000001F)
    .ARM.Collect$$libinit$$00000021          0x000001b2   Section        0  libinit2.o(.ARM.Collect$$libinit$$00000021)
    .ARM.Collect$$libinit$$00000023          0x000001b2   Section        0  libinit2.o(.ARM.Collect$$libinit$$00000023)
    .ARM.Collect$$libinit$$00000025          0x000001b2   Section        0  libinit2.o(.ARM.Collect$$libinit$$00000025)
    .ARM.Collect$$libinit$$0000002C          0x000001b2   Section        0  libinit2.o(.ARM.Collect$$libinit$$0000002C)
    .ARM.Collect$$libinit$$0000002E          0x000001b2   Section        0  libinit2.o(.ARM.Collect$$libinit$$0000002E)
    .ARM.Collect$$libinit$$00000030          0x000001b2   Section        0  libinit2.o(.ARM.Collect$$libinit$$00000030)
    .ARM.Collect$$libinit$$00000032          0x000001b2   Section        0  libinit2.o(.ARM.Collect$$libinit$$00000032)
    .ARM.Collect$$libinit$$00000033          0x000001b2   Section       12  libinit2.o(.ARM.Collect$$libinit$$00000033)
    .ARM.Collect$$libshutdown$$00000000      0x000001c8   Section        4  libshutdown.o(.ARM.Collect$$libshutdown$$00000000)
    .ARM.Collect$$libshutdown$$00000002      0x000001cc   Section        0  libshutdown2.o(.ARM.Collect$$libshutdown$$00000002)
    .ARM.Collect$$libshutdown$$00000004      0x000001cc   Section        0  libshutdown2.o(.ARM.Collect$$libshutdown$$00000004)
    .ARM.Collect$$libshutdown$$00000007      0x000001cc   Section        0  libshutdown2.o(.ARM.Collect$$libshutdown$$00000007)
    .ARM.Collect$$libshutdown$$0000000A      0x000001cc   Section        0  libshutdown2.o(.ARM.Collect$$libshutdown$$0000000A)
    .ARM.Collect$$libshutdown$$0000000C      0x000001cc   Section        0  libshutdown2.o(.ARM.Collect$$libshutdown$$0000000C)
    .ARM.Collect$$libshutdown$$0000000F      0x000001cc   Section        0  libshutdown2.o(.ARM.Collect$$libshutdown$$0000000F)
    .ARM.Collect$$libshutdown$$00000010      0x000001cc   Section        6  libshutdown2.o(.ARM.Collect$$libshutdown$$00000010)
    .ARM.Collect$$rtentry$$00000000          0x000001d4   Section        0  __rtentry.o(.ARM.Collect$$rtentry$$00000000)
    .ARM.Collect$$rtentry$$00000002          0x000001d4   Section        0  __rtentry2.o(.ARM.Collect$$rtentry$$00000002)
    .ARM.Collect$$rtentry$$00000004          0x000001d4   Section        8  __rtentry4.o(.ARM.Collect$$rtentry$$00000004)
    .ARM.Collect$$rtentry$$00000009          0x000001dc   Section        0  __rtentry2.o(.ARM.Collect$$rtentry$$00000009)
    .ARM.Collect$$rtentry$$0000000A          0x000001dc   Section        4  __rtentry2.o(.ARM.Collect$$rtentry$$0000000A)
    .ARM.Collect$$rtentry$$0000000C          0x000001e0   Section        0  __rtentry2.o(.ARM.Collect$$rtentry$$0000000C)
    .ARM.Collect$$rtentry$$0000000D          0x000001e0   Section       40  __rtentry2.o(.ARM.Collect$$rtentry$$0000000D)
    .ARM.Collect$$rtexit$$00000000           0x0000020c   Section        4  rtexit.o(.ARM.Collect$$rtexit$$00000000)
    .ARM.Collect$$rtexit$$00000002           0x00000210   Section        0  rtexit2.o(.ARM.Collect$$rtexit$$00000002)
    .ARM.Collect$$rtexit$$00000003           0x00000210   Section        4  rtexit2.o(.ARM.Collect$$rtexit$$00000003)
    .ARM.Collect$$rtexit$$00000004           0x00000214   Section        8  rtexit2.o(.ARM.Collect$$rtexit$$00000004)
    .text                                    0x0000021c   Section      136  startup.o(.text)
    .text                                    0x000002a4   Section      720  lludiv.o(.text)
    .text                                    0x00000574   Section      556  aeabi_sdivfast.o(.text)
    __arm_div_large_positive                 0x000005a8   ARM Code       0  aeabi_sdivfast.o(.text)
    __arm_div16                              0x000005d0   ARM Code       0  aeabi_sdivfast.o(.text)
    __arm_div12                              0x00000600   ARM Code       0  aeabi_sdivfast.o(.text)
    __arm_div8                               0x00000634   ARM Code       0  aeabi_sdivfast.o(.text)
    __arm_div5                               0x00000658   ARM Code       0  aeabi_sdivfast.o(.text)
    __arm_div2                               0x0000067c   ARM Code       0  aeabi_sdivfast.o(.text)
    .text                                    0x000007a0   Section        0  heapauxi.o(.text)
    .text                                    0x000007a8   Section       96  sys_stackheap_outer.o(.text)
    .text                                    0x00000808   Section        0  exit.o(.text)
    .text                                    0x0000081c   Section       12  libspace.o(.text)
    .text                                    0x00000830   Section        0  sys_exit.o(.text)
    .text                                    0x0000083c   Section        4  use_no_semi.o(.text)
    .text                                    0x00000840   Section        0  indicate_semi.o(.text)
    .text_udiv                               0x00000840   Section       48  aeabi_sdivfast.o(.text_udiv)
    i.SC_entrar_disable_irq                  0x00000870   Section        0  hal_concurrencia_lpc.o(i.SC_entrar_disable_irq)
    i.SC_salir_enable_irq                    0x0000089c   Section        0  hal_concurrencia_lpc.o(i.SC_salir_enable_irq)
    i.drv_botones_iniciar                    0x000008d0   Section        0  drv_botones.o(i.drv_botones_iniciar)
    i.drv_botones_tratar                     0x0000096c   Section        0  drv_botones.o(i.drv_botones_tratar)
    i.drv_cb_desde_hal                       0x00000a9c   Section        0  drv_botones.o(i.drv_cb_desde_hal)
    drv_cb_desde_hal                         0x00000a9c   ARM Code      48  drv_botones.o(i.drv_cb_desde_hal)
    i.drv_consumo_dormir                     0x00000ad0   Section        0  drv_consumo.o(i.drv_consumo_dormir)
    i.drv_consumo_esperar                    0x00000ad4   Section        0  drv_consumo.o(i.drv_consumo_esperar)
    i.drv_led_apagar                         0x00000af0   Section        0  drv_leds.o(i.drv_led_apagar)
    i.drv_led_encender                       0x00000b14   Section        0  drv_leds.o(i.drv_led_encender)
    i.drv_leds_iniciar                       0x00000b38   Section        0  drv_leds.o(i.drv_leds_iniciar)
    i.drv_monitor_desmarcar                  0x00000b88   Section        0  drv_monitor.o(i.drv_monitor_desmarcar)
    i.drv_monitor_marcar                     0x00000bac   Section        0  drv_monitor.o(i.drv_monitor_marcar)
    i.drv_tiempo_actual_ms                   0x00000bd0   Section        0  drv_tiempo.o(i.drv_tiempo_actual_ms)
    i.drv_tiempo_iniciar                     0x00000c00   Section        0  drv_tiempo.o(i.drv_tiempo_iniciar)
    i.drv_tiempo_periodico_ms                0x00000c1c   Section        0  drv_tiempo.o(i.drv_tiempo_periodico_ms)
    i.eint0_ISR                              0x00000c5c   Section        0  hal_ext_int_lpc.o(i.eint0_ISR)
    i.eint1_ISR                              0x00000ca0   Section        0  hal_ext_int_lpc.o(i.eint1_ISR)
    i.eint2_ISR                              0x00000ce4   Section        0  hal_ext_int_lpc.o(i.eint2_ISR)
    i.hal_WDT_feed                           0x00000d28   Section        0  hal_wdt_lpc.o(i.hal_WDT_feed)
    i.hal_WDT_iniciar                        0x00000d4c   Section        0  hal_wdt_lpc.o(i.hal_WDT_iniciar)
    i.hal_consumo_dormir                     0x00000d88   Section        0  hal_consumo_lpc.o(i.hal_consumo_dormir)
    i.hal_consumo_esperar                    0x00000da8   Section        0  hal_consumo_lpc.o(i.hal_consumo_esperar)
    i.hal_ext_int_habilitar_despertar        0x00000dc8   Section        0  hal_ext_int_lpc.o(i.hal_ext_int_habilitar_despertar)
    i.hal_ext_int_habilitar_int              0x00000de4   Section        0  hal_ext_int_lpc.o(i.hal_ext_int_habilitar_int)
    i.hal_ext_int_iniciar                    0x00000e28   Section        0  hal_ext_int_lpc.o(i.hal_ext_int_iniciar)
    i.hal_ext_int_leerINT                    0x00000f10   Section        0  hal_ext_int_lpc.o(i.hal_ext_int_leerINT)
    i.hal_gpio_escribir                      0x00000f60   Section        0  hal_gpio_lpc.o(i.hal_gpio_escribir)
    i.hal_gpio_iniciar                       0x00000f80   Section        0  hal_gpio_lpc.o(i.hal_gpio_iniciar)
    i.hal_gpio_sentido                       0x00000f94   Section        0  hal_gpio_lpc.o(i.hal_gpio_sentido)
    i.hal_tiempo_actual_tick                 0x00000fcc   Section        0  hal_tiempo_lpc.o(i.hal_tiempo_actual_tick)
    i.hal_tiempo_iniciar_tick                0x00000ff8   Section        0  hal_tiempo_lpc.o(i.hal_tiempo_iniciar_tick)
    i.hal_tiempo_reloj_periodico_tick        0x00001058   Section        0  hal_tiempo_lpc.o(i.hal_tiempo_reloj_periodico_tick)
    i.interna_callback                       0x000010c8   Section        0  drv_tiempo.o(i.interna_callback)
    interna_callback                         0x000010c8   ARM Code      28  drv_tiempo.o(i.interna_callback)
    i.main                                   0x000010e8   Section        0  main.o(i.main)
    i.random_generate                        0x00001164   Section        0  random.o(i.random_generate)
    i.random_init                            0x000011ac   Section        0  random.o(i.random_init)
    i.rt_FIFO_encolar                        0x000011c8   Section        0  rt_fifo.o(i.rt_FIFO_encolar)
    i.rt_FIFO_encolar_USR                    0x00001238   Section        0  rt_fifo.o(i.rt_FIFO_encolar_USR)
    i.rt_FIFO_extraer                        0x000012b4   Section        0  rt_fifo.o(i.rt_FIFO_extraer)
    i.rt_FIFO_inicializar                    0x00001330   Section        0  rt_fifo.o(i.rt_FIFO_inicializar)
    i.rt_GE_iniciar                          0x00001350   Section        0  rt_ge.o(i.rt_GE_iniciar)
    i.rt_GE_lanzador                         0x00001430   Section        0  rt_ge.o(i.rt_GE_lanzador)
    i.rt_GE_tratar                           0x000014c4   Section        0  rt_ge.o(i.rt_GE_tratar)
    i.simon                                  0x000014ec   Section        0  simon.o(i.simon)
    __switch$$                               0x00001524   ARM Code       0  simon.o(i.simon)
    i.simon_iniciar                          0x00001810   Section        0  simon.o(i.simon_iniciar)
    i.svc_GE_suscribir                       0x000018b0   Section        0  rt_ge.o(i.svc_GE_suscribir)
    i.svc_alarma_activar                     0x00001908   Section        0  svc_alarma.o(i.svc_alarma_activar)
    i.svc_alarma_iniciar                     0x00001b14   Section        0  svc_alarma.o(i.svc_alarma_iniciar)
    i.svc_alarma_tratar                      0x00001b74   Section        0  svc_alarma.o(i.svc_alarma_tratar)
    i.timer0_ISR                             0x00001c04   Section        0  hal_tiempo_lpc.o(i.timer0_ISR)
    i.timer1_ISR                             0x00001c3c   Section        0  hal_tiempo_lpc.o(i.timer1_ISR)
    .constdata                               0x00001c74   Section        4  drv_leds.o(.constdata)
    led_list                                 0x00001c74   Data           4  drv_leds.o(.constdata)
    .constdata                               0x00001c78   Section        4  drv_monitor.o(.constdata)
    monitor_list                             0x00001c78   Data           4  drv_monitor.o(.constdata)
    .constdata                               0x00001c7c   Section        3  drv_botones.o(.constdata)
    boton_list                               0x00001c7c   Data           3  drv_botones.o(.constdata)
    .data                                    0x40000000   Section        8  main.o(.data)
    Num_leds                                 0x40000000   Data           4  main.o(.data)
    Num_botones                              0x40000004   Data           4  main.o(.data)
    .data                                    0x40000008   Section       12  drv_tiempo.o(.data)
    hal_ticks2us                             0x40000008   Data           4  drv_tiempo.o(.data)
    callback_id                              0x4000000c   Data           4  drv_tiempo.o(.data)
    f_callback                               0x40000010   Data           4  drv_tiempo.o(.data)
    .data                                    0x40000014   Section        4  rt_ge.o(.data)
    mon_overflow                             0x40000014   Data           4  rt_ge.o(.data)
    .data                                    0x40000018   Section       12  svc_alarma.o(.data)
    fun_callback                             0x40000018   Data           4  svc_alarma.o(.data)
    fun_callback_USR                         0x4000001c   Data           4  svc_alarma.o(.data)
    mon_overflow                             0x40000020   Data           4  svc_alarma.o(.data)
    .data                                    0x40000024   Section       12  drv_botones.o(.data)
    tiempo_ret                               0x40000024   Data           4  drv_botones.o(.data)
    num_pulsados                             0x40000028   Data           4  drv_botones.o(.data)
    callback_encolar                         0x4000002c   Data           4  drv_botones.o(.data)
    .data                                    0x40000030   Section        4  random.o(.data)
    seed                                     0x40000030   Data           4  random.o(.data)
    .data                                    0x40000034   Section       52  simon.o(.data)
    Estado_Simon                             0x40000034   Data           1  simon.o(.data)
    leds_encendidos                          0x40000038   Data           4  simon.o(.data)
    tiempo_sin_pulsar                        0x4000003c   Data           4  simon.o(.data)
    tiempo_espera_led                        0x40000040   Data           4  simon.o(.data)
    tiempo_espera_inicial                    0x40000044   Data           4  simon.o(.data)
    tiempo_simon                             0x40000048   Data           4  simon.o(.data)
    tiempo_espera_encender                   0x4000004c   Data           4  simon.o(.data)
    indice                                   0x40000050   Data           4  simon.o(.data)
    indice_pulsado                           0x40000054   Data           4  simon.o(.data)
    indice_led                               0x40000058   Data           4  simon.o(.data)
    iter                                     0x4000005c   Data           4  simon.o(.data)
    Num_leds                                 0x40000060   Data           4  simon.o(.data)
    Num_botones                              0x40000064   Data           4  simon.o(.data)
    .data                                    0x40000068   Section        8  hal_tiempo_lpc.o(.data)
    timer0_int_count                         0x40000068   Data           4  hal_tiempo_lpc.o(.data)
    f_callback                               0x4000006c   Data           4  hal_tiempo_lpc.o(.data)
    .data                                    0x40000070   Section        4  hal_ext_int_lpc.o(.data)
    ext_int_callback                         0x40000070   Data           4  hal_ext_int_lpc.o(.data)
    .data                                    0x40000074   Section        4  hal_concurrencia_lpc.o(.data)
    m_in_critical_region                     0x40000074   Data           4  hal_concurrencia_lpc.o(.data)
    .bss                                     0x40000078   Section     1080  rt_fifo.o(.bss)
    fifo                                     0x40000078   Data        1080  rt_fifo.o(.bss)
    .bss                                     0x400004b0   Section      324  rt_ge.o(.bss)
    gestor_eventos                           0x400004b0   Data         324  rt_ge.o(.bss)
    .bss                                     0x400005f4   Section       80  svc_alarma.o(.bss)
    alarmas                                  0x400005f4   Data          80  svc_alarma.o(.bss)
    .bss                                     0x40000644   Section       36  drv_botones.o(.bss)
    botones                                  0x40000644   Data          36  drv_botones.o(.bss)
    .bss                                     0x40000668   Section       32  simon.o(.bss)
    vector_leds                              0x40000668   Data          32  simon.o(.bss)
    .bss                                     0x40000688   Section       96  libspace.o(.bss)
    HEAP                                     0x400006e8   Section        0  startup.o(HEAP)
    STACK                                    0x400006e8   Section     2176  startup.o(STACK)
    Heap_Mem                                 0x400006e8   Data           0  startup.o(HEAP)
    Stack_Mem                                0x400006e8   Data        1024  startup.o(STACK)
    Stack_Top                                0x40000f68   Data           0  startup.o(STACK)

    Global Symbols

    Symbol Name                              Value     Ov Type        Size  Object(Section)

    BuildAttributes$$THM_ISAv1$ARM_ISAv4$S$PE$A:L22$X:L11$S22$IEEE1$IW$USESV6$~STKCKD$USESV7$~SHL$OTIME$ROPI$EBA8$UX$STANDARDLIB$REQ8$PRES8$EABIv2 0x00000000   Number         0  anon$$obj.o ABSOLUTE
    __ARM_use_no_argv                        0x00000000   Number         0  main.o ABSOLUTE
    __ARM_exceptions_init                     - Undefined Weak Reference
    __alloca_initialize                       - Undefined Weak Reference
    __arm_preinit_                            - Undefined Weak Reference
    __cpp_initialize__aeabi_                  - Undefined Weak Reference
    __cxa_finalize                            - Undefined Weak Reference
    __rt_locale                               - Undefined Weak Reference
    __sigvec_lookup                           - Undefined Weak Reference
    _atexit_init                              - Undefined Weak Reference
    _call_atexit_fns                          - Undefined Weak Reference
    _clock_init                               - Undefined Weak Reference
    _fp_trap_init                             - Undefined Weak Reference
    _fp_trap_shutdown                         - Undefined Weak Reference
    _get_lc_collate                           - Undefined Weak Reference
    _get_lc_ctype                             - Undefined Weak Reference
    _get_lc_monetary                          - Undefined Weak Reference
    _get_lc_numeric                           - Undefined Weak Reference
    _get_lc_time                              - Undefined Weak Reference
    _getenv_init                              - Undefined Weak Reference
    _handle_redirection                       - Undefined Weak Reference
    _init_alloc                               - Undefined Weak Reference
    _init_user_alloc                          - Undefined Weak Reference
    _initio                                   - Undefined Weak Reference
    _rand_init                                - Undefined Weak Reference
    _signal_finish                            - Undefined Weak Reference
    _signal_init                              - Undefined Weak Reference
    _terminate_alloc                          - Undefined Weak Reference
    _terminate_user_alloc                     - Undefined Weak Reference
    _terminateio                              - Undefined Weak Reference
    Reset_Handler                            0x00000058   ARM Code       0  startup.o(RESET)
    __main                                   0x00000110   ARM Code       8  __main.o(!!!main)
    __scatterload                            0x00000118   ARM Code       0  __scatter.o(!!!scatter)
    __scatterload_rt2                        0x00000118   ARM Code      52  __scatter.o(!!!scatter)
    __scatterload_null                       0x0000012c   ARM Code       0  __scatter.o(!!!scatter)
    __scatterload_copy                       0x00000154   ARM Code      40  __scatter_copy.o(!!handler_copy)
    __scatterload_zeroinit                   0x0000017c   ARM Code      44  __scatter_zi.o(!!handler_zi)
    Inline ARM to Thumb Veneer to __rt_lib_init 0x000001a8   ARM Code       8  libinit.o(.ARM.Collect$$libinit$$00000000)
    __rt_lib_init                            0x000001b1   Thumb Code     0  libinit.o(.ARM.Collect$$libinit$$00000000)
    __rt_lib_init_alloca_1                   0x000001b3   Thumb Code     0  libinit2.o(.ARM.Collect$$libinit$$0000002E)
    __rt_lib_init_argv_1                     0x000001b3   Thumb Code     0  libinit2.o(.ARM.Collect$$libinit$$0000002C)
    __rt_lib_init_atexit_1                   0x000001b3   Thumb Code     0  libinit2.o(.ARM.Collect$$libinit$$0000001B)
    __rt_lib_init_clock_1                    0x000001b3   Thumb Code     0  libinit2.o(.ARM.Collect$$libinit$$00000021)
    __rt_lib_init_cpp_1                      0x000001b3   Thumb Code     0  libinit2.o(.ARM.Collect$$libinit$$00000032)
    __rt_lib_init_exceptions_1               0x000001b3   Thumb Code     0  libinit2.o(.ARM.Collect$$libinit$$00000030)
    __rt_lib_init_fp_1                       0x000001b3   Thumb Code     0  libinit2.o(.ARM.Collect$$libinit$$00000002)
    __rt_lib_init_fp_trap_1                  0x000001b3   Thumb Code     0  libinit2.o(.ARM.Collect$$libinit$$0000001F)
    __rt_lib_init_getenv_1                   0x000001b3   Thumb Code     0  libinit2.o(.ARM.Collect$$libinit$$00000023)
    __rt_lib_init_heap_1                     0x000001b3   Thumb Code     0  libinit2.o(.ARM.Collect$$libinit$$0000000A)
    __rt_lib_init_lc_collate_1               0x000001b3   Thumb Code     0  libinit2.o(.ARM.Collect$$libinit$$00000011)
    __rt_lib_init_lc_ctype_1                 0x000001b3   Thumb Code     0  libinit2.o(.ARM.Collect$$libinit$$00000013)
    __rt_lib_init_lc_monetary_1              0x000001b3   Thumb Code     0  libinit2.o(.ARM.Collect$$libinit$$00000015)
    __rt_lib_init_lc_numeric_1               0x000001b3   Thumb Code     0  libinit2.o(.ARM.Collect$$libinit$$00000017)
    __rt_lib_init_lc_time_1                  0x000001b3   Thumb Code     0  libinit2.o(.ARM.Collect$$libinit$$00000019)
    __rt_lib_init_preinit_1                  0x000001b3   Thumb Code     0  libinit2.o(.ARM.Collect$$libinit$$00000004)
    __rt_lib_init_rand_1                     0x000001b3   Thumb Code     0  libinit2.o(.ARM.Collect$$libinit$$0000000E)
    __rt_lib_init_return                     0x000001b3   Thumb Code     0  libinit2.o(.ARM.Collect$$libinit$$00000033)
    __rt_lib_init_signal_1                   0x000001b3   Thumb Code     0  libinit2.o(.ARM.Collect$$libinit$$0000001D)
    __rt_lib_init_stdio_1                    0x000001b3   Thumb Code     0  libinit2.o(.ARM.Collect$$libinit$$00000025)
    __rt_lib_init_user_alloc_1               0x000001b3   Thumb Code     0  libinit2.o(.ARM.Collect$$libinit$$0000000C)
    Inline ARM to Thumb Veneer to __rt_lib_shutdown 0x000001c0   ARM Code       8  libshutdown.o(.ARM.Collect$$libshutdown$$00000000)
    __rt_lib_shutdown                        0x000001c9   Thumb Code     0  libshutdown.o(.ARM.Collect$$libshutdown$$00000000)
    __rt_lib_shutdown_cpp_1                  0x000001cd   Thumb Code     0  libshutdown2.o(.ARM.Collect$$libshutdown$$00000002)
    __rt_lib_shutdown_fp_trap_1              0x000001cd   Thumb Code     0  libshutdown2.o(.ARM.Collect$$libshutdown$$00000007)
    __rt_lib_shutdown_heap_1                 0x000001cd   Thumb Code     0  libshutdown2.o(.ARM.Collect$$libshutdown$$0000000F)
    __rt_lib_shutdown_return                 0x000001cd   Thumb Code     0  libshutdown2.o(.ARM.Collect$$libshutdown$$00000010)
    __rt_lib_shutdown_signal_1               0x000001cd   Thumb Code     0  libshutdown2.o(.ARM.Collect$$libshutdown$$0000000A)
    __rt_lib_shutdown_stdio_1                0x000001cd   Thumb Code     0  libshutdown2.o(.ARM.Collect$$libshutdown$$00000004)
    __rt_lib_shutdown_user_alloc_1           0x000001cd   Thumb Code     0  libshutdown2.o(.ARM.Collect$$libshutdown$$0000000C)
    __rt_entry                               0x000001d4   ARM Code       0  __rtentry.o(.ARM.Collect$$rtentry$$00000000)
    __rt_entry_presh_1                       0x000001d4   ARM Code       0  __rtentry2.o(.ARM.Collect$$rtentry$$00000002)
    __rt_entry_sh                            0x000001d4   ARM Code       0  __rtentry4.o(.ARM.Collect$$rtentry$$00000004)
    __rt_entry_li                            0x000001dc   ARM Code       0  __rtentry2.o(.ARM.Collect$$rtentry$$0000000A)
    __rt_entry_postsh_1                      0x000001dc   ARM Code       0  __rtentry2.o(.ARM.Collect$$rtentry$$00000009)
    __rt_entry_main                          0x000001e0   ARM Code       0  __rtentry2.o(.ARM.Collect$$rtentry$$0000000D)
    __rt_entry_postli_1                      0x000001e0   ARM Code       0  __rtentry2.o(.ARM.Collect$$rtentry$$0000000C)
    Inline Thumb to ARM Veneer to __rt_exit  0x00000209   Thumb Code     4  rtexit.o(.ARM.Collect$$rtexit$$00000000)
    __rt_exit                                0x0000020c   ARM Code       0  rtexit.o(.ARM.Collect$$rtexit$$00000000)
    __rt_exit_ls                             0x00000210   ARM Code       0  rtexit2.o(.ARM.Collect$$rtexit$$00000003)
    __rt_exit_prels_1                        0x00000210   ARM Code       0  rtexit2.o(.ARM.Collect$$rtexit$$00000002)
    __rt_exit_exit                           0x00000214   ARM Code       0  rtexit2.o(.ARM.Collect$$rtexit$$00000004)
    __user_initial_stackheap                 0x0000021c   ARM Code       0  startup.o(.text)
    switch_to_PLL                            0x00000230   ARM Code       0  startup.o(.text)
    __Disable_irq                            0x00000274   ARM Code       4  startup.o(.text)
    __Enable_irq                             0x00000284   ARM Code       4  startup.o(.text)
    __aeabi_uldivmod                         0x000002a4   ARM Code       0  lludiv.o(.text)
    _ll_udiv                                 0x000002a4   ARM Code     720  lludiv.o(.text)
    _ll_udiv_donemoving                      0x000002b8   ARM Code       0  lludiv.o(.text)
    __aeabi_idiv                             0x00000574   ARM Code       0  aeabi_sdivfast.o(.text)
    __aeabi_idivmod                          0x00000574   ARM Code     556  aeabi_sdivfast.o(.text)
    __use_two_region_memory                  0x000007a1   Thumb Code     2  heapauxi.o(.text)
    __rt_heap_escrow$2region                 0x000007a3   Thumb Code     2  heapauxi.o(.text)
    __rt_heap_expand$2region                 0x000007a5   Thumb Code     2  heapauxi.o(.text)
    __user_setup_stackheap                   0x000007a8   ARM Code      96  sys_stackheap_outer.o(.text)
    exit                                     0x00000809   Thumb Code    20  exit.o(.text)
    __user_libspace                          0x0000081c   ARM Code      12  libspace.o(.text)
    __user_perproc_libspace                  0x0000081c   ARM Code       0  libspace.o(.text)
    __user_perthread_libspace                0x0000081c   ARM Code       0  libspace.o(.text)
    Inline ARM to Thumb Veneer to _sys_exit  0x00000828   ARM Code       8  sys_exit.o(.text)
    _sys_exit                                0x00000831   Thumb Code     8  sys_exit.o(.text)
    __I$use$semihosting                      0x0000083c   ARM Code       0  use_no_semi.o(.text)
    __use_no_semihosting_swi                 0x0000083c   ARM Code       4  use_no_semi.o(.text)
    __aeabi_uidiv                            0x00000840   ARM Code       0  aeabi_sdivfast.o(.text_udiv)
    __aeabi_uidivmod                         0x00000840   ARM Code      48  aeabi_sdivfast.o(.text_udiv)
    __semihosting_library_function           0x00000840   ARM Code       0  indicate_semi.o(.text)
    SC_entrar_disable_irq                    0x00000870   ARM Code      40  hal_concurrencia_lpc.o(i.SC_entrar_disable_irq)
    SC_salir_enable_irq                      0x0000089c   ARM Code      48  hal_concurrencia_lpc.o(i.SC_salir_enable_irq)
    drv_botones_iniciar                      0x000008d0   ARM Code     136  drv_botones.o(i.drv_botones_iniciar)
    drv_botones_tratar                       0x0000096c   ARM Code     292  drv_botones.o(i.drv_botones_tratar)
    drv_consumo_dormir                       0x00000ad0   ARM Code       4  drv_consumo.o(i.drv_consumo_dormir)
    drv_consumo_esperar                      0x00000ad4   ARM Code      28  drv_consumo.o(i.drv_consumo_esperar)
    drv_led_apagar                           0x00000af0   ARM Code      32  drv_leds.o(i.drv_led_apagar)
    drv_led_encender                         0x00000b14   ARM Code      32  drv_leds.o(i.drv_led_encender)
    drv_leds_iniciar                         0x00000b38   ARM Code      76  drv_leds.o(i.drv_leds_iniciar)
    drv_monitor_desmarcar                    0x00000b88   ARM Code      32  drv_monitor.o(i.drv_monitor_desmarcar)
    drv_monitor_marcar                       0x00000bac   ARM Code      32  drv_monitor.o(i.drv_monitor_marcar)
    drv_tiempo_actual_ms                     0x00000bd0   ARM Code      44  drv_tiempo.o(i.drv_tiempo_actual_ms)
    drv_tiempo_iniciar                       0x00000c00   ARM Code      24  drv_tiempo.o(i.drv_tiempo_iniciar)
    drv_tiempo_periodico_ms                  0x00000c1c   ARM Code      56  drv_tiempo.o(i.drv_tiempo_periodico_ms)
    eint0_ISR                                0x00000c5c   ARM Code      64  hal_ext_int_lpc.o(i.eint0_ISR)
    eint1_ISR                                0x00000ca0   ARM Code      64  hal_ext_int_lpc.o(i.eint1_ISR)
    eint2_ISR                                0x00000ce4   ARM Code      64  hal_ext_int_lpc.o(i.eint2_ISR)
    hal_WDT_feed                             0x00000d28   ARM Code      36  hal_wdt_lpc.o(i.hal_WDT_feed)
    hal_WDT_iniciar                          0x00000d4c   ARM Code      56  hal_wdt_lpc.o(i.hal_WDT_iniciar)
    hal_consumo_dormir                       0x00000d88   ARM Code      32  hal_consumo_lpc.o(i.hal_consumo_dormir)
    hal_consumo_esperar                      0x00000da8   ARM Code      32  hal_consumo_lpc.o(i.hal_consumo_esperar)
    hal_ext_int_habilitar_despertar          0x00000dc8   ARM Code      28  hal_ext_int_lpc.o(i.hal_ext_int_habilitar_despertar)
    hal_ext_int_habilitar_int                0x00000de4   ARM Code      68  hal_ext_int_lpc.o(i.hal_ext_int_habilitar_int)
    hal_ext_int_iniciar                      0x00000e28   ARM Code     216  hal_ext_int_lpc.o(i.hal_ext_int_iniciar)
    hal_ext_int_leerINT                      0x00000f10   ARM Code      80  hal_ext_int_lpc.o(i.hal_ext_int_leerINT)
    hal_gpio_escribir                        0x00000f60   ARM Code      32  hal_gpio_lpc.o(i.hal_gpio_escribir)
    hal_gpio_iniciar                         0x00000f80   ARM Code      20  hal_gpio_lpc.o(i.hal_gpio_iniciar)
    hal_gpio_sentido                         0x00000f94   ARM Code      56  hal_gpio_lpc.o(i.hal_gpio_sentido)
    hal_tiempo_actual_tick                   0x00000fcc   ARM Code      40  hal_tiempo_lpc.o(i.hal_tiempo_actual_tick)
    hal_tiempo_iniciar_tick                  0x00000ff8   ARM Code      88  hal_tiempo_lpc.o(i.hal_tiempo_iniciar_tick)
    hal_tiempo_reloj_periodico_tick          0x00001058   ARM Code     104  hal_tiempo_lpc.o(i.hal_tiempo_reloj_periodico_tick)
    main                                     0x000010e8   ARM Code     112  main.o(i.main)
    random_generate                          0x00001164   ARM Code      64  random.o(i.random_generate)
    random_init                              0x000011ac   ARM Code      20  random.o(i.random_init)
    rt_FIFO_encolar                          0x000011c8   ARM Code     108  rt_fifo.o(i.rt_FIFO_encolar)
    rt_FIFO_encolar_USR                      0x00001238   ARM Code     120  rt_fifo.o(i.rt_FIFO_encolar_USR)
    rt_FIFO_extraer                          0x000012b4   ARM Code     120  rt_fifo.o(i.rt_FIFO_extraer)
    rt_FIFO_inicializar                      0x00001330   ARM Code      28  rt_fifo.o(i.rt_FIFO_inicializar)
    rt_GE_iniciar                            0x00001350   ARM Code     208  rt_ge.o(i.rt_GE_iniciar)
    rt_GE_lanzador                           0x00001430   ARM Code     144  rt_ge.o(i.rt_GE_lanzador)
    rt_GE_tratar                             0x000014c4   ARM Code      40  rt_ge.o(i.rt_GE_tratar)
    simon                                    0x000014ec   ARM Code     796  simon.o(i.simon)
    simon_iniciar                            0x00001810   ARM Code     144  simon.o(i.simon_iniciar)
    svc_GE_suscribir                         0x000018b0   ARM Code      80  rt_ge.o(i.svc_GE_suscribir)
    svc_alarma_activar                       0x00001908   ARM Code     512  svc_alarma.o(i.svc_alarma_activar)
    svc_alarma_iniciar                       0x00001b14   ARM Code      84  svc_alarma.o(i.svc_alarma_iniciar)
    svc_alarma_tratar                        0x00001b74   ARM Code     136  svc_alarma.o(i.svc_alarma_tratar)
    timer0_ISR                               0x00001c04   ARM Code      52  hal_tiempo_lpc.o(i.timer0_ISR)
    timer1_ISR                               0x00001c3c   ARM Code      52  hal_tiempo_lpc.o(i.timer1_ISR)
    Region$$Table$$Base                      0x00001c80   Number         0  anon$$obj.o(Region$$Table)
    Region$$Table$$Limit                     0x00001ca0   Number         0  anon$$obj.o(Region$$Table)
    __libspace_start                         0x40000688   Data          96  libspace.o(.bss)
    __temporary_stack_top$libspace           0x400006e8   Data           0  libspace.o(.bss)



==============================================================================

Memory Map of the image

  Image Entry point : 0x00000110

  Load Region LR_IROM1 (Base: 0x00000000, Size: 0x00001d18, Max: 0x00020000, ABSOLUTE)

    Execution Region ER_IROM1 (Exec base: 0x00000000, Load base: 0x00000000, Size: 0x00001ca0, Max: 0x00020000, ABSOLUTE)

    Exec Addr    Load Addr    Size         Type   Attr      Idx    E Section Name        Object

    0x00000000   0x00000000   0x00000110   Code   RO          633    RESET               startup.o
    0x00000110   0x00000110   0x00000008   Code   RO          662  * !!!main             c_t.l(__main.o)
    0x00000118   0x00000118   0x0000003c   Code   RO          835    !!!scatter          c_t.l(__scatter.o)
    0x00000154   0x00000154   0x00000028   Code   RO          837    !!handler_copy      c_t.l(__scatter_copy.o)
    0x0000017c   0x0000017c   0x0000002c   Code   RO          839    !!handler_zi        c_t.l(__scatter_zi.o)
    0x000001a8   0x000001a8   0x00000008   Ven    RO          703    .ARM.Collect$$libinit$$00000000  c_t.l(libinit.o)
    0x000001b0   0x000001b0   0x00000002   Code   RO          703    .ARM.Collect$$libinit$$00000000  c_t.l(libinit.o)
    0x000001b2   0x000001b2   0x00000000   Code   RO          716    .ARM.Collect$$libinit$$00000002  c_t.l(libinit2.o)
    0x000001b2   0x000001b2   0x00000000   Code   RO          718    .ARM.Collect$$libinit$$00000004  c_t.l(libinit2.o)
    0x000001b2   0x000001b2   0x00000000   Code   RO          721    .ARM.Collect$$libinit$$0000000A  c_t.l(libinit2.o)
    0x000001b2   0x000001b2   0x00000000   Code   RO          723    .ARM.Collect$$libinit$$0000000C  c_t.l(libinit2.o)
    0x000001b2   0x000001b2   0x00000000   Code   RO          725    .ARM.Collect$$libinit$$0000000E  c_t.l(libinit2.o)
    0x000001b2   0x000001b2   0x00000000   Code   RO          728    .ARM.Collect$$libinit$$00000011  c_t.l(libinit2.o)
    0x000001b2   0x000001b2   0x00000000   Code   RO          730    .ARM.Collect$$libinit$$00000013  c_t.l(libinit2.o)
    0x000001b2   0x000001b2   0x00000000   Code   RO          732    .ARM.Collect$$libinit$$00000015  c_t.l(libinit2.o)
    0x000001b2   0x000001b2   0x00000000   Code   RO          734    .ARM.Collect$$libinit$$00000017  c_t.l(libinit2.o)
    0x000001b2   0x000001b2   0x00000000   Code   RO          736    .ARM.Collect$$libinit$$00000019  c_t.l(libinit2.o)
    0x000001b2   0x000001b2   0x00000000   Code   RO          738    .ARM.Collect$$libinit$$0000001B  c_t.l(libinit2.o)
    0x000001b2   0x000001b2   0x00000000   Code   RO          740    .ARM.Collect$$libinit$$0000001D  c_t.l(libinit2.o)
    0x000001b2   0x000001b2   0x00000000   Code   RO          742    .ARM.Collect$$libinit$$0000001F  c_t.l(libinit2.o)
    0x000001b2   0x000001b2   0x00000000   Code   RO          744    .ARM.Collect$$libinit$$00000021  c_t.l(libinit2.o)
    0x000001b2   0x000001b2   0x00000000   Code   RO          746    .ARM.Collect$$libinit$$00000023  c_t.l(libinit2.o)
    0x000001b2   0x000001b2   0x00000000   Code   RO          748    .ARM.Collect$$libinit$$00000025  c_t.l(libinit2.o)
    0x000001b2   0x000001b2   0x00000000   Code   RO          752    .ARM.Collect$$libinit$$0000002C  c_t.l(libinit2.o)
    0x000001b2   0x000001b2   0x00000000   Code   RO          754    .ARM.Collect$$libinit$$0000002E  c_t.l(libinit2.o)
    0x000001b2   0x000001b2   0x00000000   Code   RO          756    .ARM.Collect$$libinit$$00000030  c_t.l(libinit2.o)
    0x000001b2   0x000001b2   0x00000000   Code   RO          758    .ARM.Collect$$libinit$$00000032  c_t.l(libinit2.o)
    0x000001b2   0x000001b2   0x0000000c   Code   RO          759    .ARM.Collect$$libinit$$00000033  c_t.l(libinit2.o)
    0x000001be   0x000001be   0x00000002   PAD
    0x000001c0   0x000001c0   0x00000008   Ven    RO          792    .ARM.Collect$$libshutdown$$00000000  c_t.l(libshutdown.o)
    0x000001c8   0x000001c8   0x00000004   Code   RO          792    .ARM.Collect$$libshutdown$$00000000  c_t.l(libshutdown.o)
    0x000001cc   0x000001cc   0x00000000   Code   RO          818    .ARM.Collect$$libshutdown$$00000002  c_t.l(libshutdown2.o)
    0x000001cc   0x000001cc   0x00000000   Code   RO          820    .ARM.Collect$$libshutdown$$00000004  c_t.l(libshutdown2.o)
    0x000001cc   0x000001cc   0x00000000   Code   RO          823    .ARM.Collect$$libshutdown$$00000007  c_t.l(libshutdown2.o)
    0x000001cc   0x000001cc   0x00000000   Code   RO          826    .ARM.Collect$$libshutdown$$0000000A  c_t.l(libshutdown2.o)
    0x000001cc   0x000001cc   0x00000000   Code   RO          828    .ARM.Collect$$libshutdown$$0000000C  c_t.l(libshutdown2.o)
    0x000001cc   0x000001cc   0x00000000   Code   RO          831    .ARM.Collect$$libshutdown$$0000000F  c_t.l(libshutdown2.o)
    0x000001cc   0x000001cc   0x00000006   Code   RO          832    .ARM.Collect$$libshutdown$$00000010  c_t.l(libshutdown2.o)
    0x000001d2   0x000001d2   0x00000002   PAD
    0x000001d4   0x000001d4   0x00000000   Code   RO          664    .ARM.Collect$$rtentry$$00000000  c_t.l(__rtentry.o)
    0x000001d4   0x000001d4   0x00000000   Code   RO          674    .ARM.Collect$$rtentry$$00000002  c_t.l(__rtentry2.o)
    0x000001d4   0x000001d4   0x00000008   Code   RO          686    .ARM.Collect$$rtentry$$00000004  c_t.l(__rtentry4.o)
    0x000001dc   0x000001dc   0x00000000   Code   RO          676    .ARM.Collect$$rtentry$$00000009  c_t.l(__rtentry2.o)
    0x000001dc   0x000001dc   0x00000004   Code   RO          677    .ARM.Collect$$rtentry$$0000000A  c_t.l(__rtentry2.o)
    0x000001e0   0x000001e0   0x00000000   Code   RO          679    .ARM.Collect$$rtentry$$0000000C  c_t.l(__rtentry2.o)
    0x000001e0   0x000001e0   0x00000028   Code   RO          680    .ARM.Collect$$rtentry$$0000000D  c_t.l(__rtentry2.o)
    0x00000208   0x00000208   0x00000004   Ven    RO          707    .ARM.Collect$$rtexit$$00000000  c_t.l(rtexit.o)
    0x0000020c   0x0000020c   0x00000004   Code   RO          707    .ARM.Collect$$rtexit$$00000000  c_t.l(rtexit.o)
    0x00000210   0x00000210   0x00000000   Code   RO          763    .ARM.Collect$$rtexit$$00000002  c_t.l(rtexit2.o)
    0x00000210   0x00000210   0x00000004   Code   RO          764    .ARM.Collect$$rtexit$$00000003  c_t.l(rtexit2.o)
    0x00000214   0x00000214   0x00000008   Code   RO          765    .ARM.Collect$$rtexit$$00000004  c_t.l(rtexit2.o)
    0x0000021c   0x0000021c   0x00000088   Code   RO          634    .text               startup.o
    0x000002a4   0x000002a4   0x000002d0   Code   RO          642    .text               c_t.l(lludiv.o)
    0x00000574   0x00000574   0x0000022c   Code   RO          644    .text               c_t.l(aeabi_sdivfast.o)
    0x000007a0   0x000007a0   0x00000006   Code   RO          660    .text               c_t.l(heapauxi.o)
    0x000007a6   0x000007a6   0x00000002   PAD
    0x000007a8   0x000007a8   0x00000060   Code   RO          690    .text               c_t.l(sys_stackheap_outer.o)
    0x00000808   0x00000808   0x00000014   Code   RO          692    .text               c_t.l(exit.o)
    0x0000081c   0x0000081c   0x0000000c   Code   RO          704    .text               c_t.l(libspace.o)
    0x00000828   0x00000828   0x00000008   Ven    RO          760    .text               c_t.l(sys_exit.o)
    0x00000830   0x00000830   0x0000000c   Code   RO          760    .text               c_t.l(sys_exit.o)
    0x0000083c   0x0000083c   0x00000004   Code   RO          781    .text               c_t.l(use_no_semi.o)
    0x00000840   0x00000840   0x00000000   Code   RO          783    .text               c_t.l(indicate_semi.o)
    0x00000840   0x00000840   0x00000030   Code   RO          645    .text_udiv          c_t.l(aeabi_sdivfast.o)
    0x00000870   0x00000870   0x0000002c   Code   RO          608    i.SC_entrar_disable_irq  hal_concurrencia_lpc.o
    0x0000089c   0x0000089c   0x00000034   Code   RO          609    i.SC_salir_enable_irq  hal_concurrencia_lpc.o
    0x000008d0   0x000008d0   0x0000009c   Code   RO          311    i.drv_botones_iniciar  drv_botones.o
    0x0000096c   0x0000096c   0x00000130   Code   RO          312    i.drv_botones_tratar  drv_botones.o
    0x00000a9c   0x00000a9c   0x00000034   Code   RO          313    i.drv_cb_desde_hal  drv_botones.o
    0x00000ad0   0x00000ad0   0x00000004   Code   RO          157    i.drv_consumo_dormir  drv_consumo.o
    0x00000ad4   0x00000ad4   0x0000001c   Code   RO          158    i.drv_consumo_esperar  drv_consumo.o
    0x00000af0   0x00000af0   0x00000024   Code   RO           62    i.drv_led_apagar    drv_leds.o
    0x00000b14   0x00000b14   0x00000024   Code   RO           64    i.drv_led_encender  drv_leds.o
    0x00000b38   0x00000b38   0x00000050   Code   RO           65    i.drv_leds_iniciar  drv_leds.o
    0x00000b88   0x00000b88   0x00000024   Code   RO          184    i.drv_monitor_desmarcar  drv_monitor.o
    0x00000bac   0x00000bac   0x00000024   Code   RO          186    i.drv_monitor_marcar  drv_monitor.o
    0x00000bd0   0x00000bd0   0x00000030   Code   RO          106    i.drv_tiempo_actual_ms  drv_tiempo.o
    0x00000c00   0x00000c00   0x0000001c   Code   RO          110    i.drv_tiempo_iniciar  drv_tiempo.o
    0x00000c1c   0x00000c1c   0x00000040   Code   RO          111    i.drv_tiempo_periodico_ms  drv_tiempo.o
    0x00000c5c   0x00000c5c   0x00000044   Code   RO          501    i.eint0_ISR         hal_ext_int_lpc.o
    0x00000ca0   0x00000ca0   0x00000044   Code   RO          502    i.eint1_ISR         hal_ext_int_lpc.o
    0x00000ce4   0x00000ce4   0x00000044   Code   RO          503    i.eint2_ISR         hal_ext_int_lpc.o
    0x00000d28   0x00000d28   0x00000024   Code   RO          584    i.hal_WDT_feed      hal_wdt_lpc.o
    0x00000d4c   0x00000d4c   0x0000003c   Code   RO          585    i.hal_WDT_iniciar   hal_wdt_lpc.o
    0x00000d88   0x00000d88   0x00000020   Code   RO          474    i.hal_consumo_dormir  hal_consumo_lpc.o
    0x00000da8   0x00000da8   0x00000020   Code   RO          475    i.hal_consumo_esperar  hal_consumo_lpc.o
    0x00000dc8   0x00000dc8   0x0000001c   Code   RO          506    i.hal_ext_int_habilitar_despertar  hal_ext_int_lpc.o
    0x00000de4   0x00000de4   0x00000044   Code   RO          507    i.hal_ext_int_habilitar_int  hal_ext_int_lpc.o
    0x00000e28   0x00000e28   0x000000e8   Code   RO          508    i.hal_ext_int_iniciar  hal_ext_int_lpc.o
    0x00000f10   0x00000f10   0x00000050   Code   RO          509    i.hal_ext_int_leerINT  hal_ext_int_lpc.o
    0x00000f60   0x00000f60   0x00000020   Code   RO          423    i.hal_gpio_escribir  hal_gpio_lpc.o
    0x00000f80   0x00000f80   0x00000014   Code   RO          425    i.hal_gpio_iniciar  hal_gpio_lpc.o
    0x00000f94   0x00000f94   0x00000038   Code   RO          428    i.hal_gpio_sentido  hal_gpio_lpc.o
    0x00000fcc   0x00000fcc   0x0000002c   Code   RO          385    i.hal_tiempo_actual_tick  hal_tiempo_lpc.o
    0x00000ff8   0x00000ff8   0x00000060   Code   RO          386    i.hal_tiempo_iniciar_tick  hal_tiempo_lpc.o
    0x00001058   0x00001058   0x00000070   Code   RO          387    i.hal_tiempo_reloj_periodico_tick  hal_tiempo_lpc.o
    0x000010c8   0x000010c8   0x00000020   Code   RO          112    i.interna_callback  drv_tiempo.o
    0x000010e8   0x000010e8   0x0000007c   Code   RO            1    i.main              main.o
    0x00001164   0x00001164   0x00000048   Code   RO          341    i.random_generate   random.o
    0x000011ac   0x000011ac   0x0000001c   Code   RO          342    i.random_init       random.o
    0x000011c8   0x000011c8   0x00000070   Code   RO          210    i.rt_FIFO_encolar   rt_fifo.o
    0x00001238   0x00001238   0x0000007c   Code   RO          211    i.rt_FIFO_encolar_USR  rt_fifo.o
    0x000012b4   0x000012b4   0x0000007c   Code   RO          212    i.rt_FIFO_extraer   rt_fifo.o
    0x00001330   0x00001330   0x00000020   Code   RO          213    i.rt_FIFO_inicializar  rt_fifo.o
    0x00001350   0x00001350   0x000000e0   Code   RO          245    i.rt_GE_iniciar     rt_ge.o
    0x00001430   0x00001430   0x00000094   Code   RO          246    i.rt_GE_lanzador    rt_ge.o
    0x000014c4   0x000014c4   0x00000028   Code   RO          247    i.rt_GE_tratar      rt_ge.o
    0x000014ec   0x000014ec   0x00000324   Code   RO          364    i.simon             simon.o
    0x00001810   0x00001810   0x000000a0   Code   RO          365    i.simon_iniciar     simon.o
    0x000018b0   0x000018b0   0x00000058   Code   RO          249    i.svc_GE_suscribir  rt_ge.o
    0x00001908   0x00001908   0x0000020c   Code   RO          284    i.svc_alarma_activar  svc_alarma.o
    0x00001b14   0x00001b14   0x00000060   Code   RO          285    i.svc_alarma_iniciar  svc_alarma.o
    0x00001b74   0x00001b74   0x00000090   Code   RO          286    i.svc_alarma_tratar  svc_alarma.o
    0x00001c04   0x00001c04   0x00000038   Code   RO          388    i.timer0_ISR        hal_tiempo_lpc.o
    0x00001c3c   0x00001c3c   0x00000038   Code   RO          389    i.timer1_ISR        hal_tiempo_lpc.o
    0x00001c74   0x00001c74   0x00000004   Data   RO           66    .constdata          drv_leds.o
    0x00001c78   0x00001c78   0x00000004   Data   RO          187    .constdata          drv_monitor.o
    0x00001c7c   0x00001c7c   0x00000003   Data   RO          315    .constdata          drv_botones.o
    0x00001c7f   0x00001c7f   0x00000001   PAD
    0x00001c80   0x00001c80   0x00000020   Data   RO          833    Region$$Table       anon$$obj.o


    Execution Region RW_IRAM1 (Exec base: 0x40000000, Load base: 0x00001ca0, Size: 0x00000f68, Max: 0x00008000, ABSOLUTE)

    Exec Addr    Load Addr    Size         Type   Attr      Idx    E Section Name        Object

    0x40000000   0x00001ca0   0x00000008   Data   RW            2    .data               main.o
    0x40000008   0x00001ca8   0x0000000c   Data   RW          113    .data               drv_tiempo.o
    0x40000014   0x00001cb4   0x00000004   Data   RW          251    .data               rt_ge.o
    0x40000018   0x00001cb8   0x0000000c   Data   RW          288    .data               svc_alarma.o
    0x40000024   0x00001cc4   0x0000000c   Data   RW          316    .data               drv_botones.o
    0x40000030   0x00001cd0   0x00000004   Data   RW          343    .data               random.o
    0x40000034   0x00001cd4   0x00000034   Data   RW          367    .data               simon.o
    0x40000068   0x00001d08   0x00000008   Data   RW          390    .data               hal_tiempo_lpc.o
    0x40000070   0x00001d10   0x00000004   Data   RW          511    .data               hal_ext_int_lpc.o
    0x40000074   0x00001d14   0x00000004   Data   RW          610    .data               hal_concurrencia_lpc.o
    0x40000078        -       0x00000438   Zero   RW          214    .bss                rt_fifo.o
    0x400004b0        -       0x00000144   Zero   RW          250    .bss                rt_ge.o
    0x400005f4        -       0x00000050   Zero   RW          287    .bss                svc_alarma.o
    0x40000644        -       0x00000024   Zero   RW          314    .bss                drv_botones.o
    0x40000668        -       0x00000020   Zero   RW          366    .bss                simon.o
    0x40000688        -       0x00000060   Zero   RW          705    .bss                c_t.l(libspace.o)
    0x400006e8        -       0x00000000   Zero   RW          632    HEAP                startup.o
    0x400006e8        -       0x00000880   Zero   RW          631    STACK               startup.o


==============================================================================

Image component sizes


      Code (inc. data)   RO Data    RW Data    ZI Data      Debug   Object Name

       512         36          3         12         36       3771   drv_botones.o
        32          0          0          0          0       1063   drv_consumo.o
       152         12          4          0          0       2623   drv_leds.o
        72          8          4          0          0       1937   drv_monitor.o
       172         20          0         12          0       3439   drv_tiempo.o
        96          8          0          4          0       1426   hal_concurrencia_lpc.o
        64          0          0          0          0       1051   hal_consumo_lpc.o
       612         28          0          4          0       5665   hal_ext_int_lpc.o
       108          0          0          0          0       2270   hal_gpio_lpc.o
       364         28          0          8          0       3915   hal_tiempo_lpc.o
        96          4          0          0          0       1733   hal_wdt_lpc.o
       124         12          0          8          0       7507   main.o
       100         16          0          4          0       1456   random.o
       392         16          0          0       1080       3936   rt_fifo.o
       500         28          0          4        324       3891   rt_ge.o
       964         44          0         52         32       4052   simon.o
       408         64          0          0       2176        796   startup.o
       764         32          0         12         80       4614   svc_alarma.o

    ----------------------------------------------------------------------
      5532        356         44        120       3728      55145   Object Totals
         0          0         32          0          0          0   (incl. Generated)
         0          0          1          0          0          0   (incl. Padding)

    ----------------------------------------------------------------------

      Code (inc. data)   RO Data    RW Data    ZI Data      Debug   Library Member Name

         8          0          0          0          0         68   __main.o
         0          0          0          0          0          0   __rtentry.o
        44          4          0          0          0          0   __rtentry2.o
         8          0          0          0          0          0   __rtentry4.o
        60          8          0          0          0          0   __scatter.o
        40          0          0          0          0          0   __scatter_copy.o
        44          0          0          0          0          0   __scatter_zi.o
       604          0          0          0          0        148   aeabi_sdivfast.o
        20          0          0          0          0         80   exit.o
         6          0          0          0          0        136   heapauxi.o
         0          0          0          0          0          0   indicate_semi.o
        10          0          0          0          0          0   libinit.o
        12          0          0          0          0          0   libinit2.o
        12          0          0          0          0          0   libshutdown.o
         6          0          0          0          0          0   libshutdown2.o
        12          4          0          0         96         68   libspace.o
       720         64          0          0          0        156   lludiv.o
         8          0          0          0          0          0   rtexit.o
        12          0          0          0          0          0   rtexit2.o
        20          4          0          0          0         60   sys_exit.o
        96          0          0          0          0         80   sys_stackheap_outer.o
         4          0          0          0          0         68   use_no_semi.o

    ----------------------------------------------------------------------
      1752         84          0          0         96        864   Library Totals
         6          0          0          0          0          0   (incl. Padding)

    ----------------------------------------------------------------------

      Code (inc. data)   RO Data    RW Data    ZI Data      Debug   Library Name

      1746         84          0          0         96        864   c_t.l

    ----------------------------------------------------------------------
      1752         84          0          0         96        864   Library Totals

    ----------------------------------------------------------------------

==============================================================================


      Code (inc. data)   RO Data    RW Data    ZI Data      Debug   

      7284        440         44        120       3824      53421   Grand Totals
      7284        440         44        120       3824      53421   ELF Image Totals
      7284        440         44        120          0          0   ROM Totals

==============================================================================

    Total RO  Size (Code + RO Data)                 7328 (   7.16kB)
    Total RW  Size (RW Data + ZI Data)              3944 (   3.85kB)
    Total ROM Size (Code + RO Data + RW Data)       7448 (   7.27kB)

==============================================================================

