<html>
<body>
<pre>
<h1>µVision Build Log</h1>
<h2>Tool Versions:</h2>
IDE-Version: µVision V5.26.2.0
Copyright (C) 2018 ARM Ltd and ARM Germany GmbH. All rights reserved.
License Information: Daniel Salas Sayas, Unizar, LIC=----
 
Tool Versions:
Toolchain:       MDK-Lite  Version: 5.26.2.0
Toolchain Path:  C:\Keil_v5\ARM\ARMCC\Bin
C Compiler:      Armcc.exe V5.06 update 6 (build 750)
Assembler:       Armasm.exe V5.06 update 6 (build 750)
Linker/Locator:  ArmLink.exe V5.06 update 6 (build 750)
Library Manager: ArmAr.exe V5.06 update 6 (build 750)
Hex Converter:   FromElf.exe V5.06 update 6 (build 750)
CPU DLL:         SARM.DLL V5.26.2.0
Dialog DLL:      DARMP.DLL V1.53.0.0
Target DLL:      UL2ARM.DLL V1.74.10.0
Dialog DLL:      TARMP.DLL V1.53.0.0
 
<h2>Project:</h2>
C:\Users\danii\OneDrive\Escritorio\3º\ph_practica5_resuelto\ph_practica5_resuelto\ph_practica4_resuelto\blink_v2_lpc_resuelto\lpc\keil\blink_lpc.uvproj
Project File Date:  12/06/2024

<h2>Output:</h2>
*** Using Compiler 'V5.06 update 6 (build 750)', folder: 'C:\Keil_v5\ARM\ARMCC\Bin'
Rebuild Project 'blink_lpc' - Target 'LPC'
compiling drv_leds.c...
compiling drv_consumo.c...
compiling drv_tiempo.c...
compiling rt_GE.c...
compiling drv_monitor.c...
compiling main.c...
compiling rt_fifo.c...
compiling random.c...
C:\Users\danii\OneDrive\Escritorio\3º\ph_practica5_resuelto\ph_practica5_resuelto\ph_practica4_resuelto\blink_v2_lpc_resuelto\src\random.c(16): warning:  #61-D: integer operation result is out of range
      seed = (1103515245 * seed + 12345) % (1 << 31);  // Generador congruencial lineal (LCG)
C:\Users\danii\OneDrive\Escritorio\3º\ph_practica5_resuelto\ph_practica5_resuelto\ph_practica4_resuelto\blink_v2_lpc_resuelto\src\random.c(16): warning:  #68-D: integer conversion resulted in a change of sign
      seed = (1103515245 * seed + 12345) % (1 << 31);  // Generador congruencial lineal (LCG)
..\..\src\random.c: 2 warnings, 0 errors
compiling hal_consumo_lpc.c...
compiling hal_tiempo_lpc.c...
compiling hal_gpio_lpc.c...
compiling drv_botones.c...
compiling simon.c...
compiling svc_alarma.c...
C:\Users\danii\OneDrive\Escritorio\3º\ph_practica5_resuelto\ph_practica5_resuelto\ph_practica4_resuelto\blink_v2_lpc_resuelto\src\svc_alarma.c(94): warning:  #188-D: enumerated type mixed with another type
              alarmas[i].ID_evento = ID_evento;
..\..\src\svc_alarma.c: 1 warning, 0 errors
compiling hal_WDT_lpc.c...
compiling hal_concurrencia_lpc.c...
assembling Startup.s...
compiling hal_ext_int_lpc.c...
linking...
Program Size: Code=7284 RO-data=44 RW-data=120 ZI-data=3824  
".\Objects\blink_lpc.axf" - 0 Error(s), 3 Warning(s).
Build Time Elapsed:  00:00:01
</pre>
</body>
</html>
