Component: ARM Compiler 5.06 update 6 (build 750) Tool: armlink [4d35ed]

==============================================================================

Section Cross References

    main.o(i.main) refers to hal_gpio_nrf.o(i.hal_gpio_iniciar) for hal_gpio_iniciar
    main.o(i.main) refers to drv_leds.o(i.drv_leds_iniciar) for drv_leds_iniciar
    main.o(i.main) refers to drv_tiempo.o(i.drv_tiempo_iniciar) for drv_tiempo_iniciar
    main.o(i.main) refers to rt_fifo.o(i.rt_FIFO_inicializar) for rt_FIFO_inicializar
    main.o(i.main) refers to rt_ge.o(i.rt_GE_iniciar) for rt_GE_iniciar
    main.o(i.main) refers to svc_alarma.o(i.svc_alarma_iniciar) for svc_alarma_iniciar
    main.o(i.main) refers to hal_wdt_nrf.o(i.hal_WDT_iniciar) for hal_WDT_iniciar
    main.o(i.main) refers to drv_botones.o(i.drv_botones_iniciar) for drv_botones_iniciar
    main.o(i.main) refers to simon.o(i.simon_iniciar) for simon_iniciar
    main.o(i.main) refers to main.o(.data) for Num_leds
    main.o(i.main) refers to rt_fifo.o(i.rt_FIFO_encolar) for rt_FIFO_encolar
    main.o(i.main) refers to rt_fifo.o(i.rt_FIFO_encolar_USR) for rt_FIFO_encolar_USR
    drv_leds.o(i.drv_led_apagar) refers to hal_gpio_nrf.o(i.hal_gpio_escribir) for hal_gpio_escribir
    drv_leds.o(i.drv_led_apagar) refers to drv_leds.o(.constdata) for led_list
    drv_leds.o(i.drv_led_conmutar) refers to hal_gpio_nrf.o(i.hal_gpio_leer) for hal_gpio_leer
    drv_leds.o(i.drv_led_conmutar) refers to hal_gpio_nrf.o(i.hal_gpio_escribir) for hal_gpio_escribir
    drv_leds.o(i.drv_led_conmutar) refers to drv_leds.o(.constdata) for led_list
    drv_leds.o(i.drv_led_encender) refers to hal_gpio_nrf.o(i.hal_gpio_escribir) for hal_gpio_escribir
    drv_leds.o(i.drv_led_encender) refers to drv_leds.o(.constdata) for led_list
    drv_leds.o(i.drv_leds_iniciar) refers to hal_gpio_nrf.o(i.hal_gpio_sentido) for hal_gpio_sentido
    drv_leds.o(i.drv_leds_iniciar) refers to drv_leds.o(i.drv_led_apagar) for drv_led_apagar
    drv_leds.o(i.drv_leds_iniciar) refers to drv_leds.o(.constdata) for led_list
    drv_tiempo.o(i.drv_tiempo_actual_ms) refers to drv_tiempo.o(i.drv_tiempo_actual_us) for drv_tiempo_actual_us
    drv_tiempo.o(i.drv_tiempo_actual_ms) refers to uldiv.o(.text) for __aeabi_uldivmod
    drv_tiempo.o(i.drv_tiempo_actual_us) refers to hal_tiempo_nrf.o(i.hal_tiempo_actual_tick) for hal_tiempo_actual_tick
    drv_tiempo.o(i.drv_tiempo_actual_us) refers to uldiv.o(.text) for __aeabi_uldivmod
    drv_tiempo.o(i.drv_tiempo_actual_us) refers to drv_tiempo.o(.data) for hal_ticks2us
    drv_tiempo.o(i.drv_tiempo_esperar_hasta_ms) refers to drv_tiempo.o(i.drv_tiempo_actual_ms) for drv_tiempo_actual_ms
    drv_tiempo.o(i.drv_tiempo_esperar_ms) refers to drv_tiempo.o(i.drv_tiempo_actual_ms) for drv_tiempo_actual_ms
    drv_tiempo.o(i.drv_tiempo_iniciar) refers to hal_tiempo_nrf.o(i.hal_tiempo_iniciar_tick) for hal_tiempo_iniciar_tick
    drv_tiempo.o(i.drv_tiempo_iniciar) refers to drv_tiempo.o(.data) for hal_ticks2us
    drv_tiempo.o(i.drv_tiempo_periodico_ms) refers to hal_tiempo_nrf.o(i.hal_tiempo_reloj_periodico_tick) for hal_tiempo_reloj_periodico_tick
    drv_tiempo.o(i.drv_tiempo_periodico_ms) refers to drv_tiempo.o(.data) for callback_id
    drv_tiempo.o(i.drv_tiempo_periodico_ms) refers to drv_tiempo.o(i.interna_callback) for interna_callback
    drv_tiempo.o(i.interna_callback) refers to drv_tiempo.o(i.drv_tiempo_actual_ms) for drv_tiempo_actual_ms
    drv_tiempo.o(i.interna_callback) refers to drv_tiempo.o(.data) for callback_id
    drv_consumo.o(i.drv_consumo_dormir) refers to hal_consumo_nrf.o(i.hal_consumo_dormir) for hal_consumo_dormir
    drv_consumo.o(i.drv_consumo_esperar) refers to drv_monitor.o(i.drv_monitor_desmarcar) for drv_monitor_desmarcar
    drv_consumo.o(i.drv_consumo_esperar) refers to hal_consumo_nrf.o(i.hal_consumo_esperar) for hal_consumo_esperar
    drv_consumo.o(i.drv_consumo_esperar) refers to drv_monitor.o(i.drv_monitor_marcar) for drv_monitor_marcar
    drv_consumo.o(i.drv_consumo_iniciar) refers to hal_consumo_nrf.o(i.hal_consumo_iniciar) for hal_consumo_iniciar
    drv_consumo.o(i.drv_consumo_iniciar) refers to drv_monitor.o(i.drv_monitor_iniciar) for drv_monitor_iniciar
    drv_monitor.o(i.drv_monitor_desmarcar) refers to hal_gpio_nrf.o(i.hal_gpio_escribir) for hal_gpio_escribir
    drv_monitor.o(i.drv_monitor_desmarcar) refers to drv_monitor.o(.constdata) for monitor_list
    drv_monitor.o(i.drv_monitor_iniciar) refers to hal_gpio_nrf.o(i.hal_gpio_sentido) for hal_gpio_sentido
    drv_monitor.o(i.drv_monitor_iniciar) refers to drv_monitor.o(i.drv_monitor_desmarcar) for drv_monitor_desmarcar
    drv_monitor.o(i.drv_monitor_iniciar) refers to drv_monitor.o(.constdata) for monitor_list
    drv_monitor.o(i.drv_monitor_marcar) refers to hal_gpio_nrf.o(i.hal_gpio_escribir) for hal_gpio_escribir
    drv_monitor.o(i.drv_monitor_marcar) refers to drv_monitor.o(.constdata) for monitor_list
    rt_fifo.o(i.rt_FIFO_encolar) refers to drv_monitor.o(i.drv_monitor_marcar) for drv_monitor_marcar
    rt_fifo.o(i.rt_FIFO_encolar) refers to drv_tiempo.o(i.drv_tiempo_actual_ms) for drv_tiempo_actual_ms
    rt_fifo.o(i.rt_FIFO_encolar) refers to rt_fifo.o(.bss) for fifo
    rt_fifo.o(i.rt_FIFO_encolar_USR) refers to hal_concurrencia_nrf.o(i.SC_entrar_disable_irq) for SC_entrar_disable_irq
    rt_fifo.o(i.rt_FIFO_encolar_USR) refers to rt_fifo.o(i.rt_FIFO_encolar) for rt_FIFO_encolar
    rt_fifo.o(i.rt_FIFO_encolar_USR) refers to hal_concurrencia_nrf.o(i.SC_salir_enable_irq) for SC_salir_enable_irq
    rt_fifo.o(i.rt_FIFO_extraer) refers to hal_concurrencia_nrf.o(i.SC_entrar_disable_irq) for SC_entrar_disable_irq
    rt_fifo.o(i.rt_FIFO_extraer) refers to hal_concurrencia_nrf.o(i.SC_salir_enable_irq) for SC_salir_enable_irq
    rt_fifo.o(i.rt_FIFO_extraer) refers to rt_fifo.o(.bss) for fifo
    rt_fifo.o(i.rt_FIFO_inicializar) refers to rt_fifo.o(.bss) for fifo
    svc_alarma.o(i.svc_alarma_activar) refers to drv_monitor.o(i.drv_monitor_marcar) for drv_monitor_marcar
    svc_alarma.o(i.svc_alarma_activar) refers to svc_alarma.o(.bss) for alarmas
    svc_alarma.o(i.svc_alarma_activar) refers to svc_alarma.o(.data) for mon_overflow
    svc_alarma.o(i.svc_alarma_iniciar) refers to rt_ge.o(i.svc_GE_suscribir) for svc_GE_suscribir
    svc_alarma.o(i.svc_alarma_iniciar) refers to drv_tiempo.o(i.drv_tiempo_periodico_ms) for drv_tiempo_periodico_ms
    svc_alarma.o(i.svc_alarma_iniciar) refers to svc_alarma.o(.data) for fun_callback
    svc_alarma.o(i.svc_alarma_iniciar) refers to svc_alarma.o(i.svc_alarma_tratar) for svc_alarma_tratar
    svc_alarma.o(i.svc_alarma_iniciar) refers to svc_alarma.o(.bss) for alarmas
    svc_alarma.o(i.svc_alarma_tratar) refers to svc_alarma.o(.bss) for alarmas
    svc_alarma.o(i.svc_alarma_tratar) refers to svc_alarma.o(.data) for fun_callback_USR
    rt_ge.o(i.rt_GE_iniciar) refers to rt_ge.o(i.svc_GE_suscribir) for svc_GE_suscribir
    rt_ge.o(i.rt_GE_iniciar) refers to rt_ge.o(.bss) for gestor_eventos
    rt_ge.o(i.rt_GE_iniciar) refers to rt_ge.o(i.rt_GE_tratar) for rt_GE_tratar
    rt_ge.o(i.rt_GE_lanzador) refers to svc_alarma.o(i.svc_alarma_activar) for svc_alarma_activar
    rt_ge.o(i.rt_GE_lanzador) refers to hal_wdt_nrf.o(i.hal_WDT_feed) for hal_WDT_feed
    rt_ge.o(i.rt_GE_lanzador) refers to rt_fifo.o(i.rt_FIFO_extraer) for rt_FIFO_extraer
    rt_ge.o(i.rt_GE_lanzador) refers to drv_consumo.o(i.drv_consumo_esperar) for drv_consumo_esperar
    rt_ge.o(i.rt_GE_lanzador) refers to rt_ge.o(.bss) for gestor_eventos
    rt_ge.o(i.rt_GE_tratar) refers to svc_alarma.o(i.svc_alarma_activar) for svc_alarma_activar
    rt_ge.o(i.rt_GE_tratar) refers to drv_consumo.o(i.drv_consumo_dormir) for drv_consumo_dormir
    rt_ge.o(i.svc_GE_cancelar) refers to drv_monitor.o(i.drv_monitor_marcar) for drv_monitor_marcar
    rt_ge.o(i.svc_GE_cancelar) refers to rt_ge.o(.bss) for gestor_eventos
    rt_ge.o(i.svc_GE_cancelar) refers to rt_ge.o(.data) for mon_overflow
    rt_ge.o(i.svc_GE_suscribir) refers to drv_monitor.o(i.drv_monitor_marcar) for drv_monitor_marcar
    rt_ge.o(i.svc_GE_suscribir) refers to rt_ge.o(.bss) for gestor_eventos
    rt_ge.o(i.svc_GE_suscribir) refers to rt_ge.o(.data) for mon_overflow
    drv_botones.o(i.drv_botones_iniciar) refers to hal_gpio_nrf.o(i.hal_gpio_sentido) for hal_gpio_sentido
    drv_botones.o(i.drv_botones_iniciar) refers to hal_ext_int_nrf.o(i.hal_ext_int_iniciar) for hal_ext_int_iniciar
    drv_botones.o(i.drv_botones_iniciar) refers to hal_ext_int_nrf.o(i.hal_ext_int_habilitar_despertar) for hal_ext_int_habilitar_despertar
    drv_botones.o(i.drv_botones_iniciar) refers to rt_ge.o(i.svc_GE_suscribir) for svc_GE_suscribir
    drv_botones.o(i.drv_botones_iniciar) refers to drv_botones.o(.data) for callback_encolar
    drv_botones.o(i.drv_botones_iniciar) refers to drv_botones.o(.constdata) for boton_list
    drv_botones.o(i.drv_botones_iniciar) refers to drv_botones.o(.bss) for botones
    drv_botones.o(i.drv_botones_iniciar) refers to drv_botones.o(i.drv_cb_desde_hal) for drv_cb_desde_hal
    drv_botones.o(i.drv_botones_iniciar) refers to drv_botones.o(i.drv_botones_tratar) for drv_botones_tratar
    drv_botones.o(i.drv_botones_tratar) refers to svc_alarma.o(i.svc_alarma_activar) for svc_alarma_activar
    drv_botones.o(i.drv_botones_tratar) refers to hal_ext_int_nrf.o(i.hal_ext_int_leerINT) for hal_ext_int_leerINT
    drv_botones.o(i.drv_botones_tratar) refers to hal_ext_int_nrf.o(i.hal_ext_int_habilitar_int) for hal_ext_int_habilitar_int
    drv_botones.o(i.drv_botones_tratar) refers to drv_botones.o(.constdata) for boton_list
    drv_botones.o(i.drv_botones_tratar) refers to drv_botones.o(.bss) for botones
    drv_botones.o(i.drv_botones_tratar) refers to drv_botones.o(.data) for tiempo_ret
    drv_botones.o(i.drv_cb_desde_hal) refers to drv_botones.o(.constdata) for boton_list
    drv_botones.o(i.drv_cb_desde_hal) refers to drv_botones.o(.data) for callback_encolar
    random.o(i.random_generate) refers to random.o(.data) for seed
    random.o(i.random_init) refers to random.o(.data) for seed
    simon.o(i.simon) refers to drv_leds.o(i.drv_led_encender) for drv_led_encender
    simon.o(i.simon) refers to svc_alarma.o(i.svc_alarma_activar) for svc_alarma_activar
    simon.o(i.simon) refers to drv_leds.o(i.drv_led_apagar) for drv_led_apagar
    simon.o(i.simon) refers to simon.o(.data) for indice
    simon.o(i.simon) refers to simon.o(.bss) for vector_leds
    simon.o(i.simon_iniciar) refers to random.o(i.random_init) for random_init
    simon.o(i.simon_iniciar) refers to random.o(i.random_generate) for random_generate
    simon.o(i.simon_iniciar) refers to rt_ge.o(i.svc_GE_suscribir) for svc_GE_suscribir
    simon.o(i.simon_iniciar) refers to svc_alarma.o(i.svc_alarma_activar) for svc_alarma_activar
    simon.o(i.simon_iniciar) refers to rt_ge.o(i.rt_GE_lanzador) for rt_GE_lanzador
    simon.o(i.simon_iniciar) refers to simon.o(.data) for Num_leds
    simon.o(i.simon_iniciar) refers to simon.o(.bss) for vector_leds
    simon.o(i.simon_iniciar) refers to simon.o(i.simon) for simon
    hal_tiempo_nrf.o(i.TIMER0_IRQHandler) refers to hal_tiempo_nrf.o(.data) for timer0_int_count
    hal_tiempo_nrf.o(i.TIMER1_IRQHandler) refers to hal_tiempo_nrf.o(.data) for f_callback
    hal_tiempo_nrf.o(i.hal_tiempo_actual_tick) refers to hal_tiempo_nrf.o(.data) for timer0_int_count
    hal_tiempo_nrf.o(i.hal_tiempo_iniciar_tick) refers to hal_tiempo_nrf.o(i.__NVIC_EnableIRQ) for __NVIC_EnableIRQ
    hal_tiempo_nrf.o(i.hal_tiempo_iniciar_tick) refers to hal_tiempo_nrf.o(.data) for timer0_int_count
    hal_tiempo_nrf.o(i.hal_tiempo_reloj_periodico_tick) refers to hal_tiempo_nrf.o(i.__NVIC_EnableIRQ) for __NVIC_EnableIRQ
    hal_tiempo_nrf.o(i.hal_tiempo_reloj_periodico_tick) refers to hal_tiempo_nrf.o(.data) for f_callback
    hal_ext_int_nrf.o(i.GPIOTE_IRQHandler) refers to hal_ext_int_nrf.o(i.hal_ext_int_deshabilitar_int) for hal_ext_int_deshabilitar_int
    hal_ext_int_nrf.o(i.GPIOTE_IRQHandler) refers to hal_ext_int_nrf.o(.bss) for boton_callbacks
    hal_ext_int_nrf.o(i.hal_ext_int_habilitar_int) refers to hal_ext_int_nrf.o(.bss) for boton_callbacks
    hal_ext_int_nrf.o(i.hal_ext_int_iniciar) refers to hal_ext_int_nrf.o(i.hal_ext_int_habilitar_int) for hal_ext_int_habilitar_int
    hal_ext_int_nrf.o(i.hal_ext_int_iniciar) refers to hal_ext_int_nrf.o(.data) for channel
    hal_ext_int_nrf.o(i.hal_ext_int_iniciar) refers to hal_ext_int_nrf.o(.bss) for boton_callbacks
    hal_wdt_nrf.o(i.hal_WDT_iniciar) refers to hal_wdt_nrf.o(i.hal_WDT_feed) for hal_WDT_feed
    hal_concurrencia_nrf.o(i.SC_entrar_disable_irq) refers to hal_concurrencia_nrf.o(.data) for m_in_critical_region
    hal_concurrencia_nrf.o(i.SC_salir_enable_irq) refers to hal_concurrencia_nrf.o(.data) for m_in_critical_region
    arm_startup_nrf52840.o(RESET) refers to arm_startup_nrf52840.o(STACK) for __initial_sp
    arm_startup_nrf52840.o(RESET) refers to arm_startup_nrf52840.o(.text) for Reset_Handler
    arm_startup_nrf52840.o(RESET) refers to hal_ext_int_nrf.o(i.GPIOTE_IRQHandler) for GPIOTE_IRQHandler
    arm_startup_nrf52840.o(RESET) refers to hal_tiempo_nrf.o(i.TIMER0_IRQHandler) for TIMER0_IRQHandler
    arm_startup_nrf52840.o(RESET) refers to hal_tiempo_nrf.o(i.TIMER1_IRQHandler) for TIMER1_IRQHandler
    arm_startup_nrf52840.o(.text) refers to system_nrf52.o(i.SystemInit) for SystemInit
    arm_startup_nrf52840.o(.text) refers to entry.o(.ARM.Collect$$$$00000000) for __main
    system_nrf52.o(i.SystemCoreClockUpdate) refers to system_nrf52.o(.data) for SystemCoreClock
    system_nrf52.o(i.SystemInit) refers to system_nrf52.o(i.nrf52_errata_36) for nrf52_errata_36
    system_nrf52.o(i.SystemInit) refers to system_nrf52.o(i.nrf52_errata_66) for nrf52_errata_66
    system_nrf52.o(i.SystemInit) refers to system_nrf52.o(i.nrf52_errata_98) for nrf52_errata_98
    system_nrf52.o(i.SystemInit) refers to system_nrf52.o(i.nrf52_errata_103) for nrf52_errata_103
    system_nrf52.o(i.SystemInit) refers to system_nrf52.o(i.nrf52_errata_115) for nrf52_errata_115
    system_nrf52.o(i.SystemInit) refers to system_nrf52.o(i.nrf52_errata_120) for nrf52_errata_120
    system_nrf52.o(i.SystemInit) refers to system_nrf52.o(i.nrf52_errata_136) for nrf52_errata_136
    system_nrf52.o(i.SystemInit) refers to system_nrf52.o(i.nrf52_configuration_249) for nrf52_configuration_249
    system_nrf52.o(i.SystemInit) refers to system_nrf52.o(i.nvmc_config) for nvmc_config
    system_nrf52.o(i.SystemInit) refers to system_nrf52.o(i.nvmc_wait) for nvmc_wait
    system_nrf52.o(i.SystemInit) refers to system_nrf52.o(i.SystemCoreClockUpdate) for SystemCoreClockUpdate
    system_nrf52.o(i.nvmc_config) refers to system_nrf52.o(i.nvmc_wait) for nvmc_wait
    entry.o(.ARM.Collect$$$$00000000) refers (Special) to entry10a.o(.ARM.Collect$$$$0000000D) for __rt_final_cpp
    entry.o(.ARM.Collect$$$$00000000) refers (Special) to entry11a.o(.ARM.Collect$$$$0000000F) for __rt_final_exit
    entry.o(.ARM.Collect$$$$00000000) refers (Special) to entry7b.o(.ARM.Collect$$$$00000008) for _main_clock
    entry.o(.ARM.Collect$$$$00000000) refers (Special) to entry8b.o(.ARM.Collect$$$$0000000A) for _main_cpp_init
    entry.o(.ARM.Collect$$$$00000000) refers (Special) to entry9a.o(.ARM.Collect$$$$0000000B) for _main_init
    entry.o(.ARM.Collect$$$$00000000) refers (Special) to entry5.o(.ARM.Collect$$$$00000004) for _main_scatterload
    entry.o(.ARM.Collect$$$$00000000) refers (Special) to entry2.o(.ARM.Collect$$$$00000001) for _main_stk
    uldiv.o(.text) refers to llushr.o(.text) for __aeabi_llsr
    uldiv.o(.text) refers to llshl.o(.text) for __aeabi_llsl
    entry2.o(.ARM.Collect$$$$00000001) refers to entry2.o(.ARM.Collect$$$$00002712) for __lit__00000000
    entry2.o(.ARM.Collect$$$$00002712) refers to arm_startup_nrf52840.o(STACK) for __initial_sp
    entry2.o(__vectab_stack_and_reset_area) refers to arm_startup_nrf52840.o(STACK) for __initial_sp
    entry2.o(__vectab_stack_and_reset_area) refers to entry.o(.ARM.Collect$$$$00000000) for __main
    entry5.o(.ARM.Collect$$$$00000004) refers to init.o(.text) for __scatterload
    entry9a.o(.ARM.Collect$$$$0000000B) refers to main.o(i.main) for main
    entry9b.o(.ARM.Collect$$$$0000000C) refers to main.o(i.main) for main
    init.o(.text) refers to entry5.o(.ARM.Collect$$$$00000004) for __main_after_scatterload


==============================================================================

Removing Unused input sections from the image.

    Removing drv_leds.o(i.drv_led_conmutar), (40 bytes).
    Removing drv_tiempo.o(i.drv_tiempo_esperar_hasta_ms), (26 bytes).
    Removing drv_tiempo.o(i.drv_tiempo_esperar_ms), (24 bytes).
    Removing drv_consumo.o(i.drv_consumo_iniciar), (14 bytes).
    Removing drv_monitor.o(i.drv_monitor_iniciar), (36 bytes).
    Removing rt_ge.o(i.svc_GE_cancelar), (136 bytes).
    Removing hal_gpio_nrf.o(.rev16_text), (4 bytes).
    Removing hal_gpio_nrf.o(.revsh_text), (4 bytes).
    Removing hal_gpio_nrf.o(.rrx_text), (6 bytes).
    Removing hal_gpio_nrf.o(i.hal_gpio_escribir_n), (52 bytes).
    Removing hal_gpio_nrf.o(i.hal_gpio_leer), (20 bytes).
    Removing hal_gpio_nrf.o(i.hal_gpio_leer_n), (44 bytes).
    Removing hal_gpio_nrf.o(i.hal_gpio_sentido_n), (48 bytes).
    Removing hal_tiempo_nrf.o(.rev16_text), (4 bytes).
    Removing hal_tiempo_nrf.o(.revsh_text), (4 bytes).
    Removing hal_tiempo_nrf.o(.rrx_text), (6 bytes).
    Removing hal_consumo_nrf.o(.rev16_text), (4 bytes).
    Removing hal_consumo_nrf.o(.revsh_text), (4 bytes).
    Removing hal_consumo_nrf.o(.rrx_text), (6 bytes).
    Removing hal_consumo_nrf.o(i.hal_consumo_iniciar), (2 bytes).
    Removing hal_ext_int_nrf.o(.rev16_text), (4 bytes).
    Removing hal_ext_int_nrf.o(.revsh_text), (4 bytes).
    Removing hal_ext_int_nrf.o(.rrx_text), (6 bytes).
    Removing hal_ext_int_nrf.o(i.hal_ext_int_despertar), (12 bytes).
    Removing hal_ext_int_nrf.o(i.hal_ext_int_preparar_dormir), (12 bytes).
    Removing hal_wdt_nrf.o(.rev16_text), (4 bytes).
    Removing hal_wdt_nrf.o(.revsh_text), (4 bytes).
    Removing hal_wdt_nrf.o(.rrx_text), (6 bytes).
    Removing arm_startup_nrf52840.o(HEAP), (16384 bytes).
    Removing system_nrf52.o(.rev16_text), (4 bytes).
    Removing system_nrf52.o(.revsh_text), (4 bytes).
    Removing system_nrf52.o(.rrx_text), (6 bytes).
    Removing system_nrf52.o(i.nrf52_configuration_254), (68 bytes).
    Removing system_nrf52.o(i.nrf52_configuration_255), (4 bytes).
    Removing system_nrf52.o(i.nrf52_configuration_256), (4 bytes).
    Removing system_nrf52.o(i.nrf52_configuration_257), (4 bytes).
    Removing system_nrf52.o(i.nrf52_errata_1), (4 bytes).
    Removing system_nrf52.o(i.nrf52_errata_10), (4 bytes).
    Removing system_nrf52.o(i.nrf52_errata_101), (4 bytes).
    Removing system_nrf52.o(i.nrf52_errata_102), (4 bytes).
    Removing system_nrf52.o(i.nrf52_errata_104), (68 bytes).
    Removing system_nrf52.o(i.nrf52_errata_106), (4 bytes).
    Removing system_nrf52.o(i.nrf52_errata_107), (4 bytes).
    Removing system_nrf52.o(i.nrf52_errata_108), (4 bytes).
    Removing system_nrf52.o(i.nrf52_errata_109), (4 bytes).
    Removing system_nrf52.o(i.nrf52_errata_11), (4 bytes).
    Removing system_nrf52.o(i.nrf52_errata_110), (68 bytes).
    Removing system_nrf52.o(i.nrf52_errata_111), (68 bytes).
    Removing system_nrf52.o(i.nrf52_errata_112), (68 bytes).
    Removing system_nrf52.o(i.nrf52_errata_113), (68 bytes).
    Removing system_nrf52.o(i.nrf52_errata_116), (68 bytes).
    Removing system_nrf52.o(i.nrf52_errata_117), (68 bytes).
    Removing system_nrf52.o(i.nrf52_errata_118), (68 bytes).
    Removing system_nrf52.o(i.nrf52_errata_119), (68 bytes).
    Removing system_nrf52.o(i.nrf52_errata_12), (4 bytes).
    Removing system_nrf52.o(i.nrf52_errata_121), (68 bytes).
    Removing system_nrf52.o(i.nrf52_errata_122), (68 bytes).
    Removing system_nrf52.o(i.nrf52_errata_127), (68 bytes).
    Removing system_nrf52.o(i.nrf52_errata_128), (68 bytes).
    Removing system_nrf52.o(i.nrf52_errata_131), (68 bytes).
    Removing system_nrf52.o(i.nrf52_errata_132), (4 bytes).
    Removing system_nrf52.o(i.nrf52_errata_133), (68 bytes).
    Removing system_nrf52.o(i.nrf52_errata_134), (68 bytes).
    Removing system_nrf52.o(i.nrf52_errata_135), (68 bytes).
    Removing system_nrf52.o(i.nrf52_errata_138), (4 bytes).
    Removing system_nrf52.o(i.nrf52_errata_140), (68 bytes).
    Removing system_nrf52.o(i.nrf52_errata_141), (4 bytes).
    Removing system_nrf52.o(i.nrf52_errata_142), (68 bytes).
    Removing system_nrf52.o(i.nrf52_errata_143), (68 bytes).
    Removing system_nrf52.o(i.nrf52_errata_144), (68 bytes).
    Removing system_nrf52.o(i.nrf52_errata_145), (68 bytes).
    Removing system_nrf52.o(i.nrf52_errata_146), (4 bytes).
    Removing system_nrf52.o(i.nrf52_errata_147), (68 bytes).
    Removing system_nrf52.o(i.nrf52_errata_149), (4 bytes).
    Removing system_nrf52.o(i.nrf52_errata_15), (68 bytes).
    Removing system_nrf52.o(i.nrf52_errata_150), (68 bytes).
    Removing system_nrf52.o(i.nrf52_errata_151), (68 bytes).
    Removing system_nrf52.o(i.nrf52_errata_153), (68 bytes).
    Removing system_nrf52.o(i.nrf52_errata_154), (68 bytes).
    Removing system_nrf52.o(i.nrf52_errata_155), (68 bytes).
    Removing system_nrf52.o(i.nrf52_errata_156), (68 bytes).
    Removing system_nrf52.o(i.nrf52_errata_158), (68 bytes).
    Removing system_nrf52.o(i.nrf52_errata_16), (4 bytes).
    Removing system_nrf52.o(i.nrf52_errata_160), (68 bytes).
    Removing system_nrf52.o(i.nrf52_errata_162), (68 bytes).
    Removing system_nrf52.o(i.nrf52_errata_163), (4 bytes).
    Removing system_nrf52.o(i.nrf52_errata_164), (68 bytes).
    Removing system_nrf52.o(i.nrf52_errata_166), (68 bytes).
    Removing system_nrf52.o(i.nrf52_errata_17), (4 bytes).
    Removing system_nrf52.o(i.nrf52_errata_170), (68 bytes).
    Removing system_nrf52.o(i.nrf52_errata_171), (68 bytes).
    Removing system_nrf52.o(i.nrf52_errata_172), (68 bytes).
    Removing system_nrf52.o(i.nrf52_errata_173), (68 bytes).
    Removing system_nrf52.o(i.nrf52_errata_174), (68 bytes).
    Removing system_nrf52.o(i.nrf52_errata_176), (68 bytes).
    Removing system_nrf52.o(i.nrf52_errata_178), (4 bytes).
    Removing system_nrf52.o(i.nrf52_errata_179), (68 bytes).
    Removing system_nrf52.o(i.nrf52_errata_180), (68 bytes).
    Removing system_nrf52.o(i.nrf52_errata_181), (68 bytes).
    Removing system_nrf52.o(i.nrf52_errata_182), (4 bytes).
    Removing system_nrf52.o(i.nrf52_errata_183), (68 bytes).
    Removing system_nrf52.o(i.nrf52_errata_184), (68 bytes).
    Removing system_nrf52.o(i.nrf52_errata_186), (68 bytes).
    Removing system_nrf52.o(i.nrf52_errata_187), (68 bytes).
    Removing system_nrf52.o(i.nrf52_errata_189), (68 bytes).
    Removing system_nrf52.o(i.nrf52_errata_190), (68 bytes).
    Removing system_nrf52.o(i.nrf52_errata_191), (68 bytes).
    Removing system_nrf52.o(i.nrf52_errata_192), (68 bytes).
    Removing system_nrf52.o(i.nrf52_errata_193), (68 bytes).
    Removing system_nrf52.o(i.nrf52_errata_194), (68 bytes).
    Removing system_nrf52.o(i.nrf52_errata_195), (68 bytes).
    Removing system_nrf52.o(i.nrf52_errata_196), (68 bytes).
    Removing system_nrf52.o(i.nrf52_errata_197), (68 bytes).
    Removing system_nrf52.o(i.nrf52_errata_198), (68 bytes).
    Removing system_nrf52.o(i.nrf52_errata_199), (68 bytes).
    Removing system_nrf52.o(i.nrf52_errata_2), (4 bytes).
    Removing system_nrf52.o(i.nrf52_errata_20), (68 bytes).
    Removing system_nrf52.o(i.nrf52_errata_200), (68 bytes).
    Removing system_nrf52.o(i.nrf52_errata_201), (68 bytes).
    Removing system_nrf52.o(i.nrf52_errata_202), (68 bytes).
    Removing system_nrf52.o(i.nrf52_errata_204), (68 bytes).
    Removing system_nrf52.o(i.nrf52_errata_208), (68 bytes).
    Removing system_nrf52.o(i.nrf52_errata_209), (68 bytes).
    Removing system_nrf52.o(i.nrf52_errata_210), (68 bytes).
    Removing system_nrf52.o(i.nrf52_errata_211), (68 bytes).
    Removing system_nrf52.o(i.nrf52_errata_212), (68 bytes).
    Removing system_nrf52.o(i.nrf52_errata_213), (68 bytes).
    Removing system_nrf52.o(i.nrf52_errata_214), (68 bytes).
    Removing system_nrf52.o(i.nrf52_errata_215), (68 bytes).
    Removing system_nrf52.o(i.nrf52_errata_216), (68 bytes).
    Removing system_nrf52.o(i.nrf52_errata_217), (4 bytes).
    Removing system_nrf52.o(i.nrf52_errata_218), (68 bytes).
    Removing system_nrf52.o(i.nrf52_errata_219), (68 bytes).
    Removing system_nrf52.o(i.nrf52_errata_220), (4 bytes).
    Removing system_nrf52.o(i.nrf52_errata_223), (4 bytes).
    Removing system_nrf52.o(i.nrf52_errata_225), (4 bytes).
    Removing system_nrf52.o(i.nrf52_errata_228), (68 bytes).
    Removing system_nrf52.o(i.nrf52_errata_23), (4 bytes).
    Removing system_nrf52.o(i.nrf52_errata_230), (4 bytes).
    Removing system_nrf52.o(i.nrf52_errata_231), (4 bytes).
    Removing system_nrf52.o(i.nrf52_errata_232), (4 bytes).
    Removing system_nrf52.o(i.nrf52_errata_233), (68 bytes).
    Removing system_nrf52.o(i.nrf52_errata_236), (68 bytes).
    Removing system_nrf52.o(i.nrf52_errata_237), (68 bytes).
    Removing system_nrf52.o(i.nrf52_errata_24), (4 bytes).
    Removing system_nrf52.o(i.nrf52_errata_242), (68 bytes).
    Removing system_nrf52.o(i.nrf52_errata_243), (68 bytes).
    Removing system_nrf52.o(i.nrf52_errata_244), (68 bytes).
    Removing system_nrf52.o(i.nrf52_errata_245), (68 bytes).
    Removing system_nrf52.o(i.nrf52_errata_246), (68 bytes).
    Removing system_nrf52.o(i.nrf52_errata_248), (68 bytes).
    Removing system_nrf52.o(i.nrf52_errata_25), (4 bytes).
    Removing system_nrf52.o(i.nrf52_errata_250), (4 bytes).
    Removing system_nrf52.o(i.nrf52_errata_26), (4 bytes).
    Removing system_nrf52.o(i.nrf52_errata_27), (4 bytes).
    Removing system_nrf52.o(i.nrf52_errata_28), (4 bytes).
    Removing system_nrf52.o(i.nrf52_errata_29), (4 bytes).
    Removing system_nrf52.o(i.nrf52_errata_3), (4 bytes).
    Removing system_nrf52.o(i.nrf52_errata_30), (4 bytes).
    Removing system_nrf52.o(i.nrf52_errata_31), (4 bytes).
    Removing system_nrf52.o(i.nrf52_errata_32), (4 bytes).
    Removing system_nrf52.o(i.nrf52_errata_33), (4 bytes).
    Removing system_nrf52.o(i.nrf52_errata_34), (4 bytes).
    Removing system_nrf52.o(i.nrf52_errata_35), (4 bytes).
    Removing system_nrf52.o(i.nrf52_errata_37), (4 bytes).
    Removing system_nrf52.o(i.nrf52_errata_38), (4 bytes).
    Removing system_nrf52.o(i.nrf52_errata_39), (4 bytes).
    Removing system_nrf52.o(i.nrf52_errata_4), (4 bytes).
    Removing system_nrf52.o(i.nrf52_errata_40), (4 bytes).
    Removing system_nrf52.o(i.nrf52_errata_41), (4 bytes).
    Removing system_nrf52.o(i.nrf52_errata_42), (4 bytes).
    Removing system_nrf52.o(i.nrf52_errata_43), (4 bytes).
    Removing system_nrf52.o(i.nrf52_errata_44), (4 bytes).
    Removing system_nrf52.o(i.nrf52_errata_46), (4 bytes).
    Removing system_nrf52.o(i.nrf52_errata_47), (4 bytes).
    Removing system_nrf52.o(i.nrf52_errata_48), (4 bytes).
    Removing system_nrf52.o(i.nrf52_errata_49), (4 bytes).
    Removing system_nrf52.o(i.nrf52_errata_51), (4 bytes).
    Removing system_nrf52.o(i.nrf52_errata_54), (68 bytes).
    Removing system_nrf52.o(i.nrf52_errata_55), (68 bytes).
    Removing system_nrf52.o(i.nrf52_errata_57), (4 bytes).
    Removing system_nrf52.o(i.nrf52_errata_58), (68 bytes).
    Removing system_nrf52.o(i.nrf52_errata_62), (4 bytes).
    Removing system_nrf52.o(i.nrf52_errata_63), (4 bytes).
    Removing system_nrf52.o(i.nrf52_errata_64), (4 bytes).
    Removing system_nrf52.o(i.nrf52_errata_65), (4 bytes).
    Removing system_nrf52.o(i.nrf52_errata_67), (4 bytes).
    Removing system_nrf52.o(i.nrf52_errata_68), (68 bytes).
    Removing system_nrf52.o(i.nrf52_errata_7), (4 bytes).
    Removing system_nrf52.o(i.nrf52_errata_70), (4 bytes).
    Removing system_nrf52.o(i.nrf52_errata_71), (4 bytes).
    Removing system_nrf52.o(i.nrf52_errata_72), (4 bytes).
    Removing system_nrf52.o(i.nrf52_errata_73), (4 bytes).
    Removing system_nrf52.o(i.nrf52_errata_74), (4 bytes).
    Removing system_nrf52.o(i.nrf52_errata_75), (4 bytes).
    Removing system_nrf52.o(i.nrf52_errata_76), (4 bytes).
    Removing system_nrf52.o(i.nrf52_errata_77), (4 bytes).
    Removing system_nrf52.o(i.nrf52_errata_78), (68 bytes).
    Removing system_nrf52.o(i.nrf52_errata_79), (4 bytes).
    Removing system_nrf52.o(i.nrf52_errata_8), (4 bytes).
    Removing system_nrf52.o(i.nrf52_errata_81), (68 bytes).
    Removing system_nrf52.o(i.nrf52_errata_83), (68 bytes).
    Removing system_nrf52.o(i.nrf52_errata_84), (4 bytes).
    Removing system_nrf52.o(i.nrf52_errata_86), (4 bytes).
    Removing system_nrf52.o(i.nrf52_errata_87), (68 bytes).
    Removing system_nrf52.o(i.nrf52_errata_88), (4 bytes).
    Removing system_nrf52.o(i.nrf52_errata_89), (68 bytes).
    Removing system_nrf52.o(i.nrf52_errata_9), (4 bytes).
    Removing system_nrf52.o(i.nrf52_errata_91), (4 bytes).
    Removing system_nrf52.o(i.nrf52_errata_94), (68 bytes).
    Removing system_nrf52.o(i.nrf52_errata_96), (68 bytes).
    Removing system_nrf52.o(i.nrf52_errata_97), (68 bytes).

212 unused section(s) (total 23926 bytes) removed from the image.

==============================================================================

Image Symbol Table

    Local Symbols

    Symbol Name                              Value     Ov Type        Size  Object(Section)

    RESET                                    0x00000000   Section      512  arm_startup_nrf52840.o(RESET)
    ../clib/microlib/division.c              0x00000000   Number         0  uldiv.o ABSOLUTE
    ../clib/microlib/init/entry.s            0x00000000   Number         0  entry8a.o ABSOLUTE
    ../clib/microlib/init/entry.s            0x00000000   Number         0  entry8b.o ABSOLUTE
    ../clib/microlib/init/entry.s            0x00000000   Number         0  entry2.o ABSOLUTE
    ../clib/microlib/init/entry.s            0x00000000   Number         0  entry9a.o ABSOLUTE
    ../clib/microlib/init/entry.s            0x00000000   Number         0  entry5.o ABSOLUTE
    ../clib/microlib/init/entry.s            0x00000000   Number         0  entry9b.o ABSOLUTE
    ../clib/microlib/init/entry.s            0x00000000   Number         0  entry10a.o ABSOLUTE
    ../clib/microlib/init/entry.s            0x00000000   Number         0  entry10b.o ABSOLUTE
    ../clib/microlib/init/entry.s            0x00000000   Number         0  entry11a.o ABSOLUTE
    ../clib/microlib/init/entry.s            0x00000000   Number         0  entry.o ABSOLUTE
    ../clib/microlib/init/entry.s            0x00000000   Number         0  entry11b.o ABSOLUTE
    ../clib/microlib/init/entry.s            0x00000000   Number         0  entry7a.o ABSOLUTE
    ../clib/microlib/init/entry.s            0x00000000   Number         0  entry7b.o ABSOLUTE
    ../clib/microlib/longlong.c              0x00000000   Number         0  llshl.o ABSOLUTE
    ../clib/microlib/longlong.c              0x00000000   Number         0  llushr.o ABSOLUTE
    ..\..\src\drv_botones.c                  0x00000000   Number         0  drv_botones.o ABSOLUTE
    ..\..\src\drv_consumo.c                  0x00000000   Number         0  drv_consumo.o ABSOLUTE
    ..\..\src\drv_leds.c                     0x00000000   Number         0  drv_leds.o ABSOLUTE
    ..\..\src\drv_monitor.c                  0x00000000   Number         0  drv_monitor.o ABSOLUTE
    ..\..\src\drv_tiempo.c                   0x00000000   Number         0  drv_tiempo.o ABSOLUTE
    ..\..\src\main.c                         0x00000000   Number         0  main.o ABSOLUTE
    ..\..\src\random.c                       0x00000000   Number         0  random.o ABSOLUTE
    ..\..\src\rt_GE.c                        0x00000000   Number         0  rt_ge.o ABSOLUTE
    ..\..\src\rt_fifo.c                      0x00000000   Number         0  rt_fifo.o ABSOLUTE
    ..\..\src\simon.c                        0x00000000   Number         0  simon.o ABSOLUTE
    ..\..\src\svc_alarma.c                   0x00000000   Number         0  svc_alarma.o ABSOLUTE
    ..\\src_nrf\\hal_WDT_nrf.c               0x00000000   Number         0  hal_wdt_nrf.o ABSOLUTE
    ..\\src_nrf\\hal_consumo_nrf.c           0x00000000   Number         0  hal_consumo_nrf.o ABSOLUTE
    ..\\src_nrf\\hal_ext_int_nrf.c           0x00000000   Number         0  hal_ext_int_nrf.o ABSOLUTE
    ..\\src_nrf\\hal_gpio_nrf.c              0x00000000   Number         0  hal_gpio_nrf.o ABSOLUTE
    ..\\src_nrf\\hal_tiempo_nrf.c            0x00000000   Number         0  hal_tiempo_nrf.o ABSOLUTE
    ..\src_nrf\hal_WDT_nrf.c                 0x00000000   Number         0  hal_wdt_nrf.o ABSOLUTE
    ..\src_nrf\hal_concurrencia_nrf.c        0x00000000   Number         0  hal_concurrencia_nrf.o ABSOLUTE
    ..\src_nrf\hal_consumo_nrf.c             0x00000000   Number         0  hal_consumo_nrf.o ABSOLUTE
    ..\src_nrf\hal_ext_int_nrf.c             0x00000000   Number         0  hal_ext_int_nrf.o ABSOLUTE
    ..\src_nrf\hal_gpio_nrf.c                0x00000000   Number         0  hal_gpio_nrf.o ABSOLUTE
    ..\src_nrf\hal_tiempo_nrf.c              0x00000000   Number         0  hal_tiempo_nrf.o ABSOLUTE
    RTE\Device\nRF52840_xxAA\arm_startup_nrf52840.s 0x00000000   Number         0  arm_startup_nrf52840.o ABSOLUTE
    RTE\Device\nRF52840_xxAA\system_nrf52.c  0x00000000   Number         0  system_nrf52.o ABSOLUTE
    RTE\\Device\\nRF52840_xxAA\\system_nrf52.c 0x00000000   Number         0  system_nrf52.o ABSOLUTE
    dc.s                                     0x00000000   Number         0  dc.o ABSOLUTE
    handlers.s                               0x00000000   Number         0  handlers.o ABSOLUTE
    init.s                                   0x00000000   Number         0  init.o ABSOLUTE
    .ARM.Collect$$$$00000000                 0x00000200   Section        0  entry.o(.ARM.Collect$$$$00000000)
    .ARM.Collect$$$$00000001                 0x00000200   Section        4  entry2.o(.ARM.Collect$$$$00000001)
    .ARM.Collect$$$$00000004                 0x00000204   Section        4  entry5.o(.ARM.Collect$$$$00000004)
    .ARM.Collect$$$$00000008                 0x00000208   Section        0  entry7b.o(.ARM.Collect$$$$00000008)
    .ARM.Collect$$$$0000000A                 0x00000208   Section        0  entry8b.o(.ARM.Collect$$$$0000000A)
    .ARM.Collect$$$$0000000B                 0x00000208   Section        8  entry9a.o(.ARM.Collect$$$$0000000B)
    .ARM.Collect$$$$0000000D                 0x00000210   Section        0  entry10a.o(.ARM.Collect$$$$0000000D)
    .ARM.Collect$$$$0000000F                 0x00000210   Section        0  entry11a.o(.ARM.Collect$$$$0000000F)
    .ARM.Collect$$$$00002712                 0x00000210   Section        4  entry2.o(.ARM.Collect$$$$00002712)
    __lit__00000000                          0x00000210   Data           4  entry2.o(.ARM.Collect$$$$00002712)
    .text                                    0x00000214   Section       36  arm_startup_nrf52840.o(.text)
    $v0                                      0x00000214   Number         0  arm_startup_nrf52840.o(.text)
    .text                                    0x00000238   Section        0  uldiv.o(.text)
    .text                                    0x0000029a   Section        0  llshl.o(.text)
    .text                                    0x000002b8   Section        0  llushr.o(.text)
    .text                                    0x000002d8   Section       36  init.o(.text)
    i.GPIOTE_IRQHandler                      0x000002fc   Section        0  hal_ext_int_nrf.o(i.GPIOTE_IRQHandler)
    i.SC_entrar_disable_irq                  0x00000354   Section        0  hal_concurrencia_nrf.o(i.SC_entrar_disable_irq)
    i.SC_salir_enable_irq                    0x00000370   Section        0  hal_concurrencia_nrf.o(i.SC_salir_enable_irq)
    i.SystemCoreClockUpdate                  0x00000390   Section        0  system_nrf52.o(i.SystemCoreClockUpdate)
    i.SystemInit                             0x000003a0   Section        0  system_nrf52.o(i.SystemInit)
    i.TIMER0_IRQHandler                      0x000005c0   Section        0  hal_tiempo_nrf.o(i.TIMER0_IRQHandler)
    i.TIMER1_IRQHandler                      0x00000610   Section        0  hal_tiempo_nrf.o(i.TIMER1_IRQHandler)
    i.__NVIC_EnableIRQ                       0x0000063c   Section        0  hal_tiempo_nrf.o(i.__NVIC_EnableIRQ)
    __NVIC_EnableIRQ                         0x0000063d   Thumb Code    34  hal_tiempo_nrf.o(i.__NVIC_EnableIRQ)
    i.__scatterload_copy                     0x0000065e   Section       14  handlers.o(i.__scatterload_copy)
    i.__scatterload_null                     0x0000066c   Section        2  handlers.o(i.__scatterload_null)
    i.__scatterload_zeroinit                 0x0000066e   Section       14  handlers.o(i.__scatterload_zeroinit)
    i.drv_botones_iniciar                    0x0000067c   Section        0  drv_botones.o(i.drv_botones_iniciar)
    i.drv_botones_tratar                     0x000006f8   Section        0  drv_botones.o(i.drv_botones_tratar)
    i.drv_cb_desde_hal                       0x00000800   Section        0  drv_botones.o(i.drv_cb_desde_hal)
    drv_cb_desde_hal                         0x00000801   Thumb Code    36  drv_botones.o(i.drv_cb_desde_hal)
    i.drv_consumo_dormir                     0x0000082c   Section        0  drv_consumo.o(i.drv_consumo_dormir)
    i.drv_consumo_esperar                    0x00000834   Section        0  drv_consumo.o(i.drv_consumo_esperar)
    i.drv_led_apagar                         0x00000848   Section        0  drv_leds.o(i.drv_led_apagar)
    i.drv_led_encender                       0x00000868   Section        0  drv_leds.o(i.drv_led_encender)
    i.drv_leds_iniciar                       0x00000884   Section        0  drv_leds.o(i.drv_leds_iniciar)
    i.drv_monitor_desmarcar                  0x000008a8   Section        0  drv_monitor.o(i.drv_monitor_desmarcar)
    i.drv_monitor_marcar                     0x000008c8   Section        0  drv_monitor.o(i.drv_monitor_marcar)
    i.drv_tiempo_actual_ms                   0x000008e4   Section        0  drv_tiempo.o(i.drv_tiempo_actual_ms)
    i.drv_tiempo_actual_us                   0x00000904   Section        0  drv_tiempo.o(i.drv_tiempo_actual_us)
    i.drv_tiempo_iniciar                     0x00000930   Section        0  drv_tiempo.o(i.drv_tiempo_iniciar)
    i.drv_tiempo_periodico_ms                0x00000940   Section        0  drv_tiempo.o(i.drv_tiempo_periodico_ms)
    i.hal_WDT_feed                           0x0000098c   Section        0  hal_wdt_nrf.o(i.hal_WDT_feed)
    i.hal_WDT_iniciar                        0x000009a4   Section        0  hal_wdt_nrf.o(i.hal_WDT_iniciar)
    i.hal_consumo_dormir                     0x000009d4   Section        0  hal_consumo_nrf.o(i.hal_consumo_dormir)
    i.hal_consumo_esperar                    0x000009e4   Section        0  hal_consumo_nrf.o(i.hal_consumo_esperar)
    i.hal_ext_int_deshabilitar_int           0x000009e8   Section        0  hal_ext_int_nrf.o(i.hal_ext_int_deshabilitar_int)
    i.hal_ext_int_habilitar_despertar        0x00000a38   Section        0  hal_ext_int_nrf.o(i.hal_ext_int_habilitar_despertar)
    i.hal_ext_int_habilitar_int              0x00000a4c   Section        0  hal_ext_int_nrf.o(i.hal_ext_int_habilitar_int)
    i.hal_ext_int_iniciar                    0x00000ae0   Section        0  hal_ext_int_nrf.o(i.hal_ext_int_iniciar)
    i.hal_ext_int_leerINT                    0x00000b74   Section        0  hal_ext_int_nrf.o(i.hal_ext_int_leerINT)
    i.hal_gpio_escribir                      0x00000b88   Section        0  hal_gpio_nrf.o(i.hal_gpio_escribir)
    i.hal_gpio_iniciar                       0x00000ba8   Section        0  hal_gpio_nrf.o(i.hal_gpio_iniciar)
    i.hal_gpio_sentido                       0x00000bb4   Section        0  hal_gpio_nrf.o(i.hal_gpio_sentido)
    i.hal_tiempo_actual_tick                 0x00000bd4   Section        0  hal_tiempo_nrf.o(i.hal_tiempo_actual_tick)
    i.hal_tiempo_iniciar_tick                0x00000c04   Section        0  hal_tiempo_nrf.o(i.hal_tiempo_iniciar_tick)
    i.hal_tiempo_reloj_periodico_tick        0x00000c68   Section        0  hal_tiempo_nrf.o(i.hal_tiempo_reloj_periodico_tick)
    i.interna_callback                       0x00000ccc   Section        0  drv_tiempo.o(i.interna_callback)
    interna_callback                         0x00000ccd   Thumb Code    22  drv_tiempo.o(i.interna_callback)
    i.main                                   0x00000cec   Section        0  main.o(i.main)
    i.nrf52_configuration_249                0x00000d50   Section        0  system_nrf52.o(i.nrf52_configuration_249)
    nrf52_configuration_249                  0x00000d51   Thumb Code    62  system_nrf52.o(i.nrf52_configuration_249)
    i.nrf52_errata_103                       0x00000d94   Section        0  system_nrf52.o(i.nrf52_errata_103)
    nrf52_errata_103                         0x00000d95   Thumb Code    62  system_nrf52.o(i.nrf52_errata_103)
    i.nrf52_errata_115                       0x00000dd8   Section        0  system_nrf52.o(i.nrf52_errata_115)
    nrf52_errata_115                         0x00000dd9   Thumb Code    62  system_nrf52.o(i.nrf52_errata_115)
    i.nrf52_errata_120                       0x00000e1c   Section        0  system_nrf52.o(i.nrf52_errata_120)
    nrf52_errata_120                         0x00000e1d   Thumb Code    62  system_nrf52.o(i.nrf52_errata_120)
    i.nrf52_errata_136                       0x00000e60   Section        0  system_nrf52.o(i.nrf52_errata_136)
    nrf52_errata_136                         0x00000e61   Thumb Code    62  system_nrf52.o(i.nrf52_errata_136)
    i.nrf52_errata_36                        0x00000ea4   Section        0  system_nrf52.o(i.nrf52_errata_36)
    nrf52_errata_36                          0x00000ea5   Thumb Code    62  system_nrf52.o(i.nrf52_errata_36)
    i.nrf52_errata_66                        0x00000ee8   Section        0  system_nrf52.o(i.nrf52_errata_66)
    nrf52_errata_66                          0x00000ee9   Thumb Code    62  system_nrf52.o(i.nrf52_errata_66)
    i.nrf52_errata_98                        0x00000f2c   Section        0  system_nrf52.o(i.nrf52_errata_98)
    nrf52_errata_98                          0x00000f2d   Thumb Code    62  system_nrf52.o(i.nrf52_errata_98)
    i.nvmc_config                            0x00000f70   Section        0  system_nrf52.o(i.nvmc_config)
    i.nvmc_wait                              0x00000f84   Section        0  system_nrf52.o(i.nvmc_wait)
    i.random_generate                        0x00000f94   Section        0  random.o(i.random_generate)
    i.random_init                            0x00000fc8   Section        0  random.o(i.random_init)
    i.rt_FIFO_encolar                        0x00000fe0   Section        0  rt_fifo.o(i.rt_FIFO_encolar)
    i.rt_FIFO_encolar_USR                    0x00001054   Section        0  rt_fifo.o(i.rt_FIFO_encolar_USR)
    i.rt_FIFO_extraer                        0x0000106c   Section        0  rt_fifo.o(i.rt_FIFO_extraer)
    i.rt_FIFO_inicializar                    0x000010ec   Section        0  rt_fifo.o(i.rt_FIFO_inicializar)
    i.rt_GE_iniciar                          0x00001108   Section        0  rt_ge.o(i.rt_GE_iniciar)
    i.rt_GE_lanzador                         0x00001160   Section        0  rt_ge.o(i.rt_GE_lanzador)
    i.rt_GE_tratar                           0x000011cc   Section        0  rt_ge.o(i.rt_GE_tratar)
    i.simon                                  0x000011f0   Section        0  simon.o(i.simon)
    i.simon_iniciar                          0x000014e4   Section        0  simon.o(i.simon_iniciar)
    i.svc_GE_suscribir                       0x0000156c   Section        0  rt_ge.o(i.svc_GE_suscribir)
    i.svc_alarma_activar                     0x000015c8   Section        0  svc_alarma.o(i.svc_alarma_activar)
    i.svc_alarma_iniciar                     0x000016e0   Section        0  svc_alarma.o(i.svc_alarma_iniciar)
    i.svc_alarma_tratar                      0x0000173c   Section        0  svc_alarma.o(i.svc_alarma_tratar)
    .constdata                               0x000017e8   Section        4  drv_leds.o(.constdata)
    led_list                                 0x000017e8   Data           4  drv_leds.o(.constdata)
    .constdata                               0x000017ec   Section        4  drv_monitor.o(.constdata)
    monitor_list                             0x000017ec   Data           4  drv_monitor.o(.constdata)
    .constdata                               0x000017f0   Section        4  drv_botones.o(.constdata)
    boton_list                               0x000017f0   Data           4  drv_botones.o(.constdata)
    .data                                    0x20000000   Section        8  main.o(.data)
    Num_leds                                 0x20000000   Data           4  main.o(.data)
    Num_botones                              0x20000004   Data           4  main.o(.data)
    .data                                    0x20000008   Section       12  drv_tiempo.o(.data)
    hal_ticks2us                             0x20000008   Data           4  drv_tiempo.o(.data)
    callback_id                              0x2000000c   Data           4  drv_tiempo.o(.data)
    f_callback                               0x20000010   Data           4  drv_tiempo.o(.data)
    .data                                    0x20000014   Section       12  svc_alarma.o(.data)
    fun_callback                             0x20000014   Data           4  svc_alarma.o(.data)
    fun_callback_USR                         0x20000018   Data           4  svc_alarma.o(.data)
    mon_overflow                             0x2000001c   Data           4  svc_alarma.o(.data)
    .data                                    0x20000020   Section        4  rt_ge.o(.data)
    mon_overflow                             0x20000020   Data           4  rt_ge.o(.data)
    .data                                    0x20000024   Section       12  drv_botones.o(.data)
    tiempo_ret                               0x20000024   Data           4  drv_botones.o(.data)
    num_pulsados                             0x20000028   Data           4  drv_botones.o(.data)
    callback_encolar                         0x2000002c   Data           4  drv_botones.o(.data)
    .data                                    0x20000030   Section        4  random.o(.data)
    seed                                     0x20000030   Data           4  random.o(.data)
    .data                                    0x20000034   Section       52  simon.o(.data)
    indice                                   0x20000034   Data           4  simon.o(.data)
    indice_pulsado                           0x20000038   Data           4  simon.o(.data)
    indice_led                               0x2000003c   Data           4  simon.o(.data)
    Estado_Simon                             0x20000040   Data           1  simon.o(.data)
    iter                                     0x20000044   Data           4  simon.o(.data)
    leds_encendidos                          0x20000048   Data           4  simon.o(.data)
    tiempo_sin_pulsar                        0x2000004c   Data           4  simon.o(.data)
    tiempo_espera_led                        0x20000050   Data           4  simon.o(.data)
    tiempo_espera_inicial                    0x20000054   Data           4  simon.o(.data)
    tiempo_simon                             0x20000058   Data           4  simon.o(.data)
    tiempo_espera_encender                   0x2000005c   Data           4  simon.o(.data)
    Num_leds                                 0x20000060   Data           4  simon.o(.data)
    Num_botones                              0x20000064   Data           4  simon.o(.data)
    .data                                    0x20000068   Section        8  hal_tiempo_nrf.o(.data)
    timer0_int_count                         0x20000068   Data           4  hal_tiempo_nrf.o(.data)
    f_callback                               0x2000006c   Data           4  hal_tiempo_nrf.o(.data)
    .data                                    0x20000070   Section        4  hal_ext_int_nrf.o(.data)
    channel                                  0x20000070   Data           4  hal_ext_int_nrf.o(.data)
    .data                                    0x20000074   Section        8  hal_concurrencia_nrf.o(.data)
    m_in_critical_region                     0x20000074   Data           4  hal_concurrencia_nrf.o(.data)
    cpsr                                     0x20000078   Data           4  hal_concurrencia_nrf.o(.data)
    .data                                    0x2000007c   Section        4  system_nrf52.o(.data)
    __tagsym$$used                           0x2000007c   Number         0  system_nrf52.o(.data)
    .bss                                     0x20000080   Section     1080  rt_fifo.o(.bss)
    fifo                                     0x20000080   Data        1080  rt_fifo.o(.bss)
    .bss                                     0x200004b8   Section       80  svc_alarma.o(.bss)
    alarmas                                  0x200004b8   Data          80  svc_alarma.o(.bss)
    .bss                                     0x20000508   Section      324  rt_ge.o(.bss)
    gestor_eventos                           0x20000508   Data         324  rt_ge.o(.bss)
    .bss                                     0x2000064c   Section       48  drv_botones.o(.bss)
    botones                                  0x2000064c   Data          48  drv_botones.o(.bss)
    .bss                                     0x2000067c   Section       32  simon.o(.bss)
    vector_leds                              0x2000067c   Data          32  simon.o(.bss)
    .bss                                     0x2000069c   Section       64  hal_ext_int_nrf.o(.bss)
    STACK                                    0x200006e0   Section    16384  arm_startup_nrf52840.o(STACK)

    Global Symbols

    Symbol Name                              Value     Ov Type        Size  Object(Section)

    BuildAttributes$$THM_ISAv4$E$P$D$K$B$S$7EM$VFPi3$EXTD16$VFPS$VFMA$PE$A:L22UL41UL21$X:L11$S22US41US21$IEEE1$IW$USESV6$~STKCKD$USESV7$~SHL$OSPACE$EBA8$MICROLIB$REQ8$PRES8$EABIv2 0x00000000   Number         0  anon$$obj.o ABSOLUTE
    __ARM_use_no_argv                        0x00000000   Number         0  main.o ABSOLUTE
    __Vectors                                0x00000000   Data           4  arm_startup_nrf52840.o(RESET)
    __cpp_initialize__aeabi_                  - Undefined Weak Reference
    __cxa_finalize                            - Undefined Weak Reference
    __decompress                              - Undefined Weak Reference
    _clock_init                               - Undefined Weak Reference
    _microlib_exit                            - Undefined Weak Reference
    __Vectors_End                            0x00000200   Data           0  arm_startup_nrf52840.o(RESET)
    __Vectors_Size                           0x00000200   Number         0  arm_startup_nrf52840.o ABSOLUTE
    __main                                   0x00000201   Thumb Code     0  entry.o(.ARM.Collect$$$$00000000)
    _main_stk                                0x00000201   Thumb Code     0  entry2.o(.ARM.Collect$$$$00000001)
    _main_scatterload                        0x00000205   Thumb Code     0  entry5.o(.ARM.Collect$$$$00000004)
    __main_after_scatterload                 0x00000209   Thumb Code     0  entry5.o(.ARM.Collect$$$$00000004)
    _main_clock                              0x00000209   Thumb Code     0  entry7b.o(.ARM.Collect$$$$00000008)
    _main_cpp_init                           0x00000209   Thumb Code     0  entry8b.o(.ARM.Collect$$$$0000000A)
    _main_init                               0x00000209   Thumb Code     0  entry9a.o(.ARM.Collect$$$$0000000B)
    __rt_final_cpp                           0x00000211   Thumb Code     0  entry10a.o(.ARM.Collect$$$$0000000D)
    __rt_final_exit                          0x00000211   Thumb Code     0  entry11a.o(.ARM.Collect$$$$0000000F)
    Reset_Handler                            0x00000215   Thumb Code     8  arm_startup_nrf52840.o(.text)
    NMI_Handler                              0x0000021d   Thumb Code     2  arm_startup_nrf52840.o(.text)
    HardFault_Handler                        0x0000021f   Thumb Code     2  arm_startup_nrf52840.o(.text)
    MemoryManagement_Handler                 0x00000221   Thumb Code     2  arm_startup_nrf52840.o(.text)
    BusFault_Handler                         0x00000223   Thumb Code     2  arm_startup_nrf52840.o(.text)
    UsageFault_Handler                       0x00000225   Thumb Code     2  arm_startup_nrf52840.o(.text)
    SVC_Handler                              0x00000227   Thumb Code     2  arm_startup_nrf52840.o(.text)
    DebugMon_Handler                         0x00000229   Thumb Code     2  arm_startup_nrf52840.o(.text)
    PendSV_Handler                           0x0000022b   Thumb Code     2  arm_startup_nrf52840.o(.text)
    SysTick_Handler                          0x0000022d   Thumb Code     2  arm_startup_nrf52840.o(.text)
    CCM_AAR_IRQHandler                       0x0000022f   Thumb Code     0  arm_startup_nrf52840.o(.text)
    COMP_LPCOMP_IRQHandler                   0x0000022f   Thumb Code     0  arm_startup_nrf52840.o(.text)
    CRYPTOCELL_IRQHandler                    0x0000022f   Thumb Code     0  arm_startup_nrf52840.o(.text)
    ECB_IRQHandler                           0x0000022f   Thumb Code     0  arm_startup_nrf52840.o(.text)
    FPU_IRQHandler                           0x0000022f   Thumb Code     0  arm_startup_nrf52840.o(.text)
    I2S_IRQHandler                           0x0000022f   Thumb Code     0  arm_startup_nrf52840.o(.text)
    MWU_IRQHandler                           0x0000022f   Thumb Code     0  arm_startup_nrf52840.o(.text)
    NFCT_IRQHandler                          0x0000022f   Thumb Code     0  arm_startup_nrf52840.o(.text)
    PDM_IRQHandler                           0x0000022f   Thumb Code     0  arm_startup_nrf52840.o(.text)
    POWER_CLOCK_IRQHandler                   0x0000022f   Thumb Code     0  arm_startup_nrf52840.o(.text)
    PWM0_IRQHandler                          0x0000022f   Thumb Code     0  arm_startup_nrf52840.o(.text)
    PWM1_IRQHandler                          0x0000022f   Thumb Code     0  arm_startup_nrf52840.o(.text)
    PWM2_IRQHandler                          0x0000022f   Thumb Code     0  arm_startup_nrf52840.o(.text)
    PWM3_IRQHandler                          0x0000022f   Thumb Code     0  arm_startup_nrf52840.o(.text)
    QDEC_IRQHandler                          0x0000022f   Thumb Code     0  arm_startup_nrf52840.o(.text)
    QSPI_IRQHandler                          0x0000022f   Thumb Code     0  arm_startup_nrf52840.o(.text)
    RADIO_IRQHandler                         0x0000022f   Thumb Code     0  arm_startup_nrf52840.o(.text)
    RNG_IRQHandler                           0x0000022f   Thumb Code     0  arm_startup_nrf52840.o(.text)
    RTC0_IRQHandler                          0x0000022f   Thumb Code     0  arm_startup_nrf52840.o(.text)
    RTC1_IRQHandler                          0x0000022f   Thumb Code     0  arm_startup_nrf52840.o(.text)
    RTC2_IRQHandler                          0x0000022f   Thumb Code     0  arm_startup_nrf52840.o(.text)
    SAADC_IRQHandler                         0x0000022f   Thumb Code     0  arm_startup_nrf52840.o(.text)
    SPIM0_SPIS0_TWIM0_TWIS0_SPI0_TWI0_IRQHandler 0x0000022f   Thumb Code     0  arm_startup_nrf52840.o(.text)
    SPIM1_SPIS1_TWIM1_TWIS1_SPI1_TWI1_IRQHandler 0x0000022f   Thumb Code     0  arm_startup_nrf52840.o(.text)
    SPIM2_SPIS2_SPI2_IRQHandler              0x0000022f   Thumb Code     0  arm_startup_nrf52840.o(.text)
    SPIM3_IRQHandler                         0x0000022f   Thumb Code     0  arm_startup_nrf52840.o(.text)
    SWI0_EGU0_IRQHandler                     0x0000022f   Thumb Code     0  arm_startup_nrf52840.o(.text)
    SWI1_EGU1_IRQHandler                     0x0000022f   Thumb Code     0  arm_startup_nrf52840.o(.text)
    SWI2_EGU2_IRQHandler                     0x0000022f   Thumb Code     0  arm_startup_nrf52840.o(.text)
    SWI3_EGU3_IRQHandler                     0x0000022f   Thumb Code     0  arm_startup_nrf52840.o(.text)
    SWI4_EGU4_IRQHandler                     0x0000022f   Thumb Code     0  arm_startup_nrf52840.o(.text)
    SWI5_EGU5_IRQHandler                     0x0000022f   Thumb Code     0  arm_startup_nrf52840.o(.text)
    TEMP_IRQHandler                          0x0000022f   Thumb Code     0  arm_startup_nrf52840.o(.text)
    TIMER2_IRQHandler                        0x0000022f   Thumb Code     0  arm_startup_nrf52840.o(.text)
    TIMER3_IRQHandler                        0x0000022f   Thumb Code     0  arm_startup_nrf52840.o(.text)
    TIMER4_IRQHandler                        0x0000022f   Thumb Code     0  arm_startup_nrf52840.o(.text)
    UARTE0_UART0_IRQHandler                  0x0000022f   Thumb Code     0  arm_startup_nrf52840.o(.text)
    UARTE1_IRQHandler                        0x0000022f   Thumb Code     0  arm_startup_nrf52840.o(.text)
    USBD_IRQHandler                          0x0000022f   Thumb Code     0  arm_startup_nrf52840.o(.text)
    WDT_IRQHandler                           0x0000022f   Thumb Code     0  arm_startup_nrf52840.o(.text)
    __aeabi_uldivmod                         0x00000239   Thumb Code    98  uldiv.o(.text)
    __aeabi_llsl                             0x0000029b   Thumb Code    30  llshl.o(.text)
    _ll_shift_l                              0x0000029b   Thumb Code     0  llshl.o(.text)
    __aeabi_llsr                             0x000002b9   Thumb Code    32  llushr.o(.text)
    _ll_ushift_r                             0x000002b9   Thumb Code     0  llushr.o(.text)
    __scatterload                            0x000002d9   Thumb Code    28  init.o(.text)
    __scatterload_rt2                        0x000002d9   Thumb Code     0  init.o(.text)
    GPIOTE_IRQHandler                        0x000002fd   Thumb Code    80  hal_ext_int_nrf.o(i.GPIOTE_IRQHandler)
    SC_entrar_disable_irq                    0x00000355   Thumb Code    24  hal_concurrencia_nrf.o(i.SC_entrar_disable_irq)
    SC_salir_enable_irq                      0x00000371   Thumb Code    26  hal_concurrencia_nrf.o(i.SC_salir_enable_irq)
    SystemCoreClockUpdate                    0x00000391   Thumb Code     8  system_nrf52.o(i.SystemCoreClockUpdate)
    SystemInit                               0x000003a1   Thumb Code   488  system_nrf52.o(i.SystemInit)
    TIMER0_IRQHandler                        0x000005c1   Thumb Code    62  hal_tiempo_nrf.o(i.TIMER0_IRQHandler)
    TIMER1_IRQHandler                        0x00000611   Thumb Code    32  hal_tiempo_nrf.o(i.TIMER1_IRQHandler)
    __scatterload_copy                       0x0000065f   Thumb Code    14  handlers.o(i.__scatterload_copy)
    __scatterload_null                       0x0000066d   Thumb Code     2  handlers.o(i.__scatterload_null)
    __scatterload_zeroinit                   0x0000066f   Thumb Code    14  handlers.o(i.__scatterload_zeroinit)
    drv_botones_iniciar                      0x0000067d   Thumb Code   102  drv_botones.o(i.drv_botones_iniciar)
    drv_botones_tratar                       0x000006f9   Thumb Code   248  drv_botones.o(i.drv_botones_tratar)
    drv_consumo_dormir                       0x0000082d   Thumb Code     8  drv_consumo.o(i.drv_consumo_dormir)
    drv_consumo_esperar                      0x00000835   Thumb Code    20  drv_consumo.o(i.drv_consumo_esperar)
    drv_led_apagar                           0x00000849   Thumb Code    26  drv_leds.o(i.drv_led_apagar)
    drv_led_encender                         0x00000869   Thumb Code    24  drv_leds.o(i.drv_led_encender)
    drv_leds_iniciar                         0x00000885   Thumb Code    32  drv_leds.o(i.drv_leds_iniciar)
    drv_monitor_desmarcar                    0x000008a9   Thumb Code    26  drv_monitor.o(i.drv_monitor_desmarcar)
    drv_monitor_marcar                       0x000008c9   Thumb Code    24  drv_monitor.o(i.drv_monitor_marcar)
    drv_tiempo_actual_ms                     0x000008e5   Thumb Code    30  drv_tiempo.o(i.drv_tiempo_actual_ms)
    drv_tiempo_actual_us                     0x00000905   Thumb Code    38  drv_tiempo.o(i.drv_tiempo_actual_us)
    drv_tiempo_iniciar                       0x00000931   Thumb Code    12  drv_tiempo.o(i.drv_tiempo_iniciar)
    drv_tiempo_periodico_ms                  0x00000941   Thumb Code    60  drv_tiempo.o(i.drv_tiempo_periodico_ms)
    hal_WDT_feed                             0x0000098d   Thumb Code    16  hal_wdt_nrf.o(i.hal_WDT_feed)
    hal_WDT_iniciar                          0x000009a5   Thumb Code    38  hal_wdt_nrf.o(i.hal_WDT_iniciar)
    hal_consumo_dormir                       0x000009d5   Thumb Code    12  hal_consumo_nrf.o(i.hal_consumo_dormir)
    hal_consumo_esperar                      0x000009e5   Thumb Code     4  hal_consumo_nrf.o(i.hal_consumo_esperar)
    hal_ext_int_deshabilitar_int             0x000009e9   Thumb Code    70  hal_ext_int_nrf.o(i.hal_ext_int_deshabilitar_int)
    hal_ext_int_habilitar_despertar          0x00000a39   Thumb Code    10  hal_ext_int_nrf.o(i.hal_ext_int_habilitar_despertar)
    hal_ext_int_habilitar_int                0x00000a4d   Thumb Code   130  hal_ext_int_nrf.o(i.hal_ext_int_habilitar_int)
    hal_ext_int_iniciar                      0x00000ae1   Thumb Code   132  hal_ext_int_nrf.o(i.hal_ext_int_iniciar)
    hal_ext_int_leerINT                      0x00000b75   Thumb Code    14  hal_ext_int_nrf.o(i.hal_ext_int_leerINT)
    hal_gpio_escribir                        0x00000b89   Thumb Code    28  hal_gpio_nrf.o(i.hal_gpio_escribir)
    hal_gpio_iniciar                         0x00000ba9   Thumb Code     8  hal_gpio_nrf.o(i.hal_gpio_iniciar)
    hal_gpio_sentido                         0x00000bb5   Thumb Code    26  hal_gpio_nrf.o(i.hal_gpio_sentido)
    hal_tiempo_actual_tick                   0x00000bd5   Thumb Code    34  hal_tiempo_nrf.o(i.hal_tiempo_actual_tick)
    hal_tiempo_iniciar_tick                  0x00000c05   Thumb Code    82  hal_tiempo_nrf.o(i.hal_tiempo_iniciar_tick)
    hal_tiempo_reloj_periodico_tick          0x00000c69   Thumb Code    84  hal_tiempo_nrf.o(i.hal_tiempo_reloj_periodico_tick)
    main                                     0x00000ced   Thumb Code    84  main.o(i.main)
    nvmc_config                              0x00000f71   Thumb Code    14  system_nrf52.o(i.nvmc_config)
    nvmc_wait                                0x00000f85   Thumb Code    12  system_nrf52.o(i.nvmc_wait)
    random_generate                          0x00000f95   Thumb Code    44  random.o(i.random_generate)
    random_init                              0x00000fc9   Thumb Code    16  random.o(i.random_init)
    rt_FIFO_encolar                          0x00000fe1   Thumb Code   110  rt_fifo.o(i.rt_FIFO_encolar)
    rt_FIFO_encolar_USR                      0x00001055   Thumb Code    24  rt_fifo.o(i.rt_FIFO_encolar_USR)
    rt_FIFO_extraer                          0x0000106d   Thumb Code   122  rt_fifo.o(i.rt_FIFO_extraer)
    rt_FIFO_inicializar                      0x000010ed   Thumb Code    24  rt_fifo.o(i.rt_FIFO_inicializar)
    rt_GE_iniciar                            0x00001109   Thumb Code    74  rt_ge.o(i.rt_GE_iniciar)
    rt_GE_lanzador                           0x00001161   Thumb Code    96  rt_ge.o(i.rt_GE_lanzador)
    rt_GE_tratar                             0x000011cd   Thumb Code    34  rt_ge.o(i.rt_GE_tratar)
    simon                                    0x000011f1   Thumb Code   698  simon.o(i.simon)
    simon_iniciar                            0x000014e5   Thumb Code   110  simon.o(i.simon_iniciar)
    svc_GE_suscribir                         0x0000156d   Thumb Code    78  rt_ge.o(i.svc_GE_suscribir)
    svc_alarma_activar                       0x000015c9   Thumb Code   270  svc_alarma.o(i.svc_alarma_activar)
    svc_alarma_iniciar                       0x000016e1   Thumb Code    72  svc_alarma.o(i.svc_alarma_iniciar)
    svc_alarma_tratar                        0x0000173d   Thumb Code   162  svc_alarma.o(i.svc_alarma_tratar)
    Region$$Table$$Base                      0x000017f4   Number         0  anon$$obj.o(Region$$Table)
    Region$$Table$$Limit                     0x00001814   Number         0  anon$$obj.o(Region$$Table)
    SystemCoreClock                          0x2000007c   Data           4  system_nrf52.o(.data)
    callbacks                                0x2000069c   Data          16  hal_ext_int_nrf.o(.bss)
    boton_callbacks                          0x200006ac   Data          48  hal_ext_int_nrf.o(.bss)
    __initial_sp                             0x200046e0   Data           0  arm_startup_nrf52840.o(STACK)



==============================================================================

Memory Map of the image

  Image Entry point : 0x00000215

  Load Region LR_1 (Base: 0x00000000, Size: 0x00001894, Max: 0xffffffff, ABSOLUTE)

    Execution Region ER_RO (Exec base: 0x00000000, Load base: 0x00000000, Size: 0x00001814, Max: 0xffffffff, ABSOLUTE)

    Exec Addr    Load Addr    Size         Type   Attr      Idx    E Section Name        Object

    0x00000000   0x00000000   0x00000200   Data   RO          724    RESET               arm_startup_nrf52840.o
    0x00000200   0x00000200   0x00000000   Code   RO         1736  * .ARM.Collect$$$$00000000  mc_w.l(entry.o)
    0x00000200   0x00000200   0x00000004   Code   RO         1741    .ARM.Collect$$$$00000001  mc_w.l(entry2.o)
    0x00000204   0x00000204   0x00000004   Code   RO         1744    .ARM.Collect$$$$00000004  mc_w.l(entry5.o)
    0x00000208   0x00000208   0x00000000   Code   RO         1746    .ARM.Collect$$$$00000008  mc_w.l(entry7b.o)
    0x00000208   0x00000208   0x00000000   Code   RO         1748    .ARM.Collect$$$$0000000A  mc_w.l(entry8b.o)
    0x00000208   0x00000208   0x00000008   Code   RO         1749    .ARM.Collect$$$$0000000B  mc_w.l(entry9a.o)
    0x00000210   0x00000210   0x00000000   Code   RO         1751    .ARM.Collect$$$$0000000D  mc_w.l(entry10a.o)
    0x00000210   0x00000210   0x00000000   Code   RO         1753    .ARM.Collect$$$$0000000F  mc_w.l(entry11a.o)
    0x00000210   0x00000210   0x00000004   Code   RO         1742    .ARM.Collect$$$$00002712  mc_w.l(entry2.o)
    0x00000214   0x00000214   0x00000024   Code   RO          725  * .text               arm_startup_nrf52840.o
    0x00000238   0x00000238   0x00000062   Code   RO         1739    .text               mc_w.l(uldiv.o)
    0x0000029a   0x0000029a   0x0000001e   Code   RO         1755    .text               mc_w.l(llshl.o)
    0x000002b8   0x000002b8   0x00000020   Code   RO         1757    .text               mc_w.l(llushr.o)
    0x000002d8   0x000002d8   0x00000024   Code   RO         1759    .text               mc_w.l(init.o)
    0x000002fc   0x000002fc   0x00000058   Code   RO          586    i.GPIOTE_IRQHandler  hal_ext_int_nrf.o
    0x00000354   0x00000354   0x0000001c   Code   RO          699    i.SC_entrar_disable_irq  hal_concurrencia_nrf.o
    0x00000370   0x00000370   0x00000020   Code   RO          700    i.SC_salir_enable_irq  hal_concurrencia_nrf.o
    0x00000390   0x00000390   0x00000010   Code   RO          732    i.SystemCoreClockUpdate  system_nrf52.o
    0x000003a0   0x000003a0   0x00000220   Code   RO          733    i.SystemInit        system_nrf52.o
    0x000005c0   0x000005c0   0x00000050   Code   RO          488    i.TIMER0_IRQHandler  hal_tiempo_nrf.o
    0x00000610   0x00000610   0x0000002c   Code   RO          489    i.TIMER1_IRQHandler  hal_tiempo_nrf.o
    0x0000063c   0x0000063c   0x00000022   Code   RO          490    i.__NVIC_EnableIRQ  hal_tiempo_nrf.o
    0x0000065e   0x0000065e   0x0000000e   Code   RO         1763    i.__scatterload_copy  mc_w.l(handlers.o)
    0x0000066c   0x0000066c   0x00000002   Code   RO         1764    i.__scatterload_null  mc_w.l(handlers.o)
    0x0000066e   0x0000066e   0x0000000e   Code   RO         1765    i.__scatterload_zeroinit  mc_w.l(handlers.o)
    0x0000067c   0x0000067c   0x0000007c   Code   RO          306    i.drv_botones_iniciar  drv_botones.o
    0x000006f8   0x000006f8   0x00000108   Code   RO          307    i.drv_botones_tratar  drv_botones.o
    0x00000800   0x00000800   0x0000002c   Code   RO          308    i.drv_cb_desde_hal  drv_botones.o
    0x0000082c   0x0000082c   0x00000008   Code   RO          152    i.drv_consumo_dormir  drv_consumo.o
    0x00000834   0x00000834   0x00000014   Code   RO          153    i.drv_consumo_esperar  drv_consumo.o
    0x00000848   0x00000848   0x00000020   Code   RO           62    i.drv_led_apagar    drv_leds.o
    0x00000868   0x00000868   0x0000001c   Code   RO           64    i.drv_led_encender  drv_leds.o
    0x00000884   0x00000884   0x00000024   Code   RO           65    i.drv_leds_iniciar  drv_leds.o
    0x000008a8   0x000008a8   0x00000020   Code   RO          179    i.drv_monitor_desmarcar  drv_monitor.o
    0x000008c8   0x000008c8   0x0000001c   Code   RO          181    i.drv_monitor_marcar  drv_monitor.o
    0x000008e4   0x000008e4   0x0000001e   Code   RO          100    i.drv_tiempo_actual_ms  drv_tiempo.o
    0x00000902   0x00000902   0x00000002   PAD
    0x00000904   0x00000904   0x0000002c   Code   RO          101    i.drv_tiempo_actual_us  drv_tiempo.o
    0x00000930   0x00000930   0x00000010   Code   RO          104    i.drv_tiempo_iniciar  drv_tiempo.o
    0x00000940   0x00000940   0x0000004c   Code   RO          105    i.drv_tiempo_periodico_ms  drv_tiempo.o
    0x0000098c   0x0000098c   0x00000018   Code   RO          669    i.hal_WDT_feed      hal_wdt_nrf.o
    0x000009a4   0x000009a4   0x00000030   Code   RO          670    i.hal_WDT_iniciar   hal_wdt_nrf.o
    0x000009d4   0x000009d4   0x00000010   Code   RO          547    i.hal_consumo_dormir  hal_consumo_nrf.o
    0x000009e4   0x000009e4   0x00000004   Code   RO          548    i.hal_consumo_esperar  hal_consumo_nrf.o
    0x000009e8   0x000009e8   0x00000050   Code   RO          587    i.hal_ext_int_deshabilitar_int  hal_ext_int_nrf.o
    0x00000a38   0x00000a38   0x00000014   Code   RO          589    i.hal_ext_int_habilitar_despertar  hal_ext_int_nrf.o
    0x00000a4c   0x00000a4c   0x00000094   Code   RO          590    i.hal_ext_int_habilitar_int  hal_ext_int_nrf.o
    0x00000ae0   0x00000ae0   0x00000094   Code   RO          591    i.hal_ext_int_iniciar  hal_ext_int_nrf.o
    0x00000b74   0x00000b74   0x00000014   Code   RO          592    i.hal_ext_int_leerINT  hal_ext_int_nrf.o
    0x00000b88   0x00000b88   0x00000020   Code   RO          383    i.hal_gpio_escribir  hal_gpio_nrf.o
    0x00000ba8   0x00000ba8   0x0000000c   Code   RO          385    i.hal_gpio_iniciar  hal_gpio_nrf.o
    0x00000bb4   0x00000bb4   0x00000020   Code   RO          388    i.hal_gpio_sentido  hal_gpio_nrf.o
    0x00000bd4   0x00000bd4   0x00000030   Code   RO          491    i.hal_tiempo_actual_tick  hal_tiempo_nrf.o
    0x00000c04   0x00000c04   0x00000064   Code   RO          492    i.hal_tiempo_iniciar_tick  hal_tiempo_nrf.o
    0x00000c68   0x00000c68   0x00000064   Code   RO          493    i.hal_tiempo_reloj_periodico_tick  hal_tiempo_nrf.o
    0x00000ccc   0x00000ccc   0x00000020   Code   RO          106    i.interna_callback  drv_tiempo.o
    0x00000cec   0x00000cec   0x00000064   Code   RO            1    i.main              main.o
    0x00000d50   0x00000d50   0x00000044   Code   RO          734    i.nrf52_configuration_249  system_nrf52.o
    0x00000d94   0x00000d94   0x00000044   Code   RO          743    i.nrf52_errata_103  system_nrf52.o
    0x00000dd8   0x00000dd8   0x00000044   Code   RO          754    i.nrf52_errata_115  system_nrf52.o
    0x00000e1c   0x00000e1c   0x00000044   Code   RO          760    i.nrf52_errata_120  system_nrf52.o
    0x00000e60   0x00000e60   0x00000044   Code   RO          770    i.nrf52_errata_136  system_nrf52.o
    0x00000ea4   0x00000ea4   0x00000044   Code   RO          871    i.nrf52_errata_36   system_nrf52.o
    0x00000ee8   0x00000ee8   0x00000044   Code   RO          894    i.nrf52_errata_66   system_nrf52.o
    0x00000f2c   0x00000f2c   0x00000044   Code   RO          921    i.nrf52_errata_98   system_nrf52.o
    0x00000f70   0x00000f70   0x00000014   Code   RO          922    i.nvmc_config       system_nrf52.o
    0x00000f84   0x00000f84   0x00000010   Code   RO          923    i.nvmc_wait         system_nrf52.o
    0x00000f94   0x00000f94   0x00000034   Code   RO          336    i.random_generate   random.o
    0x00000fc8   0x00000fc8   0x00000018   Code   RO          337    i.random_init       random.o
    0x00000fe0   0x00000fe0   0x00000074   Code   RO          205    i.rt_FIFO_encolar   rt_fifo.o
    0x00001054   0x00001054   0x00000018   Code   RO          206    i.rt_FIFO_encolar_USR  rt_fifo.o
    0x0000106c   0x0000106c   0x00000080   Code   RO          207    i.rt_FIFO_extraer   rt_fifo.o
    0x000010ec   0x000010ec   0x0000001c   Code   RO          208    i.rt_FIFO_inicializar  rt_fifo.o
    0x00001108   0x00001108   0x00000058   Code   RO          267    i.rt_GE_iniciar     rt_ge.o
    0x00001160   0x00001160   0x0000006c   Code   RO          268    i.rt_GE_lanzador    rt_ge.o
    0x000011cc   0x000011cc   0x00000022   Code   RO          269    i.rt_GE_tratar      rt_ge.o
    0x000011ee   0x000011ee   0x00000002   PAD
    0x000011f0   0x000011f0   0x000002f4   Code   RO          359    i.simon             simon.o
    0x000014e4   0x000014e4   0x00000088   Code   RO          360    i.simon_iniciar     simon.o
    0x0000156c   0x0000156c   0x0000005c   Code   RO          271    i.svc_GE_suscribir  rt_ge.o
    0x000015c8   0x000015c8   0x00000118   Code   RO          240    i.svc_alarma_activar  svc_alarma.o
    0x000016e0   0x000016e0   0x0000005c   Code   RO          241    i.svc_alarma_iniciar  svc_alarma.o
    0x0000173c   0x0000173c   0x000000ac   Code   RO          242    i.svc_alarma_tratar  svc_alarma.o
    0x000017e8   0x000017e8   0x00000004   Data   RO           66    .constdata          drv_leds.o
    0x000017ec   0x000017ec   0x00000004   Data   RO          182    .constdata          drv_monitor.o
    0x000017f0   0x000017f0   0x00000004   Data   RO          310    .constdata          drv_botones.o
    0x000017f4   0x000017f4   0x00000020   Data   RO         1761    Region$$Table       anon$$obj.o


    Execution Region ER_RW (Exec base: 0x20000000, Load base: 0x00001814, Size: 0x00000080, Max: 0xffffffff, ABSOLUTE)

    Exec Addr    Load Addr    Size         Type   Attr      Idx    E Section Name        Object

    0x20000000   0x00001814   0x00000008   Data   RW            2    .data               main.o
    0x20000008   0x0000181c   0x0000000c   Data   RW          107    .data               drv_tiempo.o
    0x20000014   0x00001828   0x0000000c   Data   RW          244    .data               svc_alarma.o
    0x20000020   0x00001834   0x00000004   Data   RW          273    .data               rt_ge.o
    0x20000024   0x00001838   0x0000000c   Data   RW          311    .data               drv_botones.o
    0x20000030   0x00001844   0x00000004   Data   RW          338    .data               random.o
    0x20000034   0x00001848   0x00000034   Data   RW          362    .data               simon.o
    0x20000068   0x0000187c   0x00000008   Data   RW          494    .data               hal_tiempo_nrf.o
    0x20000070   0x00001884   0x00000004   Data   RW          595    .data               hal_ext_int_nrf.o
    0x20000074   0x00001888   0x00000008   Data   RW          701    .data               hal_concurrencia_nrf.o
    0x2000007c   0x00001890   0x00000004   Data   RW          924    .data               system_nrf52.o


    Execution Region ER_ZI (Exec base: 0x20000080, Load base: 0x00001894, Size: 0x00004660, Max: 0xffffffff, ABSOLUTE)

    Exec Addr    Load Addr    Size         Type   Attr      Idx    E Section Name        Object

    0x20000080        -       0x00000438   Zero   RW          209    .bss                rt_fifo.o
    0x200004b8        -       0x00000050   Zero   RW          243    .bss                svc_alarma.o
    0x20000508        -       0x00000144   Zero   RW          272    .bss                rt_ge.o
    0x2000064c        -       0x00000030   Zero   RW          309    .bss                drv_botones.o
    0x2000067c        -       0x00000020   Zero   RW          361    .bss                simon.o
    0x2000069c        -       0x00000040   Zero   RW          594    .bss                hal_ext_int_nrf.o
    0x200006dc   0x00001894   0x00000004   PAD
    0x200006e0        -       0x00004000   Zero   RW          722    STACK               arm_startup_nrf52840.o


==============================================================================

Image component sizes


      Code (inc. data)   RO Data    RW Data    ZI Data      Debug   Object Name

        36          8        512          0      16384        876   arm_startup_nrf52840.o
       432         46          4         12         48       3143   drv_botones.o
        28          0          0          0          0       1019   drv_consumo.o
        96         14          4          0          0       2315   drv_leds.o
        60         10          4          0          0       1769   drv_monitor.o
       198         36          0         12          0       3581   drv_tiempo.o
        60         10          0          8          0       1286   hal_concurrencia_nrf.o
        20          4          0          0          0        987   hal_consumo_nrf.o
       504         68          0          4         64      35252   hal_ext_int_nrf.o
        76         14          0          0          0      37174   hal_gpio_nrf.o
       406         78          0          8          0      34700   hal_tiempo_nrf.o
        72         18          0          0          0       1041   hal_wdt_nrf.o
       100         16          0          8          0       7251   main.o
        76         16          0          4          0       1304   random.o
       296         16          0          0       1080       3496   rt_fifo.o
       322         40          0          4        324       3567   rt_ge.o
       892         90          0         52         32       3244   simon.o
       544         40          0         12         80       3850   svc_alarma.o
      1140        170          0          4          0      39500   system_nrf52.o

    ----------------------------------------------------------------------
      5362        694        556        128      18016     185355   Object Totals
         0          0         32          0          0          0   (incl. Generated)
         4          0          0          0          4          0   (incl. Padding)

    ----------------------------------------------------------------------

      Code (inc. data)   RO Data    RW Data    ZI Data      Debug   Library Member Name

         0          0          0          0          0          0   entry.o
         0          0          0          0          0          0   entry10a.o
         0          0          0          0          0          0   entry11a.o
         8          4          0          0          0          0   entry2.o
         4          0          0          0          0          0   entry5.o
         0          0          0          0          0          0   entry7b.o
         0          0          0          0          0          0   entry8b.o
         8          4          0          0          0          0   entry9a.o
        30          0          0          0          0          0   handlers.o
        36          8          0          0          0         68   init.o
        30          0          0          0          0         68   llshl.o
        32          0          0          0          0         68   llushr.o
        98          0          0          0          0         92   uldiv.o

    ----------------------------------------------------------------------
       246         16          0          0          0        296   Library Totals
         0          0          0          0          0          0   (incl. Padding)

    ----------------------------------------------------------------------

      Code (inc. data)   RO Data    RW Data    ZI Data      Debug   Library Name

       246         16          0          0          0        296   mc_w.l

    ----------------------------------------------------------------------
       246         16          0          0          0        296   Library Totals

    ----------------------------------------------------------------------

==============================================================================


      Code (inc. data)   RO Data    RW Data    ZI Data      Debug   

      5608        710        556        128      18016     180003   Grand Totals
      5608        710        556        128      18016     180003   ELF Image Totals
      5608        710        556        128          0          0   ROM Totals

==============================================================================

    Total RO  Size (Code + RO Data)                 6164 (   6.02kB)
    Total RW  Size (RW Data + ZI Data)             18144 (  17.72kB)
    Total ROM Size (Code + RO Data + RW Data)       6292 (   6.14kB)

==============================================================================

